[2026-02-10T13:10:18.865+0100][gc] Using G1
[2026-02-10T13:10:18.879+0100][gc,init] Version: 17.0.18+8-Ubuntu-124.04.1 (release)
[2026-02-10T13:10:18.879+0100][gc,init] CPUs: 2 total, 2 available
[2026-02-10T13:10:18.879+0100][gc,init] Memory: 3914M
[2026-02-10T13:10:18.879+0100][gc,init] Large Page Support: Disabled
[2026-02-10T13:10:18.879+0100][gc,init] NUMA Support: Disabled
[2026-02-10T13:10:18.879+0100][gc,init] Compressed Oops: Enabled (32-bit)
[2026-02-10T13:10:18.879+0100][gc,init] Heap Region Size: 1M
[2026-02-10T13:10:18.879+0100][gc,init] Heap Min Capacity: 1G
[2026-02-10T13:10:18.879+0100][gc,init] Heap Initial Capacity: 1G
[2026-02-10T13:10:18.879+0100][gc,init] Heap Max Capacity: 1G
[2026-02-10T13:10:18.879+0100][gc,init] Pre-touch: Disabled
[2026-02-10T13:10:18.879+0100][gc,init] Parallel Workers: 2
[2026-02-10T13:10:18.879+0100][gc,init] Concurrent Workers: 1
[2026-02-10T13:10:18.879+0100][gc,init] Concurrent Refinement Workers: 2
[2026-02-10T13:10:18.879+0100][gc,init] Periodic GC: Disabled
[2026-02-10T13:10:18.888+0100][gc,metaspace] CDS archive(s) mapped at: [0x00007d7f83000000-0x00007d7f83bca000-0x00007d7f83bca000), size 12361728, SharedBaseAddress: 0x00007d7f83000000, ArchiveRelocationMode: 1.
[2026-02-10T13:10:18.888+0100][gc,metaspace] Compressed class space mapped at: 0x00007d7f84000000-0x00007d7fc4000000, reserved size: 1073741824
[2026-02-10T13:10:18.888+0100][gc,metaspace] Narrow klass base: 0x00007d7f83000000, Narrow klass shift: 0, Narrow klass range: 0x100000000
[2026-02-10T13:10:21.721+0100][gc,start    ] GC(0) Pause Young (Normal) (G1 Evacuation Pause)
[2026-02-10T13:10:21.723+0100][gc,task     ] GC(0) Using 2 workers of 2 for evacuation
[2026-02-10T13:10:21.751+0100][gc,mmu      ] GC(0) MMU target violated: 21.0ms (20.0ms/21.0ms)
[2026-02-10T13:10:21.751+0100][gc,phases   ] GC(0)   Pre Evacuate Collection Set: 0.30ms
[2026-02-10T13:10:21.751+0100][gc,phases   ] GC(0)   Merge Heap Roots: 0.58ms
[2026-02-10T13:10:21.751+0100][gc,phases   ] GC(0)   Evacuate Collection Set: 22.66ms
[2026-02-10T13:10:21.751+0100][gc,phases   ] GC(0)   Post Evacuate Collection Set: 2.78ms
[2026-02-10T13:10:21.751+0100][gc,phases   ] GC(0)   Other: 3.06ms
[2026-02-10T13:10:21.751+0100][gc,heap     ] GC(0) Eden regions: 51->0(44)
[2026-02-10T13:10:21.751+0100][gc,heap     ] GC(0) Survivor regions: 0->7(7)
[2026-02-10T13:10:21.751+0100][gc,heap     ] GC(0) Old regions: 0->2
[2026-02-10T13:10:21.751+0100][gc,heap     ] GC(0) Archive regions: 2->2
[2026-02-10T13:10:21.751+0100][gc,heap     ] GC(0) Humongous regions: 0->0
[2026-02-10T13:10:21.751+0100][gc,metaspace] GC(0) Metaspace: 17705K(17856K)->17705K(17856K) NonClass: 15720K(15808K)->15720K(15808K) Class: 1984K(2048K)->1984K(2048K)
[2026-02-10T13:10:21.751+0100][gc          ] GC(0) Pause Young (Normal) (G1 Evacuation Pause) 51M->9M(1024M) 29.442ms
[2026-02-10T13:10:21.751+0100][gc,cpu      ] GC(0) User=0.01s Sys=0.04s Real=0.03s
[2026-02-10T13:10:22.013+0100][gc,start    ] GC(1) Pause Young (Concurrent Start) (Metadata GC Threshold)
[2026-02-10T13:10:22.013+0100][gc,task     ] GC(1) Using 2 workers of 2 for evacuation
[2026-02-10T13:10:22.035+0100][gc,mmu      ] GC(1) MMU target violated: 21.0ms (20.0ms/21.0ms)
[2026-02-10T13:10:22.035+0100][gc,phases   ] GC(1)   Pre Evacuate Collection Set: 0.60ms
[2026-02-10T13:10:22.035+0100][gc,phases   ] GC(1)   Merge Heap Roots: 0.75ms
[2026-02-10T13:10:22.035+0100][gc,phases   ] GC(1)   Evacuate Collection Set: 17.96ms
[2026-02-10T13:10:22.035+0100][gc,phases   ] GC(1)   Post Evacuate Collection Set: 2.25ms
[2026-02-10T13:10:22.035+0100][gc,phases   ] GC(1)   Other: 0.27ms
[2026-02-10T13:10:22.035+0100][gc,heap     ] GC(1) Eden regions: 13->0(50)
[2026-02-10T13:10:22.035+0100][gc,heap     ] GC(1) Survivor regions: 7->1(7)
[2026-02-10T13:10:22.035+0100][gc,heap     ] GC(1) Old regions: 2->9
[2026-02-10T13:10:22.035+0100][gc,heap     ] GC(1) Archive regions: 2->2
[2026-02-10T13:10:22.035+0100][gc,heap     ] GC(1) Humongous regions: 0->0
[2026-02-10T13:10:22.035+0100][gc,metaspace] GC(1) Metaspace: 21359K(21504K)->21359K(21504K) NonClass: 19051K(19136K)->19051K(19136K) Class: 2308K(2368K)->2308K(2368K)
[2026-02-10T13:10:22.035+0100][gc          ] GC(1) Pause Young (Concurrent Start) (Metadata GC Threshold) 21M->10M(1024M) 21.881ms
[2026-02-10T13:10:22.035+0100][gc,cpu      ] GC(1) User=0.01s Sys=0.02s Real=0.02s
[2026-02-10T13:10:22.035+0100][gc          ] GC(2) Concurrent Mark Cycle
[2026-02-10T13:10:22.035+0100][gc,marking  ] GC(2) Concurrent Clear Claimed Marks
[2026-02-10T13:10:22.035+0100][gc,marking  ] GC(2) Concurrent Clear Claimed Marks 0.019ms
[2026-02-10T13:10:22.035+0100][gc,marking  ] GC(2) Concurrent Scan Root Regions
[2026-02-10T13:10:22.041+0100][gc,marking  ] GC(2) Concurrent Scan Root Regions 6.101ms
[2026-02-10T13:10:22.041+0100][gc,marking  ] GC(2) Concurrent Mark
[2026-02-10T13:10:22.041+0100][gc,marking  ] GC(2) Concurrent Mark From Roots
[2026-02-10T13:10:22.041+0100][gc,task     ] GC(2) Using 1 workers of 1 for marking
[2026-02-10T13:10:22.046+0100][gc,marking  ] GC(2) Concurrent Mark From Roots 4.486ms
[2026-02-10T13:10:22.046+0100][gc,marking  ] GC(2) Concurrent Preclean
[2026-02-10T13:10:22.046+0100][gc,marking  ] GC(2) Concurrent Preclean 0.016ms
[2026-02-10T13:10:22.046+0100][gc,start    ] GC(2) Pause Remark
[2026-02-10T13:10:22.050+0100][gc          ] GC(2) Pause Remark 10M->10M(1024M) 3.032ms
[2026-02-10T13:10:22.050+0100][gc,cpu      ] GC(2) User=0.00s Sys=0.00s Real=0.00s
[2026-02-10T13:10:22.050+0100][gc,marking  ] GC(2) Concurrent Mark 8.442ms
[2026-02-10T13:10:22.050+0100][gc,marking  ] GC(2) Concurrent Rebuild Remembered Sets
[2026-02-10T13:10:22.054+0100][gc,marking  ] GC(2) Concurrent Rebuild Remembered Sets 3.672ms
[2026-02-10T13:10:22.054+0100][gc,start    ] GC(2) Pause Cleanup
[2026-02-10T13:10:22.055+0100][gc          ] GC(2) Pause Cleanup 10M->10M(1024M) 1.025ms
[2026-02-10T13:10:22.055+0100][gc,cpu      ] GC(2) User=0.00s Sys=0.00s Real=0.00s
[2026-02-10T13:10:22.056+0100][gc,marking  ] GC(2) Concurrent Cleanup for Next Mark
[2026-02-10T13:10:22.176+0100][gc,marking  ] GC(2) Concurrent Cleanup for Next Mark 120.160ms
[2026-02-10T13:10:22.176+0100][gc          ] GC(2) Concurrent Mark Cycle 140.783ms
[2026-02-10T13:10:24.133+0100][gc,start    ] GC(3) Pause Young (Normal) (G1 Evacuation Pause)
[2026-02-10T13:10:24.133+0100][gc,task     ] GC(3) Using 2 workers of 2 for evacuation
[2026-02-10T13:10:24.143+0100][gc,phases   ] GC(3)   Pre Evacuate Collection Set: 0.61ms
[2026-02-10T13:10:24.143+0100][gc,phases   ] GC(3)   Merge Heap Roots: 0.10ms
[2026-02-10T13:10:24.143+0100][gc,phases   ] GC(3)   Evacuate Collection Set: 7.72ms
[2026-02-10T13:10:24.143+0100][gc,phases   ] GC(3)   Post Evacuate Collection Set: 0.79ms
[2026-02-10T13:10:24.143+0100][gc,phases   ] GC(3)   Other: 0.56ms
[2026-02-10T13:10:24.143+0100][gc,heap     ] GC(3) Eden regions: 50->0(47)
[2026-02-10T13:10:24.143+0100][gc,heap     ] GC(3) Survivor regions: 1->4(7)
[2026-02-10T13:10:24.143+0100][gc,heap     ] GC(3) Old regions: 9->9
[2026-02-10T13:10:24.143+0100][gc,heap     ] GC(3) Archive regions: 2->2
[2026-02-10T13:10:24.143+0100][gc,heap     ] GC(3) Humongous regions: 9->9
[2026-02-10T13:10:24.143+0100][gc,metaspace] GC(3) Metaspace: 31989K(32256K)->31989K(32256K) NonClass: 28349K(28480K)->28349K(28480K) Class: 3639K(3776K)->3639K(3776K)
[2026-02-10T13:10:24.143+0100][gc          ] GC(3) Pause Young (Normal) (G1 Evacuation Pause) 69M->22M(1024M) 9.854ms
[2026-02-10T13:10:24.143+0100][gc,cpu      ] GC(3) User=0.01s Sys=0.01s Real=0.01s
[2026-02-10T13:10:24.772+0100][gc,start    ] GC(4) Pause Young (Concurrent Start) (Metadata GC Threshold)
[2026-02-10T13:10:24.772+0100][gc,task     ] GC(4) Using 2 workers of 2 for evacuation
[2026-02-10T13:10:24.808+0100][gc,mmu      ] GC(4) MMU target violated: 21.0ms (20.0ms/21.0ms)
[2026-02-10T13:10:24.808+0100][gc,phases   ] GC(4)   Pre Evacuate Collection Set: 9.55ms
[2026-02-10T13:10:24.808+0100][gc,phases   ] GC(4)   Merge Heap Roots: 0.13ms
[2026-02-10T13:10:24.808+0100][gc,phases   ] GC(4)   Evacuate Collection Set: 23.37ms
[2026-02-10T13:10:24.808+0100][gc,phases   ] GC(4)   Post Evacuate Collection Set: 3.21ms
[2026-02-10T13:10:24.808+0100][gc,phases   ] GC(4)   Other: 0.49ms
[2026-02-10T13:10:24.808+0100][gc,heap     ] GC(4) Eden regions: 24->0(44)
[2026-02-10T13:10:24.808+0100][gc,heap     ] GC(4) Survivor regions: 4->7(7)
[2026-02-10T13:10:24.808+0100][gc,heap     ] GC(4) Old regions: 9->9
[2026-02-10T13:10:24.808+0100][gc,heap     ] GC(4) Archive regions: 2->2
[2026-02-10T13:10:24.808+0100][gc,heap     ] GC(4) Humongous regions: 9->9
[2026-02-10T13:10:24.808+0100][gc,metaspace] GC(4) Metaspace: 35695K(35968K)->35695K(35968K) NonClass: 31678K(31808K)->31678K(31808K) Class: 4016K(4160K)->4016K(4160K)
[2026-02-10T13:10:24.808+0100][gc          ] GC(4) Pause Young (Concurrent Start) (Metadata GC Threshold) 45M->25M(1024M) 36.828ms
[2026-02-10T13:10:24.809+0100][gc,cpu      ] GC(4) User=0.01s Sys=0.02s Real=0.07s
[2026-02-10T13:10:24.809+0100][gc          ] GC(5) Concurrent Mark Cycle
[2026-02-10T13:10:24.809+0100][gc,marking  ] GC(5) Concurrent Clear Claimed Marks
[2026-02-10T13:10:24.809+0100][gc,marking  ] GC(5) Concurrent Clear Claimed Marks 0.047ms
[2026-02-10T13:10:24.809+0100][gc,marking  ] GC(5) Concurrent Scan Root Regions
[2026-02-10T13:10:24.816+0100][gc,marking  ] GC(5) Concurrent Scan Root Regions 6.847ms
[2026-02-10T13:10:24.816+0100][gc,marking  ] GC(5) Concurrent Mark
[2026-02-10T13:10:24.816+0100][gc,marking  ] GC(5) Concurrent Mark From Roots
[2026-02-10T13:10:24.816+0100][gc,task     ] GC(5) Using 1 workers of 1 for marking
[2026-02-10T13:10:24.823+0100][gc,marking  ] GC(5) Concurrent Mark From Roots 7.734ms
[2026-02-10T13:10:24.823+0100][gc,marking  ] GC(5) Concurrent Preclean
[2026-02-10T13:10:24.823+0100][gc,marking  ] GC(5) Concurrent Preclean 0.053ms
[2026-02-10T13:10:24.826+0100][gc,start    ] GC(5) Pause Remark
[2026-02-10T13:10:24.829+0100][gc          ] GC(5) Pause Remark 26M->26M(1024M) 3.220ms
[2026-02-10T13:10:24.829+0100][gc,cpu      ] GC(5) User=0.00s Sys=0.00s Real=0.01s
[2026-02-10T13:10:24.829+0100][gc,marking  ] GC(5) Concurrent Mark 13.358ms
[2026-02-10T13:10:24.829+0100][gc,marking  ] GC(5) Concurrent Rebuild Remembered Sets
[2026-02-10T13:10:24.829+0100][gc,marking  ] GC(5) Concurrent Rebuild Remembered Sets 0.003ms
[2026-02-10T13:10:24.830+0100][gc,start    ] GC(5) Pause Cleanup
[2026-02-10T13:10:24.830+0100][gc          ] GC(5) Pause Cleanup 26M->26M(1024M) 0.013ms
[2026-02-10T13:10:24.830+0100][gc,cpu      ] GC(5) User=0.00s Sys=0.00s Real=0.00s
[2026-02-10T13:10:24.830+0100][gc,marking  ] GC(5) Concurrent Cleanup for Next Mark
[2026-02-10T13:10:25.049+0100][gc,marking  ] GC(5) Concurrent Cleanup for Next Mark 219.383ms
[2026-02-10T13:10:25.049+0100][gc          ] GC(5) Concurrent Mark Cycle 240.584ms
[2026-02-10T13:11:02.515+0100][gc,start    ] GC(6) Pause Young (Normal) (G1 Evacuation Pause)
[2026-02-10T13:11:02.515+0100][gc,task     ] GC(6) Using 2 workers of 2 for evacuation
[2026-02-10T13:11:02.537+0100][gc,mmu      ] GC(6) MMU target violated: 21.0ms (20.0ms/21.0ms)
[2026-02-10T13:11:02.537+0100][gc,phases   ] GC(6)   Pre Evacuate Collection Set: 1.06ms
[2026-02-10T13:11:02.537+0100][gc,phases   ] GC(6)   Merge Heap Roots: 0.65ms
[2026-02-10T13:11:02.537+0100][gc,phases   ] GC(6)   Evacuate Collection Set: 14.22ms
[2026-02-10T13:11:02.537+0100][gc,phases   ] GC(6)   Post Evacuate Collection Set: 5.48ms
[2026-02-10T13:11:02.537+0100][gc,phases   ] GC(6)   Other: 0.45ms
[2026-02-10T13:11:02.537+0100][gc,heap     ] GC(6) Eden regions: 44->0(44)
[2026-02-10T13:11:02.537+0100][gc,heap     ] GC(6) Survivor regions: 7->7(7)
[2026-02-10T13:11:02.537+0100][gc,heap     ] GC(6) Old regions: 9->12
[2026-02-10T13:11:02.537+0100][gc,heap     ] GC(6) Archive regions: 2->2
[2026-02-10T13:11:02.537+0100][gc,heap     ] GC(6) Humongous regions: 147->147
[2026-02-10T13:11:02.537+0100][gc,metaspace] GC(6) Metaspace: 41323K(41856K)->41323K(41856K) NonClass: 36495K(36800K)->36495K(36800K) Class: 4828K(5056K)->4828K(5056K)
[2026-02-10T13:11:02.537+0100][gc          ] GC(6) Pause Young (Normal) (G1 Evacuation Pause) 207M->166M(1024M) 21.883ms
[2026-02-10T13:11:02.537+0100][gc,cpu      ] GC(6) User=0.02s Sys=0.03s Real=0.03s
[2026-02-10T13:15:35.333+0100][gc,start    ] GC(7) Pause Young (Normal) (G1 Evacuation Pause)
[2026-02-10T13:15:35.333+0100][gc,task     ] GC(7) Using 2 workers of 2 for evacuation
[2026-02-10T13:15:35.428+0100][gc,mmu      ] GC(7) MMU target violated: 21.0ms (20.0ms/21.0ms)
[2026-02-10T13:15:35.428+0100][gc,phases   ] GC(7)   Pre Evacuate Collection Set: 4.53ms
[2026-02-10T13:15:35.428+0100][gc,phases   ] GC(7)   Merge Heap Roots: 0.37ms
[2026-02-10T13:15:35.428+0100][gc,phases   ] GC(7)   Evacuate Collection Set: 87.71ms
[2026-02-10T13:15:35.428+0100][gc,phases   ] GC(7)   Post Evacuate Collection Set: 2.38ms
[2026-02-10T13:15:35.428+0100][gc,phases   ] GC(7)   Other: 0.34ms
[2026-02-10T13:15:35.428+0100][gc,heap     ] GC(7) Eden regions: 44->0(46)
[2026-02-10T13:15:35.428+0100][gc,heap     ] GC(7) Survivor regions: 7->5(7)
[2026-02-10T13:15:35.428+0100][gc,heap     ] GC(7) Old regions: 12->16
[2026-02-10T13:15:35.428+0100][gc,heap     ] GC(7) Archive regions: 2->2
[2026-02-10T13:15:35.428+0100][gc,heap     ] GC(7) Humongous regions: 147->147
[2026-02-10T13:15:35.428+0100][gc,metaspace] GC(7) Metaspace: 43809K(44352K)->43809K(44352K) NonClass: 38841K(39168K)->38841K(39168K) Class: 4968K(5184K)->4968K(5184K)
[2026-02-10T13:15:35.428+0100][gc          ] GC(7) Pause Young (Normal) (G1 Evacuation Pause) 210M->168M(1024M) 95.351ms
[2026-02-10T13:15:35.429+0100][gc,cpu      ] GC(7) User=0.03s Sys=0.03s Real=0.10s
[2026-02-10T13:18:49.966+0100][gc,start    ] GC(8) Pause Young (Normal) (G1 Evacuation Pause)
[2026-02-10T13:18:49.966+0100][gc,task     ] GC(8) Using 2 workers of 2 for evacuation
[2026-02-10T13:18:49.986+0100][gc,mmu      ] GC(8) MMU target violated: 20.2ms (20.0ms/21.0ms)
[2026-02-10T13:18:49.987+0100][gc,phases   ] GC(8)   Pre Evacuate Collection Set: 1.20ms
[2026-02-10T13:18:49.987+0100][gc,phases   ] GC(8)   Merge Heap Roots: 0.39ms
[2026-02-10T13:18:49.987+0100][gc,phases   ] GC(8)   Evacuate Collection Set: 14.28ms
[2026-02-10T13:18:49.987+0100][gc,phases   ] GC(8)   Post Evacuate Collection Set: 4.39ms
[2026-02-10T13:18:49.987+0100][gc,phases   ] GC(8)   Other: 0.24ms
[2026-02-10T13:18:49.987+0100][gc,heap     ] GC(8) Eden regions: 46->0(48)
[2026-02-10T13:18:49.987+0100][gc,heap     ] GC(8) Survivor regions: 5->3(7)
[2026-02-10T13:18:49.987+0100][gc,heap     ] GC(8) Old regions: 16->19
[2026-02-10T13:18:49.987+0100][gc,heap     ] GC(8) Archive regions: 2->2
[2026-02-10T13:18:49.987+0100][gc,heap     ] GC(8) Humongous regions: 147->147
[2026-02-10T13:18:49.987+0100][gc,metaspace] GC(8) Metaspace: 44291K(44800K)->44291K(44800K) NonClass: 39316K(39616K)->39316K(39616K) Class: 4974K(5184K)->4974K(5184K)
[2026-02-10T13:18:49.987+0100][gc          ] GC(8) Pause Young (Normal) (G1 Evacuation Pause) 214M->169M(1024M) 20.526ms
[2026-02-10T13:18:49.987+0100][gc,cpu      ] GC(8) User=0.01s Sys=0.01s Real=0.02s
[2026-02-10T13:24:11.453+0100][gc,start    ] GC(9) Pause Young (Normal) (G1 Evacuation Pause)
[2026-02-10T13:24:11.453+0100][gc,task     ] GC(9) Using 2 workers of 2 for evacuation
[2026-02-10T13:24:11.486+0100][gc,mmu      ] GC(9) MMU target violated: 21.0ms (20.0ms/21.0ms)
[2026-02-10T13:24:11.486+0100][gc,phases   ] GC(9)   Pre Evacuate Collection Set: 2.49ms
[2026-02-10T13:24:11.486+0100][gc,phases   ] GC(9)   Merge Heap Roots: 0.57ms
[2026-02-10T13:24:11.486+0100][gc,phases   ] GC(9)   Evacuate Collection Set: 25.39ms
[2026-02-10T13:24:11.486+0100][gc,phases   ] GC(9)   Post Evacuate Collection Set: 4.17ms
[2026-02-10T13:24:11.486+0100][gc,phases   ] GC(9)   Other: 0.56ms
[2026-02-10T13:24:11.486+0100][gc,heap     ] GC(9) Eden regions: 48->0(47)
[2026-02-10T13:24:11.486+0100][gc,heap     ] GC(9) Survivor regions: 3->4(7)
[2026-02-10T13:24:11.486+0100][gc,heap     ] GC(9) Old regions: 19->19
[2026-02-10T13:24:11.486+0100][gc,heap     ] GC(9) Archive regions: 2->2
[2026-02-10T13:24:11.486+0100][gc,heap     ] GC(9) Humongous regions: 147->147
[2026-02-10T13:24:11.486+0100][gc,metaspace] GC(9) Metaspace: 44525K(45056K)->44525K(45056K) NonClass: 39525K(39808K)->39525K(39808K) Class: 5000K(5248K)->5000K(5248K)
[2026-02-10T13:24:11.486+0100][gc          ] GC(9) Pause Young (Normal) (G1 Evacuation Pause) 217M->170M(1024M) 33.221ms
[2026-02-10T13:24:11.486+0100][gc,cpu      ] GC(9) User=0.04s Sys=0.02s Real=0.04s
[2026-02-10T13:28:32.047+0100][gc,start    ] GC(10) Pause Young (Normal) (G1 Evacuation Pause)
[2026-02-10T13:28:32.047+0100][gc,task     ] GC(10) Using 2 workers of 2 for evacuation
[2026-02-10T13:28:32.149+0100][gc,mmu      ] GC(10) MMU target violated: 21.0ms (20.0ms/21.0ms)
[2026-02-10T13:28:32.149+0100][gc,phases   ] GC(10)   Pre Evacuate Collection Set: 5.06ms
[2026-02-10T13:28:32.149+0100][gc,phases   ] GC(10)   Merge Heap Roots: 0.50ms
[2026-02-10T13:28:32.149+0100][gc,phases   ] GC(10)   Evacuate Collection Set: 88.56ms
[2026-02-10T13:28:32.149+0100][gc,phases   ] GC(10)   Post Evacuate Collection Set: 7.69ms
[2026-02-10T13:28:32.149+0100][gc,phases   ] GC(10)   Other: 0.24ms
[2026-02-10T13:28:32.149+0100][gc,heap     ] GC(10) Eden regions: 47->0(46)
[2026-02-10T13:28:32.149+0100][gc,heap     ] GC(10) Survivor regions: 4->5(7)
[2026-02-10T13:28:32.149+0100][gc,heap     ] GC(10) Old regions: 19->19
[2026-02-10T13:28:32.149+0100][gc,heap     ] GC(10) Archive regions: 2->2
[2026-02-10T13:28:32.149+0100][gc,heap     ] GC(10) Humongous regions: 147->147
[2026-02-10T13:28:32.149+0100][gc,metaspace] GC(10) Metaspace: 45596K(46144K)->45596K(46144K) NonClass: 40404K(40704K)->40404K(40704K) Class: 5192K(5440K)->5192K(5440K)
[2026-02-10T13:28:32.149+0100][gc          ] GC(10) Pause Young (Normal) (G1 Evacuation Pause) 217M->171M(1024M) 102.112ms
[2026-02-10T13:28:32.149+0100][gc,cpu      ] GC(10) User=0.00s Sys=0.01s Real=0.11s
[2026-02-10T13:28:32.976+0100][gc,heap,exit] Heap
[2026-02-10T13:28:32.977+0100][gc,heap,exit]  garbage-first heap   total 1048576K, used 191994K [0x00000000c0000000, 0x0000000100000000)
[2026-02-10T13:28:32.977+0100][gc,heap,exit]   region size 1024K, 13 young (13312K), 5 survivors (5120K)
[2026-02-10T13:28:32.977+0100][gc,heap,exit]  Metaspace       used 45809K, committed 46400K, reserved 1114112K
[2026-02-10T13:28:32.977+0100][gc,heap,exit]   class space    used 5249K, committed 5504K, reserved 1048576K
