[2026-02-10T17:45:43.367+0100][gc] Using G1
[2026-02-10T17:45:43.377+0100][gc,init] Version: 17.0.18+8-Ubuntu-124.04.1 (release)
[2026-02-10T17:45:43.377+0100][gc,init] CPUs: 2 total, 2 available
[2026-02-10T17:45:43.377+0100][gc,init] Memory: 3914M
[2026-02-10T17:45:43.377+0100][gc,init] Large Page Support: Disabled
[2026-02-10T17:45:43.377+0100][gc,init] NUMA Support: Disabled
[2026-02-10T17:45:43.377+0100][gc,init] Compressed Oops: Enabled (32-bit)
[2026-02-10T17:45:43.377+0100][gc,init] Heap Region Size: 1M
[2026-02-10T17:45:43.377+0100][gc,init] Heap Min Capacity: 1G
[2026-02-10T17:45:43.377+0100][gc,init] Heap Initial Capacity: 1G
[2026-02-10T17:45:43.377+0100][gc,init] Heap Max Capacity: 1G
[2026-02-10T17:45:43.377+0100][gc,init] Pre-touch: Disabled
[2026-02-10T17:45:43.377+0100][gc,init] Parallel Workers: 2
[2026-02-10T17:45:43.377+0100][gc,init] Concurrent Workers: 1
[2026-02-10T17:45:43.377+0100][gc,init] Concurrent Refinement Workers: 2
[2026-02-10T17:45:43.377+0100][gc,init] Periodic GC: Disabled
[2026-02-10T17:45:43.383+0100][gc,metaspace] CDS archive(s) mapped at: [0x0000729ddf000000-0x0000729ddfbca000-0x0000729ddfbca000), size 12361728, SharedBaseAddress: 0x0000729ddf000000, ArchiveRelocationMode: 1.
[2026-02-10T17:45:43.383+0100][gc,metaspace] Compressed class space mapped at: 0x0000729de0000000-0x0000729e20000000, reserved size: 1073741824
[2026-02-10T17:45:43.383+0100][gc,metaspace] Narrow klass base: 0x0000729ddf000000, Narrow klass shift: 0, Narrow klass range: 0x100000000
[2026-02-10T17:45:45.091+0100][gc,start    ] GC(0) Pause Young (Normal) (G1 Evacuation Pause)
[2026-02-10T17:45:45.091+0100][gc,task     ] GC(0) Using 2 workers of 2 for evacuation
[2026-02-10T17:45:45.106+0100][gc,phases   ] GC(0)   Pre Evacuate Collection Set: 0.75ms
[2026-02-10T17:45:45.106+0100][gc,phases   ] GC(0)   Merge Heap Roots: 1.01ms
[2026-02-10T17:45:45.106+0100][gc,phases   ] GC(0)   Evacuate Collection Set: 9.93ms
[2026-02-10T17:45:45.106+0100][gc,phases   ] GC(0)   Post Evacuate Collection Set: 2.18ms
[2026-02-10T17:45:45.106+0100][gc,phases   ] GC(0)   Other: 1.02ms
[2026-02-10T17:45:45.106+0100][gc,heap     ] GC(0) Eden regions: 51->0(44)
[2026-02-10T17:45:45.106+0100][gc,heap     ] GC(0) Survivor regions: 0->7(7)
[2026-02-10T17:45:45.106+0100][gc,heap     ] GC(0) Old regions: 0->2
[2026-02-10T17:45:45.106+0100][gc,heap     ] GC(0) Archive regions: 2->2
[2026-02-10T17:45:45.106+0100][gc,heap     ] GC(0) Humongous regions: 0->0
[2026-02-10T17:45:45.106+0100][gc,metaspace] GC(0) Metaspace: 17656K(17856K)->17656K(17856K) NonClass: 15672K(15808K)->15672K(15808K) Class: 1984K(2048K)->1984K(2048K)
[2026-02-10T17:45:45.106+0100][gc          ] GC(0) Pause Young (Normal) (G1 Evacuation Pause) 51M->9M(1024M) 14.988ms
[2026-02-10T17:45:45.106+0100][gc,cpu      ] GC(0) User=0.01s Sys=0.02s Real=0.01s
[2026-02-10T17:45:45.289+0100][gc,start    ] GC(1) Pause Young (Concurrent Start) (Metadata GC Threshold)
[2026-02-10T17:45:45.289+0100][gc,task     ] GC(1) Using 2 workers of 2 for evacuation
[2026-02-10T17:45:45.300+0100][gc,phases   ] GC(1)   Pre Evacuate Collection Set: 0.16ms
[2026-02-10T17:45:45.300+0100][gc,phases   ] GC(1)   Merge Heap Roots: 0.05ms
[2026-02-10T17:45:45.300+0100][gc,phases   ] GC(1)   Evacuate Collection Set: 9.39ms
[2026-02-10T17:45:45.300+0100][gc,phases   ] GC(1)   Post Evacuate Collection Set: 0.43ms
[2026-02-10T17:45:45.300+0100][gc,phases   ] GC(1)   Other: 0.23ms
[2026-02-10T17:45:45.300+0100][gc,heap     ] GC(1) Eden regions: 13->0(50)
[2026-02-10T17:45:45.300+0100][gc,heap     ] GC(1) Survivor regions: 7->1(7)
[2026-02-10T17:45:45.300+0100][gc,heap     ] GC(1) Old regions: 2->9
[2026-02-10T17:45:45.300+0100][gc,heap     ] GC(1) Archive regions: 2->2
[2026-02-10T17:45:45.300+0100][gc,heap     ] GC(1) Humongous regions: 0->0
[2026-02-10T17:45:45.300+0100][gc,metaspace] GC(1) Metaspace: 21326K(21504K)->21326K(21504K) NonClass: 19010K(19072K)->19010K(19072K) Class: 2315K(2432K)->2315K(2432K)
[2026-02-10T17:45:45.300+0100][gc          ] GC(1) Pause Young (Concurrent Start) (Metadata GC Threshold) 22M->10M(1024M) 10.344ms
[2026-02-10T17:45:45.300+0100][gc,cpu      ] GC(1) User=0.01s Sys=0.01s Real=0.01s
[2026-02-10T17:45:45.300+0100][gc          ] GC(2) Concurrent Mark Cycle
[2026-02-10T17:45:45.300+0100][gc,marking  ] GC(2) Concurrent Clear Claimed Marks
[2026-02-10T17:45:45.300+0100][gc,marking  ] GC(2) Concurrent Clear Claimed Marks 0.028ms
[2026-02-10T17:45:45.300+0100][gc,marking  ] GC(2) Concurrent Scan Root Regions
[2026-02-10T17:45:45.304+0100][gc,marking  ] GC(2) Concurrent Scan Root Regions 4.305ms
[2026-02-10T17:45:45.305+0100][gc,marking  ] GC(2) Concurrent Mark
[2026-02-10T17:45:45.305+0100][gc,marking  ] GC(2) Concurrent Mark From Roots
[2026-02-10T17:45:45.305+0100][gc,task     ] GC(2) Using 1 workers of 1 for marking
[2026-02-10T17:45:45.313+0100][gc,marking  ] GC(2) Concurrent Mark From Roots 8.174ms
[2026-02-10T17:45:45.313+0100][gc,marking  ] GC(2) Concurrent Preclean
[2026-02-10T17:45:45.313+0100][gc,marking  ] GC(2) Concurrent Preclean 0.054ms
[2026-02-10T17:45:45.314+0100][gc,start    ] GC(2) Pause Remark
[2026-02-10T17:45:45.317+0100][gc          ] GC(2) Pause Remark 10M->10M(1024M) 2.661ms
[2026-02-10T17:45:45.317+0100][gc,cpu      ] GC(2) User=0.00s Sys=0.00s Real=0.00s
[2026-02-10T17:45:45.318+0100][gc,marking  ] GC(2) Concurrent Mark 13.101ms
[2026-02-10T17:45:45.318+0100][gc,marking  ] GC(2) Concurrent Rebuild Remembered Sets
[2026-02-10T17:45:45.329+0100][gc,marking  ] GC(2) Concurrent Rebuild Remembered Sets 10.838ms
[2026-02-10T17:45:45.330+0100][gc,start    ] GC(2) Pause Cleanup
[2026-02-10T17:45:45.330+0100][gc          ] GC(2) Pause Cleanup 11M->11M(1024M) 0.200ms
[2026-02-10T17:45:45.330+0100][gc,cpu      ] GC(2) User=0.00s Sys=0.00s Real=0.00s
[2026-02-10T17:45:45.333+0100][gc,marking  ] GC(2) Concurrent Cleanup for Next Mark
[2026-02-10T17:45:45.343+0100][gc,marking  ] GC(2) Concurrent Cleanup for Next Mark 9.440ms
[2026-02-10T17:45:45.343+0100][gc          ] GC(2) Concurrent Mark Cycle 42.762ms
[2026-02-10T17:45:46.683+0100][gc,start    ] GC(3) Pause Young (Normal) (G1 Evacuation Pause)
[2026-02-10T17:45:46.683+0100][gc,task     ] GC(3) Using 2 workers of 2 for evacuation
[2026-02-10T17:45:46.698+0100][gc,phases   ] GC(3)   Pre Evacuate Collection Set: 0.39ms
[2026-02-10T17:45:46.698+0100][gc,phases   ] GC(3)   Merge Heap Roots: 0.84ms
[2026-02-10T17:45:46.698+0100][gc,phases   ] GC(3)   Evacuate Collection Set: 13.11ms
[2026-02-10T17:45:46.698+0100][gc,phases   ] GC(3)   Post Evacuate Collection Set: 1.01ms
[2026-02-10T17:45:46.698+0100][gc,phases   ] GC(3)   Other: 0.14ms
[2026-02-10T17:45:46.698+0100][gc,heap     ] GC(3) Eden regions: 50->0(47)
[2026-02-10T17:45:46.698+0100][gc,heap     ] GC(3) Survivor regions: 1->4(7)
[2026-02-10T17:45:46.698+0100][gc,heap     ] GC(3) Old regions: 9->9
[2026-02-10T17:45:46.698+0100][gc,heap     ] GC(3) Archive regions: 2->2
[2026-02-10T17:45:46.698+0100][gc,heap     ] GC(3) Humongous regions: 9->9
[2026-02-10T17:45:46.698+0100][gc,metaspace] GC(3) Metaspace: 31643K(31936K)->31643K(31936K) NonClass: 28070K(28224K)->28070K(28224K) Class: 3573K(3712K)->3573K(3712K)
[2026-02-10T17:45:46.698+0100][gc          ] GC(3) Pause Young (Normal) (G1 Evacuation Pause) 69M->22M(1024M) 15.603ms
[2026-02-10T17:45:46.698+0100][gc,cpu      ] GC(3) User=0.01s Sys=0.01s Real=0.02s
[2026-02-10T17:45:47.386+0100][gc,start    ] GC(4) Pause Young (Concurrent Start) (Metadata GC Threshold)
[2026-02-10T17:45:47.386+0100][gc,task     ] GC(4) Using 2 workers of 2 for evacuation
[2026-02-10T17:45:47.398+0100][gc,phases   ] GC(4)   Pre Evacuate Collection Set: 0.21ms
[2026-02-10T17:45:47.398+0100][gc,phases   ] GC(4)   Merge Heap Roots: 0.11ms
[2026-02-10T17:45:47.398+0100][gc,phases   ] GC(4)   Evacuate Collection Set: 9.96ms
[2026-02-10T17:45:47.398+0100][gc,phases   ] GC(4)   Post Evacuate Collection Set: 1.93ms
[2026-02-10T17:45:47.398+0100][gc,phases   ] GC(4)   Other: 0.24ms
[2026-02-10T17:45:47.398+0100][gc,heap     ] GC(4) Eden regions: 28->0(44)
[2026-02-10T17:45:47.398+0100][gc,heap     ] GC(4) Survivor regions: 4->7(7)
[2026-02-10T17:45:47.398+0100][gc,heap     ] GC(4) Old regions: 9->9
[2026-02-10T17:45:47.398+0100][gc,heap     ] GC(4) Archive regions: 2->2
[2026-02-10T17:45:47.398+0100][gc,heap     ] GC(4) Humongous regions: 18->18
[2026-02-10T17:45:47.398+0100][gc,metaspace] GC(4) Metaspace: 35702K(36032K)->35702K(36032K) NonClass: 31688K(31872K)->31688K(31872K) Class: 4014K(4160K)->4014K(4160K)
[2026-02-10T17:45:47.398+0100][gc          ] GC(4) Pause Young (Concurrent Start) (Metadata GC Threshold) 59M->34M(1024M) 12.556ms
[2026-02-10T17:45:47.398+0100][gc,cpu      ] GC(4) User=0.02s Sys=0.00s Real=0.01s
[2026-02-10T17:45:47.399+0100][gc          ] GC(5) Concurrent Mark Cycle
[2026-02-10T17:45:47.400+0100][gc,marking  ] GC(5) Concurrent Clear Claimed Marks
[2026-02-10T17:45:47.400+0100][gc,marking  ] GC(5) Concurrent Clear Claimed Marks 0.108ms
[2026-02-10T17:45:47.400+0100][gc,marking  ] GC(5) Concurrent Scan Root Regions
[2026-02-10T17:45:47.422+0100][gc,marking  ] GC(5) Concurrent Scan Root Regions 21.781ms
[2026-02-10T17:45:47.422+0100][gc,marking  ] GC(5) Concurrent Mark
[2026-02-10T17:45:47.422+0100][gc,marking  ] GC(5) Concurrent Mark From Roots
[2026-02-10T17:45:47.422+0100][gc,task     ] GC(5) Using 1 workers of 1 for marking
[2026-02-10T17:45:47.438+0100][gc,marking  ] GC(5) Concurrent Mark From Roots 15.422ms
[2026-02-10T17:45:47.438+0100][gc,marking  ] GC(5) Concurrent Preclean
[2026-02-10T17:45:47.438+0100][gc,marking  ] GC(5) Concurrent Preclean 0.090ms
[2026-02-10T17:45:47.439+0100][gc,start    ] GC(5) Pause Remark
[2026-02-10T17:45:47.447+0100][gc          ] GC(5) Pause Remark 35M->35M(1024M) 7.638ms
[2026-02-10T17:45:47.447+0100][gc,cpu      ] GC(5) User=0.00s Sys=0.00s Real=0.00s
[2026-02-10T17:45:47.451+0100][gc,marking  ] GC(5) Concurrent Mark 28.966ms
[2026-02-10T17:45:47.451+0100][gc,marking  ] GC(5) Concurrent Rebuild Remembered Sets
[2026-02-10T17:45:47.460+0100][gc,marking  ] GC(5) Concurrent Rebuild Remembered Sets 8.216ms
[2026-02-10T17:45:47.462+0100][gc,start    ] GC(5) Pause Cleanup
[2026-02-10T17:45:47.462+0100][gc          ] GC(5) Pause Cleanup 36M->36M(1024M) 0.565ms
[2026-02-10T17:45:47.462+0100][gc,cpu      ] GC(5) User=0.00s Sys=0.00s Real=0.00s
[2026-02-10T17:45:47.464+0100][gc,marking  ] GC(5) Concurrent Cleanup for Next Mark
[2026-02-10T17:45:47.477+0100][gc,marking  ] GC(5) Concurrent Cleanup for Next Mark 12.843ms
[2026-02-10T17:45:47.477+0100][gc          ] GC(5) Concurrent Mark Cycle 78.401ms
[2026-02-10T17:46:17.587+0100][gc,start    ] GC(6) Pause Young (Prepare Mixed) (G1 Evacuation Pause)
[2026-02-10T17:46:17.587+0100][gc,task     ] GC(6) Using 2 workers of 2 for evacuation
[2026-02-10T17:46:17.620+0100][gc,mmu      ] GC(6) MMU target violated: 21.0ms (20.0ms/21.0ms)
[2026-02-10T17:46:17.620+0100][gc,phases   ] GC(6)   Pre Evacuate Collection Set: 1.46ms
[2026-02-10T17:46:17.620+0100][gc,phases   ] GC(6)   Merge Heap Roots: 0.08ms
[2026-02-10T17:46:17.620+0100][gc,phases   ] GC(6)   Evacuate Collection Set: 28.27ms
[2026-02-10T17:46:17.620+0100][gc,phases   ] GC(6)   Post Evacuate Collection Set: 2.81ms
[2026-02-10T17:46:17.620+0100][gc,phases   ] GC(6)   Other: 0.53ms
[2026-02-10T17:46:17.620+0100][gc,heap     ] GC(6) Eden regions: 44->0(47)
[2026-02-10T17:46:17.620+0100][gc,heap     ] GC(6) Survivor regions: 7->4(7)
[2026-02-10T17:46:17.620+0100][gc,heap     ] GC(6) Old regions: 9->16
[2026-02-10T17:46:17.620+0100][gc,heap     ] GC(6) Archive regions: 2->2
[2026-02-10T17:46:17.620+0100][gc,heap     ] GC(6) Humongous regions: 147->147
[2026-02-10T17:46:17.620+0100][gc,metaspace] GC(6) Metaspace: 41380K(41920K)->41380K(41920K) NonClass: 36561K(36864K)->36561K(36864K) Class: 4818K(5056K)->4818K(5056K)
[2026-02-10T17:46:17.620+0100][gc          ] GC(6) Pause Young (Prepare Mixed) (G1 Evacuation Pause) 207M->166M(1024M) 33.172ms
[2026-02-10T17:46:17.620+0100][gc,cpu      ] GC(6) User=0.03s Sys=0.04s Real=0.04s
[2026-02-10T17:50:02.780+0100][gc,start    ] GC(7) Pause Young (Mixed) (G1 Evacuation Pause)
[2026-02-10T17:50:02.781+0100][gc,task     ] GC(7) Using 2 workers of 2 for evacuation
[2026-02-10T17:50:02.881+0100][gc,mmu      ] GC(7) MMU target violated: 21.0ms (20.0ms/21.0ms)
[2026-02-10T17:50:02.881+0100][gc,phases   ] GC(7)   Pre Evacuate Collection Set: 7.94ms
[2026-02-10T17:50:02.881+0100][gc,phases   ] GC(7)   Merge Heap Roots: 5.60ms
[2026-02-10T17:50:02.881+0100][gc,phases   ] GC(7)   Evacuate Collection Set: 82.50ms
[2026-02-10T17:50:02.881+0100][gc,phases   ] GC(7)   Post Evacuate Collection Set: 2.93ms
[2026-02-10T17:50:02.881+0100][gc,phases   ] GC(7)   Other: 1.82ms
[2026-02-10T17:50:02.881+0100][gc,heap     ] GC(7) Eden regions: 47->0(45)
[2026-02-10T17:50:02.881+0100][gc,heap     ] GC(7) Survivor regions: 4->6(7)
[2026-02-10T17:50:02.881+0100][gc,heap     ] GC(7) Old regions: 16->16
[2026-02-10T17:50:02.881+0100][gc,heap     ] GC(7) Archive regions: 2->2
[2026-02-10T17:50:02.881+0100][gc,heap     ] GC(7) Humongous regions: 147->147
[2026-02-10T17:50:02.881+0100][gc,metaspace] GC(7) Metaspace: 43964K(44480K)->43964K(44480K) NonClass: 38986K(39296K)->38986K(39296K) Class: 4978K(5184K)->4978K(5184K)
[2026-02-10T17:50:02.881+0100][gc          ] GC(7) Pause Young (Mixed) (G1 Evacuation Pause) 213M->168M(1024M) 100.829ms
[2026-02-10T17:50:02.881+0100][gc,cpu      ] GC(7) User=0.06s Sys=0.05s Real=0.10s
[2026-02-10T17:51:55.897+0100][gc,heap,exit] Heap
[2026-02-10T17:51:55.897+0100][gc,heap,exit]  garbage-first heap   total 1048576K, used 209105K [0x00000000c0000000, 0x0000000100000000)
[2026-02-10T17:51:55.897+0100][gc,heap,exit]   region size 1024K, 42 young (43008K), 6 survivors (6144K)
[2026-02-10T17:51:55.897+0100][gc,heap,exit]  Metaspace       used 45283K, committed 45824K, reserved 1114112K
[2026-02-10T17:51:55.897+0100][gc,heap,exit]   class space    used 5242K, committed 5440K, reserved 1048576K
