[2026-02-10T17:52:06.722+0100][gc] Using G1
[2026-02-10T17:52:06.735+0100][gc,init] Version: 17.0.18+8-Ubuntu-124.04.1 (release)
[2026-02-10T17:52:06.735+0100][gc,init] CPUs: 2 total, 2 available
[2026-02-10T17:52:06.735+0100][gc,init] Memory: 3914M
[2026-02-10T17:52:06.735+0100][gc,init] Large Page Support: Disabled
[2026-02-10T17:52:06.735+0100][gc,init] NUMA Support: Disabled
[2026-02-10T17:52:06.735+0100][gc,init] Compressed Oops: Enabled (32-bit)
[2026-02-10T17:52:06.735+0100][gc,init] Heap Region Size: 1M
[2026-02-10T17:52:06.735+0100][gc,init] Heap Min Capacity: 1G
[2026-02-10T17:52:06.735+0100][gc,init] Heap Initial Capacity: 1G
[2026-02-10T17:52:06.735+0100][gc,init] Heap Max Capacity: 1G
[2026-02-10T17:52:06.735+0100][gc,init] Pre-touch: Disabled
[2026-02-10T17:52:06.735+0100][gc,init] Parallel Workers: 2
[2026-02-10T17:52:06.735+0100][gc,init] Concurrent Workers: 1
[2026-02-10T17:52:06.735+0100][gc,init] Concurrent Refinement Workers: 2
[2026-02-10T17:52:06.735+0100][gc,init] Periodic GC: Disabled
[2026-02-10T17:52:06.743+0100][gc,metaspace] CDS archive(s) mapped at: [0x000072aac3000000-0x000072aac3bca000-0x000072aac3bca000), size 12361728, SharedBaseAddress: 0x000072aac3000000, ArchiveRelocationMode: 1.
[2026-02-10T17:52:06.743+0100][gc,metaspace] Compressed class space mapped at: 0x000072aac4000000-0x000072ab04000000, reserved size: 1073741824
[2026-02-10T17:52:06.743+0100][gc,metaspace] Narrow klass base: 0x000072aac3000000, Narrow klass shift: 0, Narrow klass range: 0x100000000
[2026-02-10T17:52:08.543+0100][gc,start    ] GC(0) Pause Young (Normal) (G1 Evacuation Pause)
[2026-02-10T17:52:08.543+0100][gc,task     ] GC(0) Using 2 workers of 2 for evacuation
[2026-02-10T17:52:08.565+0100][gc,mmu      ] GC(0) MMU target violated: 21.0ms (20.0ms/21.0ms)
[2026-02-10T17:52:08.565+0100][gc,phases   ] GC(0)   Pre Evacuate Collection Set: 0.26ms
[2026-02-10T17:52:08.565+0100][gc,phases   ] GC(0)   Merge Heap Roots: 0.31ms
[2026-02-10T17:52:08.565+0100][gc,phases   ] GC(0)   Evacuate Collection Set: 19.40ms
[2026-02-10T17:52:08.565+0100][gc,phases   ] GC(0)   Post Evacuate Collection Set: 1.26ms
[2026-02-10T17:52:08.565+0100][gc,phases   ] GC(0)   Other: 0.44ms
[2026-02-10T17:52:08.565+0100][gc,heap     ] GC(0) Eden regions: 51->0(44)
[2026-02-10T17:52:08.565+0100][gc,heap     ] GC(0) Survivor regions: 0->7(7)
[2026-02-10T17:52:08.565+0100][gc,heap     ] GC(0) Old regions: 0->2
[2026-02-10T17:52:08.565+0100][gc,heap     ] GC(0) Archive regions: 2->2
[2026-02-10T17:52:08.565+0100][gc,heap     ] GC(0) Humongous regions: 0->0
[2026-02-10T17:52:08.565+0100][gc,metaspace] GC(0) Metaspace: 17660K(17856K)->17660K(17856K) NonClass: 15676K(15808K)->15676K(15808K) Class: 1984K(2048K)->1984K(2048K)
[2026-02-10T17:52:08.565+0100][gc          ] GC(0) Pause Young (Normal) (G1 Evacuation Pause) 51M->9M(1024M) 21.710ms
[2026-02-10T17:52:08.565+0100][gc,cpu      ] GC(0) User=0.01s Sys=0.00s Real=0.02s
[2026-02-10T17:52:08.860+0100][gc,start    ] GC(1) Pause Young (Concurrent Start) (Metadata GC Threshold)
[2026-02-10T17:52:08.860+0100][gc,task     ] GC(1) Using 2 workers of 2 for evacuation
[2026-02-10T17:52:08.872+0100][gc,phases   ] GC(1)   Pre Evacuate Collection Set: 0.10ms
[2026-02-10T17:52:08.872+0100][gc,phases   ] GC(1)   Merge Heap Roots: 0.05ms
[2026-02-10T17:52:08.872+0100][gc,phases   ] GC(1)   Evacuate Collection Set: 10.72ms
[2026-02-10T17:52:08.872+0100][gc,phases   ] GC(1)   Post Evacuate Collection Set: 0.46ms
[2026-02-10T17:52:08.872+0100][gc,phases   ] GC(1)   Other: 0.18ms
[2026-02-10T17:52:08.872+0100][gc,heap     ] GC(1) Eden regions: 13->0(50)
[2026-02-10T17:52:08.872+0100][gc,heap     ] GC(1) Survivor regions: 7->1(7)
[2026-02-10T17:52:08.872+0100][gc,heap     ] GC(1) Old regions: 2->9
[2026-02-10T17:52:08.872+0100][gc,heap     ] GC(1) Archive regions: 2->2
[2026-02-10T17:52:08.872+0100][gc,heap     ] GC(1) Humongous regions: 0->0
[2026-02-10T17:52:08.872+0100][gc,metaspace] GC(1) Metaspace: 21349K(21504K)->21349K(21504K) NonClass: 19041K(19136K)->19041K(19136K) Class: 2308K(2368K)->2308K(2368K)
[2026-02-10T17:52:08.872+0100][gc          ] GC(1) Pause Young (Concurrent Start) (Metadata GC Threshold) 22M->9M(1024M) 11.576ms
[2026-02-10T17:52:08.872+0100][gc,cpu      ] GC(1) User=0.01s Sys=0.00s Real=0.00s
[2026-02-10T17:52:08.873+0100][gc          ] GC(2) Concurrent Mark Cycle
[2026-02-10T17:52:08.873+0100][gc,marking  ] GC(2) Concurrent Clear Claimed Marks
[2026-02-10T17:52:08.873+0100][gc,marking  ] GC(2) Concurrent Clear Claimed Marks 0.199ms
[2026-02-10T17:52:08.873+0100][gc,marking  ] GC(2) Concurrent Scan Root Regions
[2026-02-10T17:52:08.877+0100][gc,marking  ] GC(2) Concurrent Scan Root Regions 3.568ms
[2026-02-10T17:52:08.877+0100][gc,marking  ] GC(2) Concurrent Mark
[2026-02-10T17:52:08.877+0100][gc,marking  ] GC(2) Concurrent Mark From Roots
[2026-02-10T17:52:08.877+0100][gc,task     ] GC(2) Using 1 workers of 1 for marking
[2026-02-10T17:52:08.882+0100][gc,marking  ] GC(2) Concurrent Mark From Roots 4.912ms
[2026-02-10T17:52:08.882+0100][gc,marking  ] GC(2) Concurrent Preclean
[2026-02-10T17:52:08.882+0100][gc,marking  ] GC(2) Concurrent Preclean 0.041ms
[2026-02-10T17:52:08.883+0100][gc,start    ] GC(2) Pause Remark
[2026-02-10T17:52:08.888+0100][gc          ] GC(2) Pause Remark 10M->10M(1024M) 5.363ms
[2026-02-10T17:52:08.888+0100][gc,cpu      ] GC(2) User=0.00s Sys=0.01s Real=0.00s
[2026-02-10T17:52:08.889+0100][gc,marking  ] GC(2) Concurrent Mark 11.735ms
[2026-02-10T17:52:08.889+0100][gc,marking  ] GC(2) Concurrent Rebuild Remembered Sets
[2026-02-10T17:52:08.895+0100][gc,marking  ] GC(2) Concurrent Rebuild Remembered Sets 5.597ms
[2026-02-10T17:52:08.895+0100][gc,start    ] GC(2) Pause Cleanup
[2026-02-10T17:52:08.896+0100][gc          ] GC(2) Pause Cleanup 10M->10M(1024M) 0.767ms
[2026-02-10T17:52:08.896+0100][gc,cpu      ] GC(2) User=0.00s Sys=0.00s Real=0.00s
[2026-02-10T17:52:08.897+0100][gc,marking  ] GC(2) Concurrent Cleanup for Next Mark
[2026-02-10T17:52:08.930+0100][gc,marking  ] GC(2) Concurrent Cleanup for Next Mark 32.941ms
[2026-02-10T17:52:08.930+0100][gc          ] GC(2) Concurrent Mark Cycle 56.707ms
[2026-02-10T17:52:10.644+0100][gc,start    ] GC(3) Pause Young (Normal) (G1 Evacuation Pause)
[2026-02-10T17:52:10.644+0100][gc,task     ] GC(3) Using 2 workers of 2 for evacuation
[2026-02-10T17:52:10.662+0100][gc,phases   ] GC(3)   Pre Evacuate Collection Set: 0.65ms
[2026-02-10T17:52:10.662+0100][gc,phases   ] GC(3)   Merge Heap Roots: 0.07ms
[2026-02-10T17:52:10.662+0100][gc,phases   ] GC(3)   Evacuate Collection Set: 14.72ms
[2026-02-10T17:52:10.662+0100][gc,phases   ] GC(3)   Post Evacuate Collection Set: 2.35ms
[2026-02-10T17:52:10.662+0100][gc,phases   ] GC(3)   Other: 0.17ms
[2026-02-10T17:52:10.662+0100][gc,heap     ] GC(3) Eden regions: 50->0(47)
[2026-02-10T17:52:10.662+0100][gc,heap     ] GC(3) Survivor regions: 1->4(7)
[2026-02-10T17:52:10.662+0100][gc,heap     ] GC(3) Old regions: 9->9
[2026-02-10T17:52:10.662+0100][gc,heap     ] GC(3) Archive regions: 2->2
[2026-02-10T17:52:10.662+0100][gc,heap     ] GC(3) Humongous regions: 9->9
[2026-02-10T17:52:10.662+0100][gc,metaspace] GC(3) Metaspace: 32233K(32512K)->32233K(32512K) NonClass: 28560K(28672K)->28560K(28672K) Class: 3672K(3840K)->3672K(3840K)
[2026-02-10T17:52:10.662+0100][gc          ] GC(3) Pause Young (Normal) (G1 Evacuation Pause) 68M->22M(1024M) 18.063ms
[2026-02-10T17:52:10.662+0100][gc,cpu      ] GC(3) User=0.01s Sys=0.01s Real=0.02s
[2026-02-10T17:52:11.251+0100][gc,start    ] GC(4) Pause Young (Concurrent Start) (Metadata GC Threshold)
[2026-02-10T17:52:11.251+0100][gc,task     ] GC(4) Using 2 workers of 2 for evacuation
[2026-02-10T17:52:11.264+0100][gc,phases   ] GC(4)   Pre Evacuate Collection Set: 1.19ms
[2026-02-10T17:52:11.264+0100][gc,phases   ] GC(4)   Merge Heap Roots: 0.29ms
[2026-02-10T17:52:11.264+0100][gc,phases   ] GC(4)   Evacuate Collection Set: 8.89ms
[2026-02-10T17:52:11.265+0100][gc,phases   ] GC(4)   Post Evacuate Collection Set: 2.17ms
[2026-02-10T17:52:11.265+0100][gc,phases   ] GC(4)   Other: 0.55ms
[2026-02-10T17:52:11.265+0100][gc,heap     ] GC(4) Eden regions: 25->0(44)
[2026-02-10T17:52:11.265+0100][gc,heap     ] GC(4) Survivor regions: 4->7(7)
[2026-02-10T17:52:11.265+0100][gc,heap     ] GC(4) Old regions: 9->9
[2026-02-10T17:52:11.265+0100][gc,heap     ] GC(4) Archive regions: 2->2
[2026-02-10T17:52:11.265+0100][gc,heap     ] GC(4) Humongous regions: 9->9
[2026-02-10T17:52:11.265+0100][gc,metaspace] GC(4) Metaspace: 35689K(36032K)->35689K(36032K) NonClass: 31679K(31872K)->31679K(31872K) Class: 4010K(4160K)->4010K(4160K)
[2026-02-10T17:52:11.265+0100][gc          ] GC(4) Pause Young (Concurrent Start) (Metadata GC Threshold) 47M->25M(1024M) 13.193ms
[2026-02-10T17:52:11.265+0100][gc,cpu      ] GC(4) User=0.00s Sys=0.02s Real=0.01s
[2026-02-10T17:52:11.275+0100][gc          ] GC(5) Concurrent Mark Cycle
[2026-02-10T17:52:11.275+0100][gc,marking  ] GC(5) Concurrent Clear Claimed Marks
[2026-02-10T17:52:11.275+0100][gc,marking  ] GC(5) Concurrent Clear Claimed Marks 0.042ms
[2026-02-10T17:52:11.275+0100][gc,marking  ] GC(5) Concurrent Scan Root Regions
[2026-02-10T17:52:11.296+0100][gc,marking  ] GC(5) Concurrent Scan Root Regions 20.904ms
[2026-02-10T17:52:11.296+0100][gc,marking  ] GC(5) Concurrent Mark
[2026-02-10T17:52:11.296+0100][gc,marking  ] GC(5) Concurrent Mark From Roots
[2026-02-10T17:52:11.296+0100][gc,task     ] GC(5) Using 1 workers of 1 for marking
[2026-02-10T17:52:11.331+0100][gc,marking  ] GC(5) Concurrent Mark From Roots 34.368ms
[2026-02-10T17:52:11.331+0100][gc,marking  ] GC(5) Concurrent Preclean
[2026-02-10T17:52:11.331+0100][gc,marking  ] GC(5) Concurrent Preclean 0.055ms
[2026-02-10T17:52:11.333+0100][gc,start    ] GC(5) Pause Remark
[2026-02-10T17:52:11.346+0100][gc          ] GC(5) Pause Remark 26M->26M(1024M) 12.566ms
[2026-02-10T17:52:11.346+0100][gc,cpu      ] GC(5) User=0.01s Sys=0.01s Real=0.01s
[2026-02-10T17:52:11.374+0100][gc,marking  ] GC(5) Concurrent Mark 77.170ms
[2026-02-10T17:52:11.374+0100][gc,marking  ] GC(5) Concurrent Rebuild Remembered Sets
[2026-02-10T17:52:11.386+0100][gc,marking  ] GC(5) Concurrent Rebuild Remembered Sets 12.449ms
[2026-02-10T17:52:11.393+0100][gc,start    ] GC(5) Pause Cleanup
[2026-02-10T17:52:11.393+0100][gc          ] GC(5) Pause Cleanup 27M->27M(1024M) 0.203ms
[2026-02-10T17:52:11.393+0100][gc,cpu      ] GC(5) User=0.00s Sys=0.00s Real=0.00s
[2026-02-10T17:52:11.393+0100][gc,marking  ] GC(5) Concurrent Cleanup for Next Mark
[2026-02-10T17:52:11.430+0100][gc,marking  ] GC(5) Concurrent Cleanup for Next Mark 36.421ms
[2026-02-10T17:52:11.430+0100][gc          ] GC(5) Concurrent Mark Cycle 154.381ms
[2026-02-10T17:52:36.250+0100][gc,start    ] GC(6) Pause Young (Concurrent Start) (G1 Evacuation Pause)
[2026-02-10T17:52:36.250+0100][gc,task     ] GC(6) Using 2 workers of 2 for evacuation
[2026-02-10T17:52:36.266+0100][gc,phases   ] GC(6)   Pre Evacuate Collection Set: 1.31ms
[2026-02-10T17:52:36.266+0100][gc,phases   ] GC(6)   Merge Heap Roots: 0.13ms
[2026-02-10T17:52:36.266+0100][gc,phases   ] GC(6)   Evacuate Collection Set: 13.74ms
[2026-02-10T17:52:36.266+0100][gc,phases   ] GC(6)   Post Evacuate Collection Set: 1.41ms
[2026-02-10T17:52:36.266+0100][gc,phases   ] GC(6)   Other: 0.24ms
[2026-02-10T17:52:36.266+0100][gc,heap     ] GC(6) Eden regions: 44->0(47)
[2026-02-10T17:52:36.266+0100][gc,heap     ] GC(6) Survivor regions: 7->4(7)
[2026-02-10T17:52:36.266+0100][gc,heap     ] GC(6) Old regions: 9->15
[2026-02-10T17:52:36.266+0100][gc,heap     ] GC(6) Archive regions: 2->2
[2026-02-10T17:52:36.266+0100][gc,heap     ] GC(6) Humongous regions: 138->138
[2026-02-10T17:52:36.266+0100][gc,metaspace] GC(6) Metaspace: 41263K(41728K)->41263K(41728K) NonClass: 36458K(36736K)->36458K(36736K) Class: 4805K(4992K)->4805K(4992K)
[2026-02-10T17:52:36.266+0100][gc          ] GC(6) Pause Young (Concurrent Start) (G1 Evacuation Pause) 198M->157M(1024M) 16.914ms
[2026-02-10T17:52:36.267+0100][gc,cpu      ] GC(6) User=0.02s Sys=0.02s Real=0.02s
[2026-02-10T17:52:36.267+0100][gc          ] GC(7) Concurrent Mark Cycle
[2026-02-10T17:52:36.267+0100][gc,marking  ] GC(7) Concurrent Clear Claimed Marks
[2026-02-10T17:52:36.267+0100][gc,marking  ] GC(7) Concurrent Clear Claimed Marks 0.094ms
[2026-02-10T17:52:36.267+0100][gc,marking  ] GC(7) Concurrent Scan Root Regions
[2026-02-10T17:52:36.275+0100][gc,marking  ] GC(7) Concurrent Scan Root Regions 8.368ms
[2026-02-10T17:52:36.275+0100][gc,marking  ] GC(7) Concurrent Mark
[2026-02-10T17:52:36.275+0100][gc,marking  ] GC(7) Concurrent Mark From Roots
[2026-02-10T17:52:36.275+0100][gc,task     ] GC(7) Using 1 workers of 1 for marking
[2026-02-10T17:52:36.315+0100][gc,marking  ] GC(7) Concurrent Mark From Roots 40.321ms
[2026-02-10T17:52:36.315+0100][gc,marking  ] GC(7) Concurrent Preclean
[2026-02-10T17:52:36.316+0100][gc,marking  ] GC(7) Concurrent Preclean 0.132ms
[2026-02-10T17:52:36.316+0100][gc,start    ] GC(7) Pause Remark
[2026-02-10T17:52:36.320+0100][gc          ] GC(7) Pause Remark 158M->158M(1024M) 4.130ms
[2026-02-10T17:52:36.320+0100][gc,cpu      ] GC(7) User=0.01s Sys=0.00s Real=0.01s
[2026-02-10T17:52:36.321+0100][gc,marking  ] GC(7) Concurrent Mark 45.833ms
[2026-02-10T17:52:36.321+0100][gc,marking  ] GC(7) Concurrent Rebuild Remembered Sets
[2026-02-10T17:52:36.330+0100][gc,marking  ] GC(7) Concurrent Rebuild Remembered Sets 8.942ms
[2026-02-10T17:52:36.331+0100][gc,start    ] GC(7) Pause Cleanup
[2026-02-10T17:52:36.331+0100][gc          ] GC(7) Pause Cleanup 158M->158M(1024M) 0.239ms
[2026-02-10T17:52:36.331+0100][gc,cpu      ] GC(7) User=0.00s Sys=0.00s Real=0.00s
[2026-02-10T17:52:36.331+0100][gc,marking  ] GC(7) Concurrent Cleanup for Next Mark
[2026-02-10T17:52:36.336+0100][gc,marking  ] GC(7) Concurrent Cleanup for Next Mark 4.251ms
[2026-02-10T17:52:36.336+0100][gc          ] GC(7) Concurrent Mark Cycle 69.233ms
[2026-02-10T17:52:37.572+0100][gc,heap,exit] Heap
[2026-02-10T17:52:37.573+0100][gc,heap,exit]  garbage-first heap   total 1048576K, used 177939K [0x00000000c0000000, 0x0000000100000000)
[2026-02-10T17:52:37.573+0100][gc,heap,exit]   region size 1024K, 21 young (21504K), 4 survivors (4096K)
[2026-02-10T17:52:37.573+0100][gc,heap,exit]  Metaspace       used 42436K, committed 42880K, reserved 1114112K
[2026-02-10T17:52:37.573+0100][gc,heap,exit]   class space    used 5058K, committed 5248K, reserved 1048576K
