[2026-02-11T09:13:24.341+0100][gc] Using G1
[2026-02-11T09:13:24.365+0100][gc,init] Version: 17.0.18+8-Ubuntu-124.04.1 (release)
[2026-02-11T09:13:24.365+0100][gc,init] CPUs: 2 total, 2 available
[2026-02-11T09:13:24.366+0100][gc,init] Memory: 3914M
[2026-02-11T09:13:24.366+0100][gc,init] Large Page Support: Disabled
[2026-02-11T09:13:24.366+0100][gc,init] NUMA Support: Disabled
[2026-02-11T09:13:24.366+0100][gc,init] Compressed Oops: Enabled (32-bit)
[2026-02-11T09:13:24.366+0100][gc,init] Heap Region Size: 1M
[2026-02-11T09:13:24.366+0100][gc,init] Heap Min Capacity: 1G
[2026-02-11T09:13:24.366+0100][gc,init] Heap Initial Capacity: 1G
[2026-02-11T09:13:24.366+0100][gc,init] Heap Max Capacity: 1G
[2026-02-11T09:13:24.366+0100][gc,init] Pre-touch: Disabled
[2026-02-11T09:13:24.366+0100][gc,init] Parallel Workers: 2
[2026-02-11T09:13:24.366+0100][gc,init] Concurrent Workers: 1
[2026-02-11T09:13:24.366+0100][gc,init] Concurrent Refinement Workers: 2
[2026-02-11T09:13:24.366+0100][gc,init] Periodic GC: Disabled
[2026-02-11T09:13:24.377+0100][gc,metaspace] CDS archive(s) mapped at: [0x0000742ddf000000-0x0000742ddfbca000-0x0000742ddfbca000), size 12361728, SharedBaseAddress: 0x0000742ddf000000, ArchiveRelocationMode: 1.
[2026-02-11T09:13:24.377+0100][gc,metaspace] Compressed class space mapped at: 0x0000742de0000000-0x0000742e20000000, reserved size: 1073741824
[2026-02-11T09:13:24.377+0100][gc,metaspace] Narrow klass base: 0x0000742ddf000000, Narrow klass shift: 0, Narrow klass range: 0x100000000
[2026-02-11T09:13:30.027+0100][gc,start    ] GC(0) Pause Young (Normal) (G1 Evacuation Pause)
[2026-02-11T09:13:30.029+0100][gc,task     ] GC(0) Using 2 workers of 2 for evacuation
[2026-02-11T09:13:30.187+0100][gc,mmu      ] GC(0) MMU target violated: 21.0ms (20.0ms/21.0ms)
[2026-02-11T09:13:30.188+0100][gc,phases   ] GC(0)   Pre Evacuate Collection Set: 1.18ms
[2026-02-11T09:13:30.188+0100][gc,phases   ] GC(0)   Merge Heap Roots: 1.67ms
[2026-02-11T09:13:30.188+0100][gc,phases   ] GC(0)   Evacuate Collection Set: 143.99ms
[2026-02-11T09:13:30.188+0100][gc,phases   ] GC(0)   Post Evacuate Collection Set: 10.73ms
[2026-02-11T09:13:30.188+0100][gc,phases   ] GC(0)   Other: 2.68ms
[2026-02-11T09:13:30.188+0100][gc,heap     ] GC(0) Eden regions: 51->0(44)
[2026-02-11T09:13:30.188+0100][gc,heap     ] GC(0) Survivor regions: 0->7(7)
[2026-02-11T09:13:30.188+0100][gc,heap     ] GC(0) Old regions: 0->2
[2026-02-11T09:13:30.188+0100][gc,heap     ] GC(0) Archive regions: 2->2
[2026-02-11T09:13:30.188+0100][gc,heap     ] GC(0) Humongous regions: 0->0
[2026-02-11T09:13:30.188+0100][gc,metaspace] GC(0) Metaspace: 17687K(17856K)->17687K(17856K) NonClass: 15702K(15808K)->15702K(15808K) Class: 1985K(2048K)->1985K(2048K)
[2026-02-11T09:13:30.189+0100][gc          ] GC(0) Pause Young (Normal) (G1 Evacuation Pause) 51M->9M(1024M) 161.502ms
[2026-02-11T09:13:30.189+0100][gc,cpu      ] GC(0) User=0.07s Sys=0.09s Real=0.16s
[2026-02-11T09:13:30.840+0100][gc,start    ] GC(1) Pause Young (Concurrent Start) (Metadata GC Threshold)
[2026-02-11T09:13:30.840+0100][gc,task     ] GC(1) Using 2 workers of 2 for evacuation
[2026-02-11T09:13:30.928+0100][gc,mmu      ] GC(1) MMU target violated: 21.0ms (20.0ms/21.0ms)
[2026-02-11T09:13:30.928+0100][gc,phases   ] GC(1)   Pre Evacuate Collection Set: 1.43ms
[2026-02-11T09:13:30.928+0100][gc,phases   ] GC(1)   Merge Heap Roots: 0.87ms
[2026-02-11T09:13:30.928+0100][gc,phases   ] GC(1)   Evacuate Collection Set: 78.73ms
[2026-02-11T09:13:30.928+0100][gc,phases   ] GC(1)   Post Evacuate Collection Set: 5.18ms
[2026-02-11T09:13:30.928+0100][gc,phases   ] GC(1)   Other: 1.12ms
[2026-02-11T09:13:30.928+0100][gc,heap     ] GC(1) Eden regions: 13->0(50)
[2026-02-11T09:13:30.928+0100][gc,heap     ] GC(1) Survivor regions: 7->1(7)
[2026-02-11T09:13:30.928+0100][gc,heap     ] GC(1) Old regions: 2->9
[2026-02-11T09:13:30.928+0100][gc,heap     ] GC(1) Archive regions: 2->2
[2026-02-11T09:13:30.928+0100][gc,heap     ] GC(1) Humongous regions: 0->0
[2026-02-11T09:13:30.928+0100][gc,metaspace] GC(1) Metaspace: 21342K(21504K)->21342K(21504K) NonClass: 19034K(19136K)->19034K(19136K) Class: 2308K(2368K)->2308K(2368K)
[2026-02-11T09:13:30.928+0100][gc          ] GC(1) Pause Young (Concurrent Start) (Metadata GC Threshold) 22M->10M(1024M) 88.106ms
[2026-02-11T09:13:30.929+0100][gc,cpu      ] GC(1) User=0.07s Sys=0.08s Real=0.09s
[2026-02-11T09:13:30.929+0100][gc          ] GC(2) Concurrent Mark Cycle
[2026-02-11T09:13:30.929+0100][gc,marking  ] GC(2) Concurrent Clear Claimed Marks
[2026-02-11T09:13:30.929+0100][gc,marking  ] GC(2) Concurrent Clear Claimed Marks 0.030ms
[2026-02-11T09:13:30.929+0100][gc,marking  ] GC(2) Concurrent Scan Root Regions
[2026-02-11T09:13:30.944+0100][gc,marking  ] GC(2) Concurrent Scan Root Regions 14.923ms
[2026-02-11T09:13:30.944+0100][gc,marking  ] GC(2) Concurrent Mark
[2026-02-11T09:13:30.944+0100][gc,marking  ] GC(2) Concurrent Mark From Roots
[2026-02-11T09:13:30.944+0100][gc,task     ] GC(2) Using 1 workers of 1 for marking
[2026-02-11T09:13:30.958+0100][gc,marking  ] GC(2) Concurrent Mark From Roots 13.386ms
[2026-02-11T09:13:30.958+0100][gc,marking  ] GC(2) Concurrent Preclean
[2026-02-11T09:13:30.958+0100][gc,marking  ] GC(2) Concurrent Preclean 0.161ms
[2026-02-11T09:13:30.960+0100][gc,start    ] GC(2) Pause Remark
[2026-02-11T09:13:30.977+0100][gc          ] GC(2) Pause Remark 11M->11M(1024M) 16.570ms
[2026-02-11T09:13:30.977+0100][gc,cpu      ] GC(2) User=0.02s Sys=0.00s Real=0.02s
[2026-02-11T09:13:30.979+0100][gc,marking  ] GC(2) Concurrent Mark 34.417ms
[2026-02-11T09:13:30.979+0100][gc,marking  ] GC(2) Concurrent Rebuild Remembered Sets
[2026-02-11T09:13:30.989+0100][gc,marking  ] GC(2) Concurrent Rebuild Remembered Sets 10.338ms
[2026-02-11T09:13:30.990+0100][gc,start    ] GC(2) Pause Cleanup
[2026-02-11T09:13:30.992+0100][gc          ] GC(2) Pause Cleanup 11M->11M(1024M) 0.926ms
[2026-02-11T09:13:30.992+0100][gc,cpu      ] GC(2) User=0.00s Sys=0.00s Real=0.00s
[2026-02-11T09:13:30.993+0100][gc,marking  ] GC(2) Concurrent Cleanup for Next Mark
[2026-02-11T09:13:31.238+0100][gc,marking  ] GC(2) Concurrent Cleanup for Next Mark 244.706ms
[2026-02-11T09:13:31.238+0100][gc          ] GC(2) Concurrent Mark Cycle 309.468ms
[2026-02-11T09:13:34.944+0100][gc,start    ] GC(3) Pause Young (Normal) (G1 Evacuation Pause)
[2026-02-11T09:13:34.944+0100][gc,task     ] GC(3) Using 2 workers of 2 for evacuation
[2026-02-11T09:13:35.004+0100][gc,mmu      ] GC(3) MMU target violated: 21.0ms (20.0ms/21.0ms)
[2026-02-11T09:13:35.008+0100][gc,phases   ] GC(3)   Pre Evacuate Collection Set: 0.93ms
[2026-02-11T09:13:35.008+0100][gc,phases   ] GC(3)   Merge Heap Roots: 1.12ms
[2026-02-11T09:13:35.008+0100][gc,phases   ] GC(3)   Evacuate Collection Set: 52.04ms
[2026-02-11T09:13:35.008+0100][gc,phases   ] GC(3)   Post Evacuate Collection Set: 4.88ms
[2026-02-11T09:13:35.008+0100][gc,phases   ] GC(3)   Other: 4.60ms
[2026-02-11T09:13:35.008+0100][gc,heap     ] GC(3) Eden regions: 50->0(47)
[2026-02-11T09:13:35.008+0100][gc,heap     ] GC(3) Survivor regions: 1->4(7)
[2026-02-11T09:13:35.008+0100][gc,heap     ] GC(3) Old regions: 9->9
[2026-02-11T09:13:35.008+0100][gc,heap     ] GC(3) Archive regions: 2->2
[2026-02-11T09:13:35.008+0100][gc,heap     ] GC(3) Humongous regions: 9->9
[2026-02-11T09:13:35.008+0100][gc,metaspace] GC(3) Metaspace: 31584K(31872K)->31584K(31872K) NonClass: 28014K(28160K)->28014K(28160K) Class: 3570K(3712K)->3570K(3712K)
[2026-02-11T09:13:35.008+0100][gc          ] GC(3) Pause Young (Normal) (G1 Evacuation Pause) 69M->22M(1024M) 63.708ms
[2026-02-11T09:13:35.008+0100][gc,cpu      ] GC(3) User=0.03s Sys=0.04s Real=0.06s
[2026-02-11T09:13:37.038+0100][gc,start    ] GC(4) Pause Young (Concurrent Start) (Metadata GC Threshold)
[2026-02-11T09:13:37.038+0100][gc,task     ] GC(4) Using 2 workers of 2 for evacuation
[2026-02-11T09:13:37.075+0100][gc,mmu      ] GC(4) MMU target violated: 21.0ms (20.0ms/21.0ms)
[2026-02-11T09:13:37.077+0100][gc,phases   ] GC(4)   Pre Evacuate Collection Set: 0.25ms
[2026-02-11T09:13:37.078+0100][gc,phases   ] GC(4)   Merge Heap Roots: 0.07ms
[2026-02-11T09:13:37.078+0100][gc,phases   ] GC(4)   Evacuate Collection Set: 35.89ms
[2026-02-11T09:13:37.078+0100][gc,phases   ] GC(4)   Post Evacuate Collection Set: 1.25ms
[2026-02-11T09:13:37.078+0100][gc,phases   ] GC(4)   Other: 2.11ms
[2026-02-11T09:13:37.078+0100][gc,heap     ] GC(4) Eden regions: 29->0(44)
[2026-02-11T09:13:37.078+0100][gc,heap     ] GC(4) Survivor regions: 4->7(7)
[2026-02-11T09:13:37.079+0100][gc,heap     ] GC(4) Old regions: 9->10
[2026-02-11T09:13:37.079+0100][gc,heap     ] GC(4) Archive regions: 2->2
[2026-02-11T09:13:37.079+0100][gc,heap     ] GC(4) Humongous regions: 9->9
[2026-02-11T09:13:37.079+0100][gc,metaspace] GC(4) Metaspace: 35686K(35968K)->35686K(35968K) NonClass: 31673K(31808K)->31673K(31808K) Class: 4012K(4160K)->4012K(4160K)
[2026-02-11T09:13:37.079+0100][gc          ] GC(4) Pause Young (Concurrent Start) (Metadata GC Threshold) 51M->26M(1024M) 41.021ms
[2026-02-11T09:13:37.079+0100][gc,cpu      ] GC(4) User=0.05s Sys=0.03s Real=0.04s
[2026-02-11T09:13:37.096+0100][gc          ] GC(5) Concurrent Mark Cycle
[2026-02-11T09:13:37.096+0100][gc,marking  ] GC(5) Concurrent Clear Claimed Marks
[2026-02-11T09:13:37.097+0100][gc,marking  ] GC(5) Concurrent Clear Claimed Marks 0.565ms
[2026-02-11T09:13:37.097+0100][gc,marking  ] GC(5) Concurrent Scan Root Regions
[2026-02-11T09:13:37.114+0100][gc,marking  ] GC(5) Concurrent Scan Root Regions 17.033ms
[2026-02-11T09:13:37.114+0100][gc,marking  ] GC(5) Concurrent Mark
[2026-02-11T09:13:37.114+0100][gc,marking  ] GC(5) Concurrent Mark From Roots
[2026-02-11T09:13:37.114+0100][gc,task     ] GC(5) Using 1 workers of 1 for marking
[2026-02-11T09:13:37.178+0100][gc,marking  ] GC(5) Concurrent Mark From Roots 63.854ms
[2026-02-11T09:13:37.182+0100][gc,marking  ] GC(5) Concurrent Preclean
[2026-02-11T09:13:37.184+0100][gc,marking  ] GC(5) Concurrent Preclean 2.480ms
[2026-02-11T09:13:37.211+0100][gc,start    ] GC(5) Pause Remark
[2026-02-11T09:13:37.222+0100][gc          ] GC(5) Pause Remark 28M->28M(1024M) 11.032ms
[2026-02-11T09:13:37.222+0100][gc,cpu      ] GC(5) User=0.00s Sys=0.01s Real=0.00s
[2026-02-11T09:13:37.236+0100][gc,marking  ] GC(5) Concurrent Mark 122.376ms
[2026-02-11T09:13:37.236+0100][gc,marking  ] GC(5) Concurrent Rebuild Remembered Sets
[2026-02-11T09:13:37.266+0100][gc,marking  ] GC(5) Concurrent Rebuild Remembered Sets 29.510ms
[2026-02-11T09:13:37.272+0100][gc,start    ] GC(5) Pause Cleanup
[2026-02-11T09:13:37.276+0100][gc          ] GC(5) Pause Cleanup 29M->29M(1024M) 2.531ms
[2026-02-11T09:13:37.276+0100][gc,cpu      ] GC(5) User=0.00s Sys=0.00s Real=0.01s
[2026-02-11T09:13:37.278+0100][gc,marking  ] GC(5) Concurrent Cleanup for Next Mark
[2026-02-11T09:13:37.817+0100][gc,marking  ] GC(5) Concurrent Cleanup for Next Mark 539.265ms
[2026-02-11T09:13:37.817+0100][gc          ] GC(5) Concurrent Mark Cycle 720.867ms
[2026-02-11T09:14:42.666+0100][gc,start    ] GC(6) Pause Young (Concurrent Start) (G1 Evacuation Pause)
[2026-02-11T09:14:42.666+0100][gc,task     ] GC(6) Using 2 workers of 2 for evacuation
[2026-02-11T09:14:42.743+0100][gc,mmu      ] GC(6) MMU target violated: 21.0ms (20.0ms/21.0ms)
[2026-02-11T09:14:42.743+0100][gc,phases   ] GC(6)   Pre Evacuate Collection Set: 2.86ms
[2026-02-11T09:14:42.743+0100][gc,phases   ] GC(6)   Merge Heap Roots: 0.18ms
[2026-02-11T09:14:42.743+0100][gc,phases   ] GC(6)   Evacuate Collection Set: 65.39ms
[2026-02-11T09:14:42.743+0100][gc,phases   ] GC(6)   Post Evacuate Collection Set: 7.66ms
[2026-02-11T09:14:42.743+0100][gc,phases   ] GC(6)   Other: 0.65ms
[2026-02-11T09:14:42.743+0100][gc,heap     ] GC(6) Eden regions: 44->0(47)
[2026-02-11T09:14:42.743+0100][gc,heap     ] GC(6) Survivor regions: 7->4(7)
[2026-02-11T09:14:42.743+0100][gc,heap     ] GC(6) Old regions: 10->16
[2026-02-11T09:14:42.743+0100][gc,heap     ] GC(6) Archive regions: 2->2
[2026-02-11T09:14:42.743+0100][gc,heap     ] GC(6) Humongous regions: 147->147
[2026-02-11T09:14:42.743+0100][gc,metaspace] GC(6) Metaspace: 41209K(41664K)->41209K(41664K) NonClass: 36441K(36672K)->36441K(36672K) Class: 4768K(4992K)->4768K(4992K)
[2026-02-11T09:14:42.743+0100][gc          ] GC(6) Pause Young (Concurrent Start) (G1 Evacuation Pause) 208M->166M(1024M) 76.947ms
[2026-02-11T09:14:42.743+0100][gc,cpu      ] GC(6) User=0.08s Sys=0.08s Real=0.09s
[2026-02-11T09:14:42.743+0100][gc          ] GC(7) Concurrent Mark Cycle
[2026-02-11T09:14:42.743+0100][gc,marking  ] GC(7) Concurrent Clear Claimed Marks
[2026-02-11T09:14:42.743+0100][gc,marking  ] GC(7) Concurrent Clear Claimed Marks 0.083ms
[2026-02-11T09:14:42.743+0100][gc,marking  ] GC(7) Concurrent Scan Root Regions
[2026-02-11T09:14:42.802+0100][gc,marking  ] GC(7) Concurrent Scan Root Regions 58.788ms
[2026-02-11T09:14:42.802+0100][gc,marking  ] GC(7) Concurrent Mark
[2026-02-11T09:14:42.802+0100][gc,marking  ] GC(7) Concurrent Mark From Roots
[2026-02-11T09:14:42.802+0100][gc,task     ] GC(7) Using 1 workers of 1 for marking
[2026-02-11T09:14:42.820+0100][gc,marking  ] GC(7) Concurrent Mark From Roots 17.502ms
[2026-02-11T09:14:42.820+0100][gc,marking  ] GC(7) Concurrent Preclean
[2026-02-11T09:14:42.820+0100][gc,marking  ] GC(7) Concurrent Preclean 0.111ms
[2026-02-11T09:14:42.820+0100][gc,start    ] GC(7) Pause Remark
[2026-02-11T09:14:42.841+0100][gc,mmu      ] GC(7) MMU target violated: 21.0ms (20.0ms/21.0ms)
[2026-02-11T09:14:42.841+0100][gc          ] GC(7) Pause Remark 167M->167M(1024M) 21.521ms
[2026-02-11T09:14:42.841+0100][gc,cpu      ] GC(7) User=0.01s Sys=0.04s Real=0.02s
[2026-02-11T09:14:42.851+0100][gc,marking  ] GC(7) Concurrent Mark 48.441ms
[2026-02-11T09:14:42.851+0100][gc,marking  ] GC(7) Concurrent Rebuild Remembered Sets
[2026-02-11T09:14:42.866+0100][gc,marking  ] GC(7) Concurrent Rebuild Remembered Sets 15.715ms
[2026-02-11T09:14:42.866+0100][gc,start    ] GC(7) Pause Cleanup
[2026-02-11T09:14:42.868+0100][gc          ] GC(7) Pause Cleanup 168M->168M(1024M) 1.292ms
[2026-02-11T09:14:42.868+0100][gc,cpu      ] GC(7) User=0.00s Sys=0.01s Real=0.02s
[2026-02-11T09:14:42.868+0100][gc,marking  ] GC(7) Concurrent Cleanup for Next Mark
[2026-02-11T09:14:42.875+0100][gc,marking  ] GC(7) Concurrent Cleanup for Next Mark 6.943ms
[2026-02-11T09:14:42.875+0100][gc          ] GC(7) Concurrent Mark Cycle 131.738ms
[2026-02-11T09:19:34.982+0100][gc,start    ] GC(8) Pause Young (Normal) (G1 Evacuation Pause)
[2026-02-11T09:19:34.982+0100][gc,task     ] GC(8) Using 2 workers of 2 for evacuation
[2026-02-11T09:19:35.007+0100][gc,mmu      ] GC(8) MMU target violated: 21.0ms (20.0ms/21.0ms)
[2026-02-11T09:19:35.007+0100][gc,phases   ] GC(8)   Pre Evacuate Collection Set: 1.76ms
[2026-02-11T09:19:35.007+0100][gc,phases   ] GC(8)   Merge Heap Roots: 1.21ms
[2026-02-11T09:19:35.007+0100][gc,phases   ] GC(8)   Evacuate Collection Set: 12.81ms
[2026-02-11T09:19:35.007+0100][gc,phases   ] GC(8)   Post Evacuate Collection Set: 9.61ms
[2026-02-11T09:19:35.007+0100][gc,phases   ] GC(8)   Other: 0.37ms
[2026-02-11T09:19:35.007+0100][gc,heap     ] GC(8) Eden regions: 47->0(46)
[2026-02-11T09:19:35.007+0100][gc,heap     ] GC(8) Survivor regions: 4->5(7)
[2026-02-11T09:19:35.007+0100][gc,heap     ] GC(8) Old regions: 16->16
[2026-02-11T09:19:35.007+0100][gc,heap     ] GC(8) Archive regions: 2->2
[2026-02-11T09:19:35.007+0100][gc,heap     ] GC(8) Humongous regions: 147->147
[2026-02-11T09:19:35.007+0100][gc,metaspace] GC(8) Metaspace: 43798K(44288K)->43798K(44288K) NonClass: 38829K(39104K)->38829K(39104K) Class: 4968K(5184K)->4968K(5184K)
[2026-02-11T09:19:35.007+0100][gc          ] GC(8) Pause Young (Normal) (G1 Evacuation Pause) 213M->168M(1024M) 25.888ms
[2026-02-11T09:19:35.008+0100][gc,cpu      ] GC(8) User=0.01s Sys=0.02s Real=0.03s
[2026-02-11T09:22:34.252+0100][gc,heap,exit] Heap
[2026-02-11T09:22:34.253+0100][gc,heap,exit]  garbage-first heap   total 1048576K, used 217513K [0x00000000c0000000, 0x0000000100000000)
[2026-02-11T09:22:34.253+0100][gc,heap,exit]   region size 1024K, 50 young (51200K), 5 survivors (5120K)
[2026-02-11T09:22:34.253+0100][gc,heap,exit]  Metaspace       used 45232K, committed 45760K, reserved 1114112K
[2026-02-11T09:22:34.253+0100][gc,heap,exit]   class space    used 5222K, committed 5440K, reserved 1048576K
