[2026-02-10T11:07:29.368+0100][gc] Using G1
[2026-02-10T11:07:29.453+0100][gc,init] Version: 17.0.18+8-Ubuntu-124.04.1 (release)
[2026-02-10T11:07:29.453+0100][gc,init] CPUs: 2 total, 2 available
[2026-02-10T11:07:29.453+0100][gc,init] Memory: 3914M
[2026-02-10T11:07:29.453+0100][gc,init] Large Page Support: Disabled
[2026-02-10T11:07:29.453+0100][gc,init] NUMA Support: Disabled
[2026-02-10T11:07:29.453+0100][gc,init] Compressed Oops: Enabled (32-bit)
[2026-02-10T11:07:29.453+0100][gc,init] Heap Region Size: 1M
[2026-02-10T11:07:29.453+0100][gc,init] Heap Min Capacity: 1G
[2026-02-10T11:07:29.453+0100][gc,init] Heap Initial Capacity: 1G
[2026-02-10T11:07:29.453+0100][gc,init] Heap Max Capacity: 1G
[2026-02-10T11:07:29.453+0100][gc,init] Pre-touch: Disabled
[2026-02-10T11:07:29.453+0100][gc,init] Parallel Workers: 2
[2026-02-10T11:07:29.453+0100][gc,init] Concurrent Workers: 1
[2026-02-10T11:07:29.453+0100][gc,init] Concurrent Refinement Workers: 2
[2026-02-10T11:07:29.453+0100][gc,init] Periodic GC: Disabled
[2026-02-10T11:07:29.504+0100][gc,metaspace] CDS archive(s) mapped at: [0x000072ccdb000000-0x000072ccdbbca000-0x000072ccdbbca000), size 12361728, SharedBaseAddress: 0x000072ccdb000000, ArchiveRelocationMode: 1.
[2026-02-10T11:07:29.504+0100][gc,metaspace] Compressed class space mapped at: 0x000072ccdc000000-0x000072cd1c000000, reserved size: 1073741824
[2026-02-10T11:07:29.504+0100][gc,metaspace] Narrow klass base: 0x000072ccdb000000, Narrow klass shift: 0, Narrow klass range: 0x100000000
[2026-02-10T11:07:42.947+0100][gc,start    ] GC(0) Pause Young (Normal) (G1 Evacuation Pause)
[2026-02-10T11:07:42.950+0100][gc,task     ] GC(0) Using 2 workers of 2 for evacuation
[2026-02-10T11:07:42.990+0100][gc,mmu      ] GC(0) MMU target violated: 21.0ms (20.0ms/21.0ms)
[2026-02-10T11:07:42.990+0100][gc,phases   ] GC(0)   Pre Evacuate Collection Set: 1.84ms
[2026-02-10T11:07:42.990+0100][gc,phases   ] GC(0)   Merge Heap Roots: 5.44ms
[2026-02-10T11:07:42.990+0100][gc,phases   ] GC(0)   Evacuate Collection Set: 30.65ms
[2026-02-10T11:07:42.990+0100][gc,phases   ] GC(0)   Post Evacuate Collection Set: 1.02ms
[2026-02-10T11:07:42.990+0100][gc,phases   ] GC(0)   Other: 3.90ms
[2026-02-10T11:07:42.990+0100][gc,heap     ] GC(0) Eden regions: 51->0(44)
[2026-02-10T11:07:42.990+0100][gc,heap     ] GC(0) Survivor regions: 0->7(7)
[2026-02-10T11:07:42.990+0100][gc,heap     ] GC(0) Old regions: 0->2
[2026-02-10T11:07:42.990+0100][gc,heap     ] GC(0) Archive regions: 2->2
[2026-02-10T11:07:42.990+0100][gc,heap     ] GC(0) Humongous regions: 0->0
[2026-02-10T11:07:42.990+0100][gc,metaspace] GC(0) Metaspace: 17654K(17856K)->17654K(17856K) NonClass: 15668K(15808K)->15668K(15808K) Class: 1985K(2048K)->1985K(2048K)
[2026-02-10T11:07:42.990+0100][gc          ] GC(0) Pause Young (Normal) (G1 Evacuation Pause) 51M->9M(1024M) 42.924ms
[2026-02-10T11:07:42.990+0100][gc,cpu      ] GC(0) User=0.01s Sys=0.01s Real=0.02s
[2026-02-10T11:07:43.928+0100][gc,start    ] GC(1) Pause Young (Concurrent Start) (Metadata GC Threshold)
[2026-02-10T11:07:43.929+0100][gc,task     ] GC(1) Using 2 workers of 2 for evacuation
[2026-02-10T11:07:44.004+0100][gc,mmu      ] GC(1) MMU target violated: 21.0ms (20.0ms/21.0ms)
[2026-02-10T11:07:44.004+0100][gc,phases   ] GC(1)   Pre Evacuate Collection Set: 0.34ms
[2026-02-10T11:07:44.004+0100][gc,phases   ] GC(1)   Merge Heap Roots: 0.12ms
[2026-02-10T11:07:44.004+0100][gc,phases   ] GC(1)   Evacuate Collection Set: 41.37ms
[2026-02-10T11:07:44.004+0100][gc,phases   ] GC(1)   Post Evacuate Collection Set: 32.28ms
[2026-02-10T11:07:44.004+0100][gc,phases   ] GC(1)   Other: 1.26ms
[2026-02-10T11:07:44.004+0100][gc,heap     ] GC(1) Eden regions: 13->0(50)
[2026-02-10T11:07:44.004+0100][gc,heap     ] GC(1) Survivor regions: 7->1(7)
[2026-02-10T11:07:44.004+0100][gc,heap     ] GC(1) Old regions: 2->9
[2026-02-10T11:07:44.004+0100][gc,heap     ] GC(1) Archive regions: 2->2
[2026-02-10T11:07:44.004+0100][gc,heap     ] GC(1) Humongous regions: 0->0
[2026-02-10T11:07:44.004+0100][gc,metaspace] GC(1) Metaspace: 21353K(21504K)->21353K(21504K) NonClass: 19026K(19072K)->19026K(19072K) Class: 2327K(2432K)->2327K(2432K)
[2026-02-10T11:07:44.004+0100][gc          ] GC(1) Pause Young (Concurrent Start) (Metadata GC Threshold) 22M->10M(1024M) 75.499ms
[2026-02-10T11:07:44.004+0100][gc,cpu      ] GC(1) User=0.02s Sys=0.02s Real=0.07s
[2026-02-10T11:07:44.004+0100][gc          ] GC(2) Concurrent Mark Cycle
[2026-02-10T11:07:44.004+0100][gc,marking  ] GC(2) Concurrent Clear Claimed Marks
[2026-02-10T11:07:44.004+0100][gc,marking  ] GC(2) Concurrent Clear Claimed Marks 0.019ms
[2026-02-10T11:07:44.004+0100][gc,marking  ] GC(2) Concurrent Scan Root Regions
[2026-02-10T11:07:44.014+0100][gc,marking  ] GC(2) Concurrent Scan Root Regions 10.180ms
[2026-02-10T11:07:44.015+0100][gc,marking  ] GC(2) Concurrent Mark
[2026-02-10T11:07:44.015+0100][gc,marking  ] GC(2) Concurrent Mark From Roots
[2026-02-10T11:07:44.015+0100][gc,task     ] GC(2) Using 1 workers of 1 for marking
[2026-02-10T11:07:44.026+0100][gc,marking  ] GC(2) Concurrent Mark From Roots 11.856ms
[2026-02-10T11:07:44.026+0100][gc,marking  ] GC(2) Concurrent Preclean
[2026-02-10T11:07:44.026+0100][gc,marking  ] GC(2) Concurrent Preclean 0.016ms
[2026-02-10T11:07:44.032+0100][gc,start    ] GC(2) Pause Remark
[2026-02-10T11:07:44.055+0100][gc,mmu      ] GC(2) MMU target violated: 21.0ms (20.0ms/21.0ms)
[2026-02-10T11:07:44.055+0100][gc          ] GC(2) Pause Remark 10M->10M(1024M) 22.562ms
[2026-02-10T11:07:44.055+0100][gc,cpu      ] GC(2) User=0.01s Sys=0.01s Real=0.02s
[2026-02-10T11:07:44.057+0100][gc,marking  ] GC(2) Concurrent Mark 42.304ms
[2026-02-10T11:07:44.057+0100][gc,marking  ] GC(2) Concurrent Rebuild Remembered Sets
[2026-02-10T11:07:44.060+0100][gc,marking  ] GC(2) Concurrent Rebuild Remembered Sets 3.284ms
[2026-02-10T11:07:44.068+0100][gc,start    ] GC(2) Pause Cleanup
[2026-02-10T11:07:44.070+0100][gc          ] GC(2) Pause Cleanup 10M->10M(1024M) 1.954ms
[2026-02-10T11:07:44.070+0100][gc,cpu      ] GC(2) User=0.00s Sys=0.01s Real=0.00s
[2026-02-10T11:07:44.070+0100][gc,marking  ] GC(2) Concurrent Cleanup for Next Mark
[2026-02-10T11:07:44.296+0100][gc,marking  ] GC(2) Concurrent Cleanup for Next Mark 225.846ms
[2026-02-10T11:07:44.296+0100][gc          ] GC(2) Concurrent Mark Cycle 291.881ms
[2026-02-10T11:07:52.265+0100][gc,start    ] GC(3) Pause Young (Normal) (G1 Evacuation Pause)
[2026-02-10T11:07:52.266+0100][gc,task     ] GC(3) Using 2 workers of 2 for evacuation
[2026-02-10T11:07:52.340+0100][gc,mmu      ] GC(3) MMU target violated: 21.0ms (20.0ms/21.0ms)
[2026-02-10T11:07:52.340+0100][gc,phases   ] GC(3)   Pre Evacuate Collection Set: 0.52ms
[2026-02-10T11:07:52.340+0100][gc,phases   ] GC(3)   Merge Heap Roots: 0.08ms
[2026-02-10T11:07:52.340+0100][gc,phases   ] GC(3)   Evacuate Collection Set: 72.73ms
[2026-02-10T11:07:52.340+0100][gc,phases   ] GC(3)   Post Evacuate Collection Set: 1.02ms
[2026-02-10T11:07:52.340+0100][gc,phases   ] GC(3)   Other: 0.21ms
[2026-02-10T11:07:52.340+0100][gc,heap     ] GC(3) Eden regions: 50->0(47)
[2026-02-10T11:07:52.340+0100][gc,heap     ] GC(3) Survivor regions: 1->4(7)
[2026-02-10T11:07:52.340+0100][gc,heap     ] GC(3) Old regions: 9->9
[2026-02-10T11:07:52.340+0100][gc,heap     ] GC(3) Archive regions: 2->2
[2026-02-10T11:07:52.340+0100][gc,heap     ] GC(3) Humongous regions: 9->9
[2026-02-10T11:07:52.340+0100][gc,metaspace] GC(3) Metaspace: 31672K(32000K)->31672K(32000K) NonClass: 28073K(28288K)->28073K(28288K) Class: 3598K(3712K)->3598K(3712K)
[2026-02-10T11:07:52.340+0100][gc          ] GC(3) Pause Young (Normal) (G1 Evacuation Pause) 69M->22M(1024M) 74.579ms
[2026-02-10T11:07:52.340+0100][gc,cpu      ] GC(3) User=0.01s Sys=0.01s Real=0.08s
[2026-02-10T11:07:54.758+0100][gc,start    ] GC(4) Pause Young (Concurrent Start) (Metadata GC Threshold)
[2026-02-10T11:07:54.758+0100][gc,task     ] GC(4) Using 2 workers of 2 for evacuation
[2026-02-10T11:07:54.862+0100][gc,mmu      ] GC(4) MMU target violated: 21.0ms (20.0ms/21.0ms)
[2026-02-10T11:07:54.862+0100][gc,phases   ] GC(4)   Pre Evacuate Collection Set: 3.07ms
[2026-02-10T11:07:54.862+0100][gc,phases   ] GC(4)   Merge Heap Roots: 0.09ms
[2026-02-10T11:07:54.862+0100][gc,phases   ] GC(4)   Evacuate Collection Set: 95.18ms
[2026-02-10T11:07:54.862+0100][gc,phases   ] GC(4)   Post Evacuate Collection Set: 4.87ms
[2026-02-10T11:07:54.862+0100][gc,phases   ] GC(4)   Other: 0.65ms
[2026-02-10T11:07:54.862+0100][gc,heap     ] GC(4) Eden regions: 30->0(44)
[2026-02-10T11:07:54.862+0100][gc,heap     ] GC(4) Survivor regions: 4->7(7)
[2026-02-10T11:07:54.862+0100][gc,heap     ] GC(4) Old regions: 9->9
[2026-02-10T11:07:54.862+0100][gc,heap     ] GC(4) Archive regions: 2->2
[2026-02-10T11:07:54.862+0100][gc,heap     ] GC(4) Humongous regions: 9->9
[2026-02-10T11:07:54.862+0100][gc,metaspace] GC(4) Metaspace: 35803K(36096K)->35803K(36096K) NonClass: 31787K(31936K)->31787K(31936K) Class: 4016K(4160K)->4016K(4160K)
[2026-02-10T11:07:54.862+0100][gc          ] GC(4) Pause Young (Concurrent Start) (Metadata GC Threshold) 51M->25M(1024M) 103.927ms
[2026-02-10T11:07:54.862+0100][gc,cpu      ] GC(4) User=0.03s Sys=0.02s Real=0.10s
[2026-02-10T11:07:54.886+0100][gc          ] GC(5) Concurrent Mark Cycle
[2026-02-10T11:07:54.886+0100][gc,marking  ] GC(5) Concurrent Clear Claimed Marks
[2026-02-10T11:07:54.886+0100][gc,marking  ] GC(5) Concurrent Clear Claimed Marks 0.051ms
[2026-02-10T11:07:54.886+0100][gc,marking  ] GC(5) Concurrent Scan Root Regions
[2026-02-10T11:07:54.910+0100][gc,marking  ] GC(5) Concurrent Scan Root Regions 24.212ms
[2026-02-10T11:07:54.910+0100][gc,marking  ] GC(5) Concurrent Mark
[2026-02-10T11:07:54.910+0100][gc,marking  ] GC(5) Concurrent Mark From Roots
[2026-02-10T11:07:54.910+0100][gc,task     ] GC(5) Using 1 workers of 1 for marking
[2026-02-10T11:07:54.976+0100][gc,marking  ] GC(5) Concurrent Mark From Roots 65.592ms
[2026-02-10T11:07:54.976+0100][gc,marking  ] GC(5) Concurrent Preclean
[2026-02-10T11:07:54.976+0100][gc,marking  ] GC(5) Concurrent Preclean 0.059ms
[2026-02-10T11:07:55.014+0100][gc,start    ] GC(5) Pause Remark
[2026-02-10T11:07:55.049+0100][gc,mmu      ] GC(5) MMU target violated: 21.0ms (20.0ms/21.0ms)
[2026-02-10T11:07:55.049+0100][gc          ] GC(5) Pause Remark 29M->29M(1024M) 35.038ms
[2026-02-10T11:07:55.049+0100][gc,cpu      ] GC(5) User=0.01s Sys=0.00s Real=0.04s
[2026-02-10T11:07:55.051+0100][gc,marking  ] GC(5) Concurrent Mark 140.258ms
[2026-02-10T11:07:55.051+0100][gc,marking  ] GC(5) Concurrent Rebuild Remembered Sets
[2026-02-10T11:07:55.089+0100][gc,marking  ] GC(5) Concurrent Rebuild Remembered Sets 38.069ms
[2026-02-10T11:07:55.130+0100][gc,start    ] GC(5) Pause Cleanup
[2026-02-10T11:07:55.131+0100][gc          ] GC(5) Pause Cleanup 30M->30M(1024M) 0.367ms
[2026-02-10T11:07:55.131+0100][gc,cpu      ] GC(5) User=0.00s Sys=0.00s Real=0.00s
[2026-02-10T11:07:55.134+0100][gc,marking  ] GC(5) Concurrent Cleanup for Next Mark
[2026-02-10T11:07:55.376+0100][gc,marking  ] GC(5) Concurrent Cleanup for Next Mark 241.452ms
[2026-02-10T11:07:55.376+0100][gc          ] GC(5) Concurrent Mark Cycle 489.963ms
[2026-02-10T11:09:06.192+0100][gc,start    ] GC(6) Pause Young (Prepare Mixed) (G1 Evacuation Pause)
[2026-02-10T11:09:06.194+0100][gc,task     ] GC(6) Using 2 workers of 2 for evacuation
[2026-02-10T11:09:06.229+0100][gc,mmu      ] GC(6) MMU target violated: 21.0ms (20.0ms/21.0ms)
[2026-02-10T11:09:06.229+0100][gc,phases   ] GC(6)   Pre Evacuate Collection Set: 2.40ms
[2026-02-10T11:09:06.229+0100][gc,phases   ] GC(6)   Merge Heap Roots: 0.28ms
[2026-02-10T11:09:06.229+0100][gc,phases   ] GC(6)   Evacuate Collection Set: 26.72ms
[2026-02-10T11:09:06.229+0100][gc,phases   ] GC(6)   Post Evacuate Collection Set: 4.88ms
[2026-02-10T11:09:06.229+0100][gc,phases   ] GC(6)   Other: 2.45ms
[2026-02-10T11:09:06.229+0100][gc,heap     ] GC(6) Eden regions: 44->0(47)
[2026-02-10T11:09:06.229+0100][gc,heap     ] GC(6) Survivor regions: 7->4(7)
[2026-02-10T11:09:06.229+0100][gc,heap     ] GC(6) Old regions: 9->16
[2026-02-10T11:09:06.229+0100][gc,heap     ] GC(6) Archive regions: 2->2
[2026-02-10T11:09:06.229+0100][gc,heap     ] GC(6) Humongous regions: 138->138
[2026-02-10T11:09:06.229+0100][gc,metaspace] GC(6) Metaspace: 40991K(41472K)->40991K(41472K) NonClass: 36269K(36544K)->36269K(36544K) Class: 4721K(4928K)->4721K(4928K)
[2026-02-10T11:09:06.229+0100][gc          ] GC(6) Pause Young (Prepare Mixed) (G1 Evacuation Pause) 198M->157M(1024M) 36.782ms
[2026-02-10T11:09:06.229+0100][gc,cpu      ] GC(6) User=0.02s Sys=0.03s Real=0.04s
[2026-02-10T11:15:08.759+0100][gc,start    ] GC(7) Pause Young (Mixed) (G1 Evacuation Pause)
[2026-02-10T11:15:08.773+0100][gc,task     ] GC(7) Using 2 workers of 2 for evacuation
[2026-02-10T11:15:08.909+0100][gc,mmu      ] GC(7) MMU target violated: 21.0ms (20.0ms/21.0ms)
[2026-02-10T11:15:08.910+0100][gc,phases   ] GC(7)   Pre Evacuate Collection Set: 6.06ms
[2026-02-10T11:15:08.910+0100][gc,phases   ] GC(7)   Merge Heap Roots: 0.76ms
[2026-02-10T11:15:08.910+0100][gc,phases   ] GC(7)   Evacuate Collection Set: 120.23ms
[2026-02-10T11:15:08.910+0100][gc,phases   ] GC(7)   Post Evacuate Collection Set: 7.22ms
[2026-02-10T11:15:08.910+0100][gc,phases   ] GC(7)   Other: 16.01ms
[2026-02-10T11:15:08.910+0100][gc,heap     ] GC(7) Eden regions: 47->0(46)
[2026-02-10T11:15:08.910+0100][gc,heap     ] GC(7) Survivor regions: 4->5(7)
[2026-02-10T11:15:08.910+0100][gc,heap     ] GC(7) Old regions: 16->15
[2026-02-10T11:15:08.910+0100][gc,heap     ] GC(7) Archive regions: 2->2
[2026-02-10T11:15:08.910+0100][gc,heap     ] GC(7) Humongous regions: 138->138
[2026-02-10T11:15:08.910+0100][gc,metaspace] GC(7) Metaspace: 43336K(43840K)->43336K(43840K) NonClass: 38452K(38720K)->38452K(38720K) Class: 4883K(5120K)->4883K(5120K)
[2026-02-10T11:15:08.912+0100][gc          ] GC(7) Pause Young (Mixed) (G1 Evacuation Pause) 204M->158M(1024M) 152.246ms
[2026-02-10T11:15:08.912+0100][gc,cpu      ] GC(7) User=0.10s Sys=0.09s Real=0.15s
[2026-02-10T11:22:09.778+0100][gc,start    ] GC(8) Pause Young (Normal) (G1 Evacuation Pause)
[2026-02-10T11:22:09.778+0100][gc,task     ] GC(8) Using 2 workers of 2 for evacuation
[2026-02-10T11:22:09.801+0100][gc,mmu      ] GC(8) MMU target violated: 21.0ms (20.0ms/21.0ms)
[2026-02-10T11:22:09.801+0100][gc,phases   ] GC(8)   Pre Evacuate Collection Set: 1.69ms
[2026-02-10T11:22:09.801+0100][gc,phases   ] GC(8)   Merge Heap Roots: 0.21ms
[2026-02-10T11:22:09.801+0100][gc,phases   ] GC(8)   Evacuate Collection Set: 18.20ms
[2026-02-10T11:22:09.801+0100][gc,phases   ] GC(8)   Post Evacuate Collection Set: 2.95ms
[2026-02-10T11:22:09.801+0100][gc,phases   ] GC(8)   Other: 0.61ms
[2026-02-10T11:22:09.801+0100][gc,heap     ] GC(8) Eden regions: 46->0(48)
[2026-02-10T11:22:09.801+0100][gc,heap     ] GC(8) Survivor regions: 5->3(7)
[2026-02-10T11:22:09.801+0100][gc,heap     ] GC(8) Old regions: 15->18
[2026-02-10T11:22:09.801+0100][gc,heap     ] GC(8) Archive regions: 2->2
[2026-02-10T11:22:09.801+0100][gc,heap     ] GC(8) Humongous regions: 138->138
[2026-02-10T11:22:09.801+0100][gc,metaspace] GC(8) Metaspace: 44144K(44736K)->44144K(44736K) NonClass: 39143K(39488K)->39143K(39488K) Class: 5000K(5248K)->5000K(5248K)
[2026-02-10T11:22:09.801+0100][gc          ] GC(8) Pause Young (Normal) (G1 Evacuation Pause) 204M->159M(1024M) 23.377ms
[2026-02-10T11:22:09.801+0100][gc,cpu      ] GC(8) User=0.01s Sys=0.02s Real=0.02s
[2026-02-10T11:26:41.139+0100][gc,start    ] GC(9) Pause Young (Normal) (G1 Evacuation Pause)
[2026-02-10T11:26:41.139+0100][gc,task     ] GC(9) Using 2 workers of 2 for evacuation
[2026-02-10T11:26:41.178+0100][gc,mmu      ] GC(9) MMU target violated: 21.0ms (20.0ms/21.0ms)
[2026-02-10T11:26:41.178+0100][gc,phases   ] GC(9)   Pre Evacuate Collection Set: 0.45ms
[2026-02-10T11:26:41.178+0100][gc,phases   ] GC(9)   Merge Heap Roots: 0.11ms
[2026-02-10T11:26:41.178+0100][gc,phases   ] GC(9)   Evacuate Collection Set: 37.08ms
[2026-02-10T11:26:41.178+0100][gc,phases   ] GC(9)   Post Evacuate Collection Set: 1.43ms
[2026-02-10T11:26:41.178+0100][gc,phases   ] GC(9)   Other: 0.21ms
[2026-02-10T11:26:41.178+0100][gc,heap     ] GC(9) Eden regions: 48->0(47)
[2026-02-10T11:26:41.178+0100][gc,heap     ] GC(9) Survivor regions: 3->4(7)
[2026-02-10T11:26:41.178+0100][gc,heap     ] GC(9) Old regions: 18->18
[2026-02-10T11:26:41.178+0100][gc,heap     ] GC(9) Archive regions: 2->2
[2026-02-10T11:26:41.178+0100][gc,heap     ] GC(9) Humongous regions: 138->138
[2026-02-10T11:26:41.178+0100][gc,metaspace] GC(9) Metaspace: 44561K(45120K)->44561K(45120K) NonClass: 39552K(39872K)->39552K(39872K) Class: 5008K(5248K)->5008K(5248K)
[2026-02-10T11:26:41.178+0100][gc          ] GC(9) Pause Young (Normal) (G1 Evacuation Pause) 207M->160M(1024M) 39.397ms
[2026-02-10T11:26:41.179+0100][gc,cpu      ] GC(9) User=0.01s Sys=0.03s Real=0.04s
[2026-02-10T11:32:31.456+0100][gc,start    ] GC(10) Pause Young (Normal) (G1 Evacuation Pause)
[2026-02-10T11:32:31.456+0100][gc,task     ] GC(10) Using 2 workers of 2 for evacuation
[2026-02-10T11:32:31.489+0100][gc,mmu      ] GC(10) MMU target violated: 21.0ms (20.0ms/21.0ms)
[2026-02-10T11:32:31.490+0100][gc,phases   ] GC(10)   Pre Evacuate Collection Set: 0.75ms
[2026-02-10T11:32:31.490+0100][gc,phases   ] GC(10)   Merge Heap Roots: 0.66ms
[2026-02-10T11:32:31.490+0100][gc,phases   ] GC(10)   Evacuate Collection Set: 20.30ms
[2026-02-10T11:32:31.490+0100][gc,phases   ] GC(10)   Post Evacuate Collection Set: 11.07ms
[2026-02-10T11:32:31.490+0100][gc,phases   ] GC(10)   Other: 0.53ms
[2026-02-10T11:32:31.490+0100][gc,heap     ] GC(10) Eden regions: 47->0(47)
[2026-02-10T11:32:31.490+0100][gc,heap     ] GC(10) Survivor regions: 4->4(7)
[2026-02-10T11:32:31.490+0100][gc,heap     ] GC(10) Old regions: 18->19
[2026-02-10T11:32:31.490+0100][gc,heap     ] GC(10) Archive regions: 2->2
[2026-02-10T11:32:31.490+0100][gc,heap     ] GC(10) Humongous regions: 138->138
[2026-02-10T11:32:31.490+0100][gc,metaspace] GC(10) Metaspace: 44658K(45248K)->44658K(45248K) NonClass: 39645K(40000K)->39645K(40000K) Class: 5012K(5248K)->5012K(5248K)
[2026-02-10T11:32:31.490+0100][gc          ] GC(10) Pause Young (Normal) (G1 Evacuation Pause) 207M->161M(1024M) 33.346ms
[2026-02-10T11:32:31.490+0100][gc,cpu      ] GC(10) User=0.01s Sys=0.01s Real=0.03s
[2026-02-10T11:38:32.990+0100][gc,start    ] GC(11) Pause Young (Normal) (G1 Evacuation Pause)
[2026-02-10T11:38:32.990+0100][gc,task     ] GC(11) Using 2 workers of 2 for evacuation
[2026-02-10T11:38:33.017+0100][gc,mmu      ] GC(11) MMU target violated: 21.0ms (20.0ms/21.0ms)
[2026-02-10T11:38:33.017+0100][gc,phases   ] GC(11)   Pre Evacuate Collection Set: 5.01ms
[2026-02-10T11:38:33.017+0100][gc,phases   ] GC(11)   Merge Heap Roots: 0.65ms
[2026-02-10T11:38:33.017+0100][gc,phases   ] GC(11)   Evacuate Collection Set: 18.05ms
[2026-02-10T11:38:33.017+0100][gc,phases   ] GC(11)   Post Evacuate Collection Set: 3.40ms
[2026-02-10T11:38:33.017+0100][gc,phases   ] GC(11)   Other: 0.86ms
[2026-02-10T11:38:33.018+0100][gc,heap     ] GC(11) Eden regions: 47->0(46)
[2026-02-10T11:38:33.018+0100][gc,heap     ] GC(11) Survivor regions: 4->5(7)
[2026-02-10T11:38:33.018+0100][gc,heap     ] GC(11) Old regions: 19->19
[2026-02-10T11:38:33.018+0100][gc,heap     ] GC(11) Archive regions: 2->2
[2026-02-10T11:38:33.018+0100][gc,heap     ] GC(11) Humongous regions: 138->138
[2026-02-10T11:38:33.018+0100][gc,metaspace] GC(11) Metaspace: 44704K(45248K)->44704K(45248K) NonClass: 39691K(40000K)->39691K(40000K) Class: 5012K(5248K)->5012K(5248K)
[2026-02-10T11:38:33.018+0100][gc          ] GC(11) Pause Young (Normal) (G1 Evacuation Pause) 208M->162M(1024M) 28.032ms
[2026-02-10T11:38:33.018+0100][gc,cpu      ] GC(11) User=0.02s Sys=0.02s Real=0.03s
[2026-02-10T11:44:34.555+0100][gc,start    ] GC(12) Pause Young (Normal) (G1 Evacuation Pause)
[2026-02-10T11:44:34.567+0100][gc,task     ] GC(12) Using 2 workers of 2 for evacuation
[2026-02-10T11:44:34.638+0100][gc,mmu      ] GC(12) MMU target violated: 21.0ms (20.0ms/21.0ms)
[2026-02-10T11:44:34.638+0100][gc,phases   ] GC(12)   Pre Evacuate Collection Set: 6.38ms
[2026-02-10T11:44:34.638+0100][gc,phases   ] GC(12)   Merge Heap Roots: 0.59ms
[2026-02-10T11:44:34.638+0100][gc,phases   ] GC(12)   Evacuate Collection Set: 56.17ms
[2026-02-10T11:44:34.638+0100][gc,phases   ] GC(12)   Post Evacuate Collection Set: 7.25ms
[2026-02-10T11:44:34.638+0100][gc,phases   ] GC(12)   Other: 12.95ms
[2026-02-10T11:44:34.638+0100][gc,heap     ] GC(12) Eden regions: 46->0(46)
[2026-02-10T11:44:34.638+0100][gc,heap     ] GC(12) Survivor regions: 5->5(7)
[2026-02-10T11:44:34.638+0100][gc,heap     ] GC(12) Old regions: 19->20
[2026-02-10T11:44:34.638+0100][gc,heap     ] GC(12) Archive regions: 2->2
[2026-02-10T11:44:34.638+0100][gc,heap     ] GC(12) Humongous regions: 138->138
[2026-02-10T11:44:34.638+0100][gc,metaspace] GC(12) Metaspace: 44758K(45312K)->44758K(45312K) NonClass: 39745K(40064K)->39745K(40064K) Class: 5013K(5248K)->5013K(5248K)
[2026-02-10T11:44:34.638+0100][gc          ] GC(12) Pause Young (Normal) (G1 Evacuation Pause) 208M->162M(1024M) 83.504ms
[2026-02-10T11:44:34.638+0100][gc,cpu      ] GC(12) User=0.01s Sys=0.03s Real=0.09s
[2026-02-10T11:49:59.028+0100][gc,start    ] GC(13) Pause Young (Normal) (G1 Evacuation Pause)
[2026-02-10T11:49:59.028+0100][gc,task     ] GC(13) Using 2 workers of 2 for evacuation
[2026-02-10T11:49:59.084+0100][gc,mmu      ] GC(13) MMU target violated: 21.0ms (20.0ms/21.0ms)
[2026-02-10T11:49:59.084+0100][gc,phases   ] GC(13)   Pre Evacuate Collection Set: 0.67ms
[2026-02-10T11:49:59.084+0100][gc,phases   ] GC(13)   Merge Heap Roots: 0.09ms
[2026-02-10T11:49:59.084+0100][gc,phases   ] GC(13)   Evacuate Collection Set: 52.56ms
[2026-02-10T11:49:59.084+0100][gc,phases   ] GC(13)   Post Evacuate Collection Set: 2.05ms
[2026-02-10T11:49:59.084+0100][gc,phases   ] GC(13)   Other: 0.25ms
[2026-02-10T11:49:59.084+0100][gc,heap     ] GC(13) Eden regions: 46->0(46)
[2026-02-10T11:49:59.084+0100][gc,heap     ] GC(13) Survivor regions: 5->5(7)
[2026-02-10T11:49:59.084+0100][gc,heap     ] GC(13) Old regions: 20->21
[2026-02-10T11:49:59.084+0100][gc,heap     ] GC(13) Archive regions: 2->2
[2026-02-10T11:49:59.084+0100][gc,heap     ] GC(13) Humongous regions: 138->138
[2026-02-10T11:49:59.084+0100][gc,metaspace] GC(13) Metaspace: 44809K(45312K)->44809K(45312K) NonClass: 39795K(40064K)->39795K(40064K) Class: 5013K(5248K)->5013K(5248K)
[2026-02-10T11:49:59.084+0100][gc          ] GC(13) Pause Young (Normal) (G1 Evacuation Pause) 208M->163M(1024M) 55.712ms
[2026-02-10T11:49:59.084+0100][gc,cpu      ] GC(13) User=0.02s Sys=0.01s Real=0.05s
[2026-02-10T11:54:30.628+0100][gc,start    ] GC(14) Pause Young (Normal) (G1 Evacuation Pause)
[2026-02-10T11:54:30.629+0100][gc,task     ] GC(14) Using 2 workers of 2 for evacuation
[2026-02-10T11:54:30.679+0100][gc,mmu      ] GC(14) MMU target violated: 21.0ms (20.0ms/21.0ms)
[2026-02-10T11:54:30.680+0100][gc,phases   ] GC(14)   Pre Evacuate Collection Set: 5.22ms
[2026-02-10T11:54:30.680+0100][gc,phases   ] GC(14)   Merge Heap Roots: 0.16ms
[2026-02-10T11:54:30.680+0100][gc,phases   ] GC(14)   Evacuate Collection Set: 44.05ms
[2026-02-10T11:54:30.680+0100][gc,phases   ] GC(14)   Post Evacuate Collection Set: 0.75ms
[2026-02-10T11:54:30.680+0100][gc,phases   ] GC(14)   Other: 1.32ms
[2026-02-10T11:54:30.680+0100][gc,heap     ] GC(14) Eden regions: 46->0(46)
[2026-02-10T11:54:30.680+0100][gc,heap     ] GC(14) Survivor regions: 5->5(7)
[2026-02-10T11:54:30.680+0100][gc,heap     ] GC(14) Old regions: 21->22
[2026-02-10T11:54:30.680+0100][gc,heap     ] GC(14) Archive regions: 2->2
[2026-02-10T11:54:30.680+0100][gc,heap     ] GC(14) Humongous regions: 138->138
[2026-02-10T11:54:30.680+0100][gc,metaspace] GC(14) Metaspace: 44840K(45376K)->44840K(45376K) NonClass: 39826K(40128K)->39826K(40128K) Class: 5014K(5248K)->5014K(5248K)
[2026-02-10T11:54:30.680+0100][gc          ] GC(14) Pause Young (Normal) (G1 Evacuation Pause) 209M->164M(1024M) 51.530ms
[2026-02-10T11:54:30.680+0100][gc,cpu      ] GC(14) User=0.01s Sys=0.01s Real=0.05s
[2026-02-10T11:59:17.827+0100][gc,start    ] GC(15) Pause Young (Normal) (G1 Evacuation Pause)
[2026-02-10T11:59:17.828+0100][gc,task     ] GC(15) Using 2 workers of 2 for evacuation
[2026-02-10T11:59:17.862+0100][gc,mmu      ] GC(15) MMU target violated: 21.0ms (20.0ms/21.0ms)
[2026-02-10T11:59:17.862+0100][gc,phases   ] GC(15)   Pre Evacuate Collection Set: 2.28ms
[2026-02-10T11:59:17.862+0100][gc,phases   ] GC(15)   Merge Heap Roots: 0.57ms
[2026-02-10T11:59:17.862+0100][gc,phases   ] GC(15)   Evacuate Collection Set: 23.85ms
[2026-02-10T11:59:17.862+0100][gc,phases   ] GC(15)   Post Evacuate Collection Set: 6.74ms
[2026-02-10T11:59:17.862+0100][gc,phases   ] GC(15)   Other: 2.13ms
[2026-02-10T11:59:17.862+0100][gc,heap     ] GC(15) Eden regions: 46->0(47)
[2026-02-10T11:59:17.862+0100][gc,heap     ] GC(15) Survivor regions: 5->4(7)
[2026-02-10T11:59:17.862+0100][gc,heap     ] GC(15) Old regions: 22->23
[2026-02-10T11:59:17.862+0100][gc,heap     ] GC(15) Archive regions: 2->2
[2026-02-10T11:59:17.862+0100][gc,heap     ] GC(15) Humongous regions: 138->138
[2026-02-10T11:59:17.862+0100][gc,metaspace] GC(15) Metaspace: 44871K(45440K)->44871K(45440K) NonClass: 39857K(40192K)->39857K(40192K) Class: 5014K(5248K)->5014K(5248K)
[2026-02-10T11:59:17.863+0100][gc          ] GC(15) Pause Young (Normal) (G1 Evacuation Pause) 210M->165M(1024M) 36.156ms
[2026-02-10T11:59:17.863+0100][gc,cpu      ] GC(15) User=0.02s Sys=0.03s Real=0.04s
[2026-02-10T12:03:36.201+0100][gc,start    ] GC(16) Pause Young (Normal) (G1 Evacuation Pause)
[2026-02-10T12:03:36.204+0100][gc,task     ] GC(16) Using 2 workers of 2 for evacuation
[2026-02-10T12:03:36.248+0100][gc,mmu      ] GC(16) MMU target violated: 21.0ms (20.0ms/21.0ms)
[2026-02-10T12:03:36.248+0100][gc,phases   ] GC(16)   Pre Evacuate Collection Set: 2.27ms
[2026-02-10T12:03:36.248+0100][gc,phases   ] GC(16)   Merge Heap Roots: 1.10ms
[2026-02-10T12:03:36.248+0100][gc,phases   ] GC(16)   Evacuate Collection Set: 37.24ms
[2026-02-10T12:03:36.248+0100][gc,phases   ] GC(16)   Post Evacuate Collection Set: 3.24ms
[2026-02-10T12:03:36.248+0100][gc,phases   ] GC(16)   Other: 2.81ms
[2026-02-10T12:03:36.248+0100][gc,heap     ] GC(16) Eden regions: 47->0(47)
[2026-02-10T12:03:36.248+0100][gc,heap     ] GC(16) Survivor regions: 4->4(7)
[2026-02-10T12:03:36.248+0100][gc,heap     ] GC(16) Old regions: 23->24
[2026-02-10T12:03:36.248+0100][gc,heap     ] GC(16) Archive regions: 2->2
[2026-02-10T12:03:36.248+0100][gc,heap     ] GC(16) Humongous regions: 138->138
[2026-02-10T12:03:36.248+0100][gc,metaspace] GC(16) Metaspace: 44887K(45440K)->44887K(45440K) NonClass: 39872K(40192K)->39872K(40192K) Class: 5014K(5248K)->5014K(5248K)
[2026-02-10T12:03:36.248+0100][gc          ] GC(16) Pause Young (Normal) (G1 Evacuation Pause) 212M->166M(1024M) 46.691ms
[2026-02-10T12:03:36.248+0100][gc,cpu      ] GC(16) User=0.03s Sys=0.01s Real=0.05s
[2026-02-10T12:07:47.017+0100][gc,start    ] GC(17) Pause Young (Normal) (G1 Evacuation Pause)
[2026-02-10T12:07:47.018+0100][gc,task     ] GC(17) Using 2 workers of 2 for evacuation
[2026-02-10T12:07:47.063+0100][gc,mmu      ] GC(17) MMU target violated: 21.0ms (20.0ms/21.0ms)
[2026-02-10T12:07:47.063+0100][gc,phases   ] GC(17)   Pre Evacuate Collection Set: 0.71ms
[2026-02-10T12:07:47.064+0100][gc,phases   ] GC(17)   Merge Heap Roots: 0.51ms
[2026-02-10T12:07:47.064+0100][gc,phases   ] GC(17)   Evacuate Collection Set: 40.09ms
[2026-02-10T12:07:47.064+0100][gc,phases   ] GC(17)   Post Evacuate Collection Set: 3.66ms
[2026-02-10T12:07:47.064+0100][gc,phases   ] GC(17)   Other: 1.13ms
[2026-02-10T12:07:47.064+0100][gc,heap     ] GC(17) Eden regions: 47->0(46)
[2026-02-10T12:07:47.064+0100][gc,heap     ] GC(17) Survivor regions: 4->5(7)
[2026-02-10T12:07:47.064+0100][gc,heap     ] GC(17) Old regions: 24->25
[2026-02-10T12:07:47.064+0100][gc,heap     ] GC(17) Archive regions: 2->2
[2026-02-10T12:07:47.064+0100][gc,heap     ] GC(17) Humongous regions: 138->138
[2026-02-10T12:07:47.064+0100][gc,metaspace] GC(17) Metaspace: 44895K(45440K)->44895K(45440K) NonClass: 39880K(40192K)->39880K(40192K) Class: 5014K(5248K)->5014K(5248K)
[2026-02-10T12:07:47.065+0100][gc          ] GC(17) Pause Young (Normal) (G1 Evacuation Pause) 213M->168M(1024M) 47.154ms
[2026-02-10T12:07:47.065+0100][gc,cpu      ] GC(17) User=0.04s Sys=0.02s Real=0.04s
[2026-02-10T12:11:46.107+0100][gc,start    ] GC(18) Pause Young (Normal) (G1 Evacuation Pause)
[2026-02-10T12:11:46.107+0100][gc,task     ] GC(18) Using 2 workers of 2 for evacuation
[2026-02-10T12:11:46.125+0100][gc,phases   ] GC(18)   Pre Evacuate Collection Set: 0.48ms
[2026-02-10T12:11:46.125+0100][gc,phases   ] GC(18)   Merge Heap Roots: 0.09ms
[2026-02-10T12:11:46.125+0100][gc,phases   ] GC(18)   Evacuate Collection Set: 15.53ms
[2026-02-10T12:11:46.125+0100][gc,phases   ] GC(18)   Post Evacuate Collection Set: 2.03ms
[2026-02-10T12:11:46.125+0100][gc,phases   ] GC(18)   Other: 0.31ms
[2026-02-10T12:11:46.125+0100][gc,heap     ] GC(18) Eden regions: 46->0(46)
[2026-02-10T12:11:46.125+0100][gc,heap     ] GC(18) Survivor regions: 5->5(7)
[2026-02-10T12:11:46.125+0100][gc,heap     ] GC(18) Old regions: 25->26
[2026-02-10T12:11:46.125+0100][gc,heap     ] GC(18) Archive regions: 2->2
[2026-02-10T12:11:46.125+0100][gc,heap     ] GC(18) Humongous regions: 147->147
[2026-02-10T12:11:46.125+0100][gc,metaspace] GC(18) Metaspace: 45066K(45568K)->45066K(45568K) NonClass: 40019K(40320K)->40019K(40320K) Class: 5047K(5248K)->5047K(5248K)
[2026-02-10T12:11:46.125+0100][gc          ] GC(18) Pause Young (Normal) (G1 Evacuation Pause) 223M->178M(1024M) 18.552ms
[2026-02-10T12:11:46.125+0100][gc,cpu      ] GC(18) User=0.01s Sys=0.02s Real=0.01s
[2026-02-10T12:18:44.491+0100][gc,start    ] GC(19) Pause Young (Normal) (G1 Evacuation Pause)
[2026-02-10T12:18:44.491+0100][gc,task     ] GC(19) Using 2 workers of 2 for evacuation
[2026-02-10T12:18:44.553+0100][gc,mmu      ] GC(19) MMU target violated: 21.0ms (20.0ms/21.0ms)
[2026-02-10T12:18:44.554+0100][gc,phases   ] GC(19)   Pre Evacuate Collection Set: 9.70ms
[2026-02-10T12:18:44.554+0100][gc,phases   ] GC(19)   Merge Heap Roots: 0.86ms
[2026-02-10T12:18:44.554+0100][gc,phases   ] GC(19)   Evacuate Collection Set: 40.56ms
[2026-02-10T12:18:44.554+0100][gc,phases   ] GC(19)   Post Evacuate Collection Set: 10.55ms
[2026-02-10T12:18:44.554+0100][gc,phases   ] GC(19)   Other: 2.25ms
[2026-02-10T12:18:44.554+0100][gc,heap     ] GC(19) Eden regions: 46->0(47)
[2026-02-10T12:18:44.554+0100][gc,heap     ] GC(19) Survivor regions: 5->4(7)
[2026-02-10T12:18:44.554+0100][gc,heap     ] GC(19) Old regions: 26->28
[2026-02-10T12:18:44.555+0100][gc,heap     ] GC(19) Archive regions: 2->2
[2026-02-10T12:18:44.555+0100][gc,heap     ] GC(19) Humongous regions: 147->147
[2026-02-10T12:18:44.555+0100][gc,metaspace] GC(19) Metaspace: 45087K(45632K)->45087K(45632K) NonClass: 40040K(40384K)->40040K(40384K) Class: 5047K(5248K)->5047K(5248K)
[2026-02-10T12:18:44.555+0100][gc          ] GC(19) Pause Young (Normal) (G1 Evacuation Pause) 224M->179M(1024M) 64.030ms
[2026-02-10T12:18:44.555+0100][gc,cpu      ] GC(19) User=0.05s Sys=0.06s Real=0.06s
[2026-02-10T12:28:54.765+0100][gc,start    ] GC(20) Pause Young (Normal) (G1 Evacuation Pause)
[2026-02-10T12:28:54.765+0100][gc,task     ] GC(20) Using 2 workers of 2 for evacuation
[2026-02-10T12:28:54.899+0100][gc,mmu      ] GC(20) MMU target violated: 21.0ms (20.0ms/21.0ms)
[2026-02-10T12:28:54.900+0100][gc,phases   ] GC(20)   Pre Evacuate Collection Set: 21.87ms
[2026-02-10T12:28:54.900+0100][gc,phases   ] GC(20)   Merge Heap Roots: 12.89ms
[2026-02-10T12:28:54.900+0100][gc,phases   ] GC(20)   Evacuate Collection Set: 90.07ms
[2026-02-10T12:28:54.900+0100][gc,phases   ] GC(20)   Post Evacuate Collection Set: 8.23ms
[2026-02-10T12:28:54.900+0100][gc,phases   ] GC(20)   Other: 2.41ms
[2026-02-10T12:28:54.900+0100][gc,heap     ] GC(20) Eden regions: 47->0(47)
[2026-02-10T12:28:54.900+0100][gc,heap     ] GC(20) Survivor regions: 4->4(7)
[2026-02-10T12:28:54.900+0100][gc,heap     ] GC(20) Old regions: 28->28
[2026-02-10T12:28:54.900+0100][gc,heap     ] GC(20) Archive regions: 2->2
[2026-02-10T12:28:54.900+0100][gc,heap     ] GC(20) Humongous regions: 147->147
[2026-02-10T12:28:54.900+0100][gc,metaspace] GC(20) Metaspace: 45096K(45632K)->45096K(45632K) NonClass: 40049K(40384K)->40049K(40384K) Class: 5047K(5248K)->5047K(5248K)
[2026-02-10T12:28:54.900+0100][gc          ] GC(20) Pause Young (Normal) (G1 Evacuation Pause) 226M->179M(1024M) 135.850ms
[2026-02-10T12:28:54.908+0100][gc,cpu      ] GC(20) User=0.05s Sys=0.04s Real=0.14s
[2026-02-10T12:39:03.544+0100][gc,start    ] GC(21) Pause Young (Normal) (G1 Evacuation Pause)
[2026-02-10T12:39:03.546+0100][gc,task     ] GC(21) Using 2 workers of 2 for evacuation
[2026-02-10T12:39:03.625+0100][gc,mmu      ] GC(21) MMU target violated: 21.0ms (20.0ms/21.0ms)
[2026-02-10T12:39:03.625+0100][gc,phases   ] GC(21)   Pre Evacuate Collection Set: 4.89ms
[2026-02-10T12:39:03.625+0100][gc,phases   ] GC(21)   Merge Heap Roots: 1.86ms
[2026-02-10T12:39:03.625+0100][gc,phases   ] GC(21)   Evacuate Collection Set: 62.93ms
[2026-02-10T12:39:03.625+0100][gc,phases   ] GC(21)   Post Evacuate Collection Set: 9.00ms
[2026-02-10T12:39:03.625+0100][gc,phases   ] GC(21)   Other: 2.41ms
[2026-02-10T12:39:03.625+0100][gc,heap     ] GC(21) Eden regions: 47->0(48)
[2026-02-10T12:39:03.625+0100][gc,heap     ] GC(21) Survivor regions: 4->3(7)
[2026-02-10T12:39:03.625+0100][gc,heap     ] GC(21) Old regions: 28->30
[2026-02-10T12:39:03.625+0100][gc,heap     ] GC(21) Archive regions: 2->2
[2026-02-10T12:39:03.625+0100][gc,heap     ] GC(21) Humongous regions: 147->147
[2026-02-10T12:39:03.625+0100][gc,metaspace] GC(21) Metaspace: 45103K(45632K)->45103K(45632K) NonClass: 40056K(40384K)->40056K(40384K) Class: 5047K(5248K)->5047K(5248K)
[2026-02-10T12:39:03.626+0100][gc          ] GC(21) Pause Young (Normal) (G1 Evacuation Pause) 226M->179M(1024M) 81.235ms
[2026-02-10T12:39:03.626+0100][gc,cpu      ] GC(21) User=0.04s Sys=0.06s Real=0.08s
[2026-02-10T12:48:27.302+0100][gc,start    ] GC(22) Pause Young (Normal) (G1 Evacuation Pause)
[2026-02-10T12:48:27.308+0100][gc,task     ] GC(22) Using 2 workers of 2 for evacuation
[2026-02-10T12:48:27.585+0100][gc,mmu      ] GC(22) MMU target violated: 21.0ms (20.0ms/21.0ms)
[2026-02-10T12:48:27.585+0100][gc,phases   ] GC(22)   Pre Evacuate Collection Set: 45.90ms
[2026-02-10T12:48:27.586+0100][gc,phases   ] GC(22)   Merge Heap Roots: 20.06ms
[2026-02-10T12:48:27.586+0100][gc,phases   ] GC(22)   Evacuate Collection Set: 165.06ms
[2026-02-10T12:48:27.586+0100][gc,phases   ] GC(22)   Post Evacuate Collection Set: 39.47ms
[2026-02-10T12:48:27.586+0100][gc,phases   ] GC(22)   Other: 25.18ms
[2026-02-10T12:48:27.586+0100][gc,heap     ] GC(22) Eden regions: 48->0(47)
[2026-02-10T12:48:27.586+0100][gc,heap     ] GC(22) Survivor regions: 3->4(7)
[2026-02-10T12:48:27.586+0100][gc,heap     ] GC(22) Old regions: 30->30
[2026-02-10T12:48:27.586+0100][gc,heap     ] GC(22) Archive regions: 2->2
[2026-02-10T12:48:27.586+0100][gc,heap     ] GC(22) Humongous regions: 147->147
[2026-02-10T12:48:27.586+0100][gc,metaspace] GC(22) Metaspace: 45138K(45696K)->45138K(45696K) NonClass: 40090K(40448K)->40090K(40448K) Class: 5047K(5248K)->5047K(5248K)
[2026-02-10T12:48:27.586+0100][gc          ] GC(22) Pause Young (Normal) (G1 Evacuation Pause) 227M->181M(1024M) 284.146ms
[2026-02-10T12:48:27.586+0100][gc,cpu      ] GC(22) User=0.18s Sys=0.23s Real=0.29s
[2026-02-10T12:58:34.210+0100][gc,start    ] GC(23) Pause Young (Normal) (G1 Evacuation Pause)
[2026-02-10T12:58:34.211+0100][gc,task     ] GC(23) Using 2 workers of 2 for evacuation
[2026-02-10T12:58:34.268+0100][gc,mmu      ] GC(23) MMU target violated: 21.0ms (20.0ms/21.0ms)
[2026-02-10T12:58:34.268+0100][gc,phases   ] GC(23)   Pre Evacuate Collection Set: 5.42ms
[2026-02-10T12:58:34.268+0100][gc,phases   ] GC(23)   Merge Heap Roots: 2.97ms
[2026-02-10T12:58:34.268+0100][gc,phases   ] GC(23)   Evacuate Collection Set: 38.57ms
[2026-02-10T12:58:34.268+0100][gc,phases   ] GC(23)   Post Evacuate Collection Set: 7.38ms
[2026-02-10T12:58:34.268+0100][gc,phases   ] GC(23)   Other: 4.17ms
[2026-02-10T12:58:34.268+0100][gc,heap     ] GC(23) Eden regions: 47->0(47)
[2026-02-10T12:58:34.268+0100][gc,heap     ] GC(23) Survivor regions: 4->4(7)
[2026-02-10T12:58:34.268+0100][gc,heap     ] GC(23) Old regions: 30->30
[2026-02-10T12:58:34.268+0100][gc,heap     ] GC(23) Archive regions: 2->2
[2026-02-10T12:58:34.268+0100][gc,heap     ] GC(23) Humongous regions: 147->147
[2026-02-10T12:58:34.268+0100][gc,metaspace] GC(23) Metaspace: 45139K(45696K)->45139K(45696K) NonClass: 40092K(40448K)->40092K(40448K) Class: 5047K(5248K)->5047K(5248K)
[2026-02-10T12:58:34.269+0100][gc          ] GC(23) Pause Young (Normal) (G1 Evacuation Pause) 228M->181M(1024M) 59.768ms
[2026-02-10T12:58:34.270+0100][gc,cpu      ] GC(23) User=0.05s Sys=0.03s Real=0.06s
[2026-02-10T13:07:57.992+0100][gc,start    ] GC(24) Pause Young (Normal) (G1 Evacuation Pause)
[2026-02-10T13:07:57.995+0100][gc,task     ] GC(24) Using 2 workers of 2 for evacuation
[2026-02-10T13:07:58.388+0100][gc,mmu      ] GC(24) MMU target violated: 21.0ms (20.0ms/21.0ms)
[2026-02-10T13:07:58.389+0100][gc,phases   ] GC(24)   Pre Evacuate Collection Set: 42.61ms
[2026-02-10T13:07:58.389+0100][gc,phases   ] GC(24)   Merge Heap Roots: 5.82ms
[2026-02-10T13:07:58.389+0100][gc,phases   ] GC(24)   Evacuate Collection Set: 300.67ms
[2026-02-10T13:07:58.389+0100][gc,phases   ] GC(24)   Post Evacuate Collection Set: 39.73ms
[2026-02-10T13:07:58.389+0100][gc,phases   ] GC(24)   Other: 9.48ms
[2026-02-10T13:07:58.389+0100][gc,heap     ] GC(24) Eden regions: 47->0(46)
[2026-02-10T13:07:58.389+0100][gc,heap     ] GC(24) Survivor regions: 4->5(7)
[2026-02-10T13:07:58.389+0100][gc,heap     ] GC(24) Old regions: 30->31
[2026-02-10T13:07:58.389+0100][gc,heap     ] GC(24) Archive regions: 2->2
[2026-02-10T13:07:58.389+0100][gc,heap     ] GC(24) Humongous regions: 147->147
[2026-02-10T13:07:58.389+0100][gc,metaspace] GC(24) Metaspace: 45162K(45696K)->45162K(45696K) NonClass: 40112K(40448K)->40112K(40448K) Class: 5049K(5248K)->5049K(5248K)
[2026-02-10T13:07:58.389+0100][gc          ] GC(24) Pause Young (Normal) (G1 Evacuation Pause) 228M->182M(1024M) 396.312ms
[2026-02-10T13:07:58.389+0100][gc,cpu      ] GC(24) User=0.17s Sys=0.13s Real=0.40s
[2026-02-10T13:08:12.941+0100][gc,heap,exit] Heap
[2026-02-10T13:08:12.941+0100][gc,heap,exit]  garbage-first heap   total 1048576K, used 204195K [0x00000000c0000000, 0x0000000100000000)
[2026-02-10T13:08:12.941+0100][gc,heap,exit]   region size 1024K, 22 young (22528K), 5 survivors (5120K)
[2026-02-10T13:08:12.941+0100][gc,heap,exit]  Metaspace       used 46341K, committed 46912K, reserved 1114112K
[2026-02-10T13:08:12.941+0100][gc,heap,exit]   class space    used 5299K, committed 5504K, reserved 1048576K
