[2026-02-11T18:40:03.455+0100][gc] Using G1
[2026-02-11T18:40:03.468+0100][gc,init] Version: 17.0.18+8-Ubuntu-124.04.1 (release)
[2026-02-11T18:40:03.468+0100][gc,init] CPUs: 2 total, 2 available
[2026-02-11T18:40:03.469+0100][gc,init] Memory: 3914M
[2026-02-11T18:40:03.469+0100][gc,init] Large Page Support: Disabled
[2026-02-11T18:40:03.469+0100][gc,init] NUMA Support: Disabled
[2026-02-11T18:40:03.469+0100][gc,init] Compressed Oops: Enabled (32-bit)
[2026-02-11T18:40:03.469+0100][gc,init] Heap Region Size: 1M
[2026-02-11T18:40:03.469+0100][gc,init] Heap Min Capacity: 1G
[2026-02-11T18:40:03.469+0100][gc,init] Heap Initial Capacity: 1G
[2026-02-11T18:40:03.469+0100][gc,init] Heap Max Capacity: 1G
[2026-02-11T18:40:03.469+0100][gc,init] Pre-touch: Disabled
[2026-02-11T18:40:03.469+0100][gc,init] Parallel Workers: 2
[2026-02-11T18:40:03.469+0100][gc,init] Concurrent Workers: 1
[2026-02-11T18:40:03.469+0100][gc,init] Concurrent Refinement Workers: 2
[2026-02-11T18:40:03.469+0100][gc,init] Periodic GC: Disabled
[2026-02-11T18:40:03.509+0100][gc,metaspace] CDS archive(s) mapped at: [0x00007b3353000000-0x00007b3353bca000-0x00007b3353bca000), size 12361728, SharedBaseAddress: 0x00007b3353000000, ArchiveRelocationMode: 1.
[2026-02-11T18:40:03.509+0100][gc,metaspace] Compressed class space mapped at: 0x00007b3354000000-0x00007b3394000000, reserved size: 1073741824
[2026-02-11T18:40:03.509+0100][gc,metaspace] Narrow klass base: 0x00007b3353000000, Narrow klass shift: 0, Narrow klass range: 0x100000000
[2026-02-11T18:40:05.811+0100][gc,start    ] GC(0) Pause Young (Normal) (G1 Evacuation Pause)
[2026-02-11T18:40:05.813+0100][gc,task     ] GC(0) Using 2 workers of 2 for evacuation
[2026-02-11T18:40:05.831+0100][gc,phases   ] GC(0)   Pre Evacuate Collection Set: 1.09ms
[2026-02-11T18:40:05.831+0100][gc,phases   ] GC(0)   Merge Heap Roots: 1.48ms
[2026-02-11T18:40:05.831+0100][gc,phases   ] GC(0)   Evacuate Collection Set: 12.96ms
[2026-02-11T18:40:05.831+0100][gc,phases   ] GC(0)   Post Evacuate Collection Set: 2.21ms
[2026-02-11T18:40:05.831+0100][gc,phases   ] GC(0)   Other: 2.17ms
[2026-02-11T18:40:05.831+0100][gc,heap     ] GC(0) Eden regions: 51->0(44)
[2026-02-11T18:40:05.832+0100][gc,heap     ] GC(0) Survivor regions: 0->7(7)
[2026-02-11T18:40:05.832+0100][gc,heap     ] GC(0) Old regions: 0->2
[2026-02-11T18:40:05.832+0100][gc,heap     ] GC(0) Archive regions: 2->2
[2026-02-11T18:40:05.832+0100][gc,heap     ] GC(0) Humongous regions: 0->0
[2026-02-11T18:40:05.832+0100][gc,metaspace] GC(0) Metaspace: 17826K(18048K)->17826K(18048K) NonClass: 15829K(15936K)->15829K(15936K) Class: 1996K(2112K)->1996K(2112K)
[2026-02-11T18:40:05.832+0100][gc          ] GC(0) Pause Young (Normal) (G1 Evacuation Pause) 51M->9M(1024M) 20.034ms
[2026-02-11T18:40:05.832+0100][gc,cpu      ] GC(0) User=0.01s Sys=0.02s Real=0.02s
[2026-02-11T18:40:06.081+0100][gc,start    ] GC(1) Pause Young (Concurrent Start) (Metadata GC Threshold)
[2026-02-11T18:40:06.081+0100][gc,task     ] GC(1) Using 2 workers of 2 for evacuation
[2026-02-11T18:40:06.100+0100][gc,phases   ] GC(1)   Pre Evacuate Collection Set: 1.25ms
[2026-02-11T18:40:06.100+0100][gc,phases   ] GC(1)   Merge Heap Roots: 1.03ms
[2026-02-11T18:40:06.100+0100][gc,phases   ] GC(1)   Evacuate Collection Set: 12.78ms
[2026-02-11T18:40:06.100+0100][gc,phases   ] GC(1)   Post Evacuate Collection Set: 2.01ms
[2026-02-11T18:40:06.100+0100][gc,phases   ] GC(1)   Other: 1.23ms
[2026-02-11T18:40:06.100+0100][gc,heap     ] GC(1) Eden regions: 12->0(50)
[2026-02-11T18:40:06.100+0100][gc,heap     ] GC(1) Survivor regions: 7->1(7)
[2026-02-11T18:40:06.100+0100][gc,heap     ] GC(1) Old regions: 2->9
[2026-02-11T18:40:06.100+0100][gc,heap     ] GC(1) Archive regions: 2->2
[2026-02-11T18:40:06.100+0100][gc,heap     ] GC(1) Humongous regions: 0->0
[2026-02-11T18:40:06.100+0100][gc,metaspace] GC(1) Metaspace: 21326K(21504K)->21326K(21504K) NonClass: 19017K(19136K)->19017K(19136K) Class: 2308K(2368K)->2308K(2368K)
[2026-02-11T18:40:06.100+0100][gc          ] GC(1) Pause Young (Concurrent Start) (Metadata GC Threshold) 21M->10M(1024M) 18.380ms
[2026-02-11T18:40:06.100+0100][gc,cpu      ] GC(1) User=0.01s Sys=0.00s Real=0.02s
[2026-02-11T18:40:06.100+0100][gc          ] GC(2) Concurrent Mark Cycle
[2026-02-11T18:40:06.100+0100][gc,marking  ] GC(2) Concurrent Clear Claimed Marks
[2026-02-11T18:40:06.100+0100][gc,marking  ] GC(2) Concurrent Clear Claimed Marks 0.018ms
[2026-02-11T18:40:06.100+0100][gc,marking  ] GC(2) Concurrent Scan Root Regions
[2026-02-11T18:40:06.106+0100][gc,marking  ] GC(2) Concurrent Scan Root Regions 6.035ms
[2026-02-11T18:40:06.106+0100][gc,marking  ] GC(2) Concurrent Mark
[2026-02-11T18:40:06.106+0100][gc,marking  ] GC(2) Concurrent Mark From Roots
[2026-02-11T18:40:06.106+0100][gc,task     ] GC(2) Using 1 workers of 1 for marking
[2026-02-11T18:40:06.110+0100][gc,marking  ] GC(2) Concurrent Mark From Roots 3.520ms
[2026-02-11T18:40:06.110+0100][gc,marking  ] GC(2) Concurrent Preclean
[2026-02-11T18:40:06.110+0100][gc,marking  ] GC(2) Concurrent Preclean 0.019ms
[2026-02-11T18:40:06.110+0100][gc,start    ] GC(2) Pause Remark
[2026-02-11T18:40:06.114+0100][gc          ] GC(2) Pause Remark 11M->11M(1024M) 4.293ms
[2026-02-11T18:40:06.115+0100][gc,cpu      ] GC(2) User=0.01s Sys=0.00s Real=0.00s
[2026-02-11T18:40:06.115+0100][gc,marking  ] GC(2) Concurrent Mark 8.696ms
[2026-02-11T18:40:06.115+0100][gc,marking  ] GC(2) Concurrent Rebuild Remembered Sets
[2026-02-11T18:40:06.118+0100][gc,marking  ] GC(2) Concurrent Rebuild Remembered Sets 3.451ms
[2026-02-11T18:40:06.119+0100][gc,start    ] GC(2) Pause Cleanup
[2026-02-11T18:40:06.120+0100][gc          ] GC(2) Pause Cleanup 11M->11M(1024M) 1.257ms
[2026-02-11T18:40:06.120+0100][gc,cpu      ] GC(2) User=0.00s Sys=0.00s Real=0.01s
[2026-02-11T18:40:06.121+0100][gc,marking  ] GC(2) Concurrent Cleanup for Next Mark
[2026-02-11T18:40:06.217+0100][gc,marking  ] GC(2) Concurrent Cleanup for Next Mark 96.162ms
[2026-02-11T18:40:06.217+0100][gc          ] GC(2) Concurrent Mark Cycle 116.932ms
[2026-02-11T18:40:07.850+0100][gc,start    ] GC(3) Pause Young (Normal) (G1 Evacuation Pause)
[2026-02-11T18:40:07.851+0100][gc,task     ] GC(3) Using 2 workers of 2 for evacuation
[2026-02-11T18:40:07.864+0100][gc,phases   ] GC(3)   Pre Evacuate Collection Set: 0.20ms
[2026-02-11T18:40:07.864+0100][gc,phases   ] GC(3)   Merge Heap Roots: 0.04ms
[2026-02-11T18:40:07.864+0100][gc,phases   ] GC(3)   Evacuate Collection Set: 8.51ms
[2026-02-11T18:40:07.864+0100][gc,phases   ] GC(3)   Post Evacuate Collection Set: 4.82ms
[2026-02-11T18:40:07.864+0100][gc,phases   ] GC(3)   Other: 0.23ms
[2026-02-11T18:40:07.864+0100][gc,heap     ] GC(3) Eden regions: 50->0(47)
[2026-02-11T18:40:07.864+0100][gc,heap     ] GC(3) Survivor regions: 1->4(7)
[2026-02-11T18:40:07.864+0100][gc,heap     ] GC(3) Old regions: 9->9
[2026-02-11T18:40:07.864+0100][gc,heap     ] GC(3) Archive regions: 2->2
[2026-02-11T18:40:07.864+0100][gc,heap     ] GC(3) Humongous regions: 9->9
[2026-02-11T18:40:07.864+0100][gc,metaspace] GC(3) Metaspace: 31609K(31872K)->31609K(31872K) NonClass: 28036K(28160K)->28036K(28160K) Class: 3573K(3712K)->3573K(3712K)
[2026-02-11T18:40:07.865+0100][gc          ] GC(3) Pause Young (Normal) (G1 Evacuation Pause) 69M->22M(1024M) 14.031ms
[2026-02-11T18:40:07.865+0100][gc,cpu      ] GC(3) User=0.00s Sys=0.01s Real=0.01s
[2026-02-11T18:40:08.659+0100][gc,start    ] GC(4) Pause Young (Concurrent Start) (Metadata GC Threshold)
[2026-02-11T18:40:08.659+0100][gc,task     ] GC(4) Using 2 workers of 2 for evacuation
[2026-02-11T18:40:08.671+0100][gc,phases   ] GC(4)   Pre Evacuate Collection Set: 0.51ms
[2026-02-11T18:40:08.671+0100][gc,phases   ] GC(4)   Merge Heap Roots: 0.26ms
[2026-02-11T18:40:08.671+0100][gc,phases   ] GC(4)   Evacuate Collection Set: 10.09ms
[2026-02-11T18:40:08.671+0100][gc,phases   ] GC(4)   Post Evacuate Collection Set: 0.87ms
[2026-02-11T18:40:08.671+0100][gc,phases   ] GC(4)   Other: 0.42ms
[2026-02-11T18:40:08.671+0100][gc,heap     ] GC(4) Eden regions: 28->0(44)
[2026-02-11T18:40:08.671+0100][gc,heap     ] GC(4) Survivor regions: 4->7(7)
[2026-02-11T18:40:08.671+0100][gc,heap     ] GC(4) Old regions: 9->9
[2026-02-11T18:40:08.671+0100][gc,heap     ] GC(4) Archive regions: 2->2
[2026-02-11T18:40:08.671+0100][gc,heap     ] GC(4) Humongous regions: 9->9
[2026-02-11T18:40:08.671+0100][gc,metaspace] GC(4) Metaspace: 35691K(35968K)->35691K(35968K) NonClass: 31677K(31808K)->31677K(31808K) Class: 4014K(4160K)->4014K(4160K)
[2026-02-11T18:40:08.671+0100][gc          ] GC(4) Pause Young (Concurrent Start) (Metadata GC Threshold) 49M->25M(1024M) 12.287ms
[2026-02-11T18:40:08.671+0100][gc,cpu      ] GC(4) User=0.01s Sys=0.01s Real=0.02s
[2026-02-11T18:40:08.673+0100][gc          ] GC(5) Concurrent Mark Cycle
[2026-02-11T18:40:08.673+0100][gc,marking  ] GC(5) Concurrent Clear Claimed Marks
[2026-02-11T18:40:08.673+0100][gc,marking  ] GC(5) Concurrent Clear Claimed Marks 0.032ms
[2026-02-11T18:40:08.673+0100][gc,marking  ] GC(5) Concurrent Scan Root Regions
[2026-02-11T18:40:08.677+0100][gc,marking  ] GC(5) Concurrent Scan Root Regions 4.068ms
[2026-02-11T18:40:08.677+0100][gc,marking  ] GC(5) Concurrent Mark
[2026-02-11T18:40:08.677+0100][gc,marking  ] GC(5) Concurrent Mark From Roots
[2026-02-11T18:40:08.677+0100][gc,task     ] GC(5) Using 1 workers of 1 for marking
[2026-02-11T18:40:08.688+0100][gc,marking  ] GC(5) Concurrent Mark From Roots 10.517ms
[2026-02-11T18:40:08.688+0100][gc,marking  ] GC(5) Concurrent Preclean
[2026-02-11T18:40:08.688+0100][gc,marking  ] GC(5) Concurrent Preclean 0.069ms
[2026-02-11T18:40:08.689+0100][gc,start    ] GC(5) Pause Remark
[2026-02-11T18:40:08.695+0100][gc          ] GC(5) Pause Remark 27M->27M(1024M) 6.035ms
[2026-02-11T18:40:08.695+0100][gc,cpu      ] GC(5) User=0.00s Sys=0.01s Real=0.01s
[2026-02-11T18:40:08.695+0100][gc,marking  ] GC(5) Concurrent Mark 17.965ms
[2026-02-11T18:40:08.695+0100][gc,marking  ] GC(5) Concurrent Rebuild Remembered Sets
[2026-02-11T18:40:08.705+0100][gc,marking  ] GC(5) Concurrent Rebuild Remembered Sets 9.113ms
[2026-02-11T18:40:08.708+0100][gc,start    ] GC(5) Pause Cleanup
[2026-02-11T18:40:08.709+0100][gc          ] GC(5) Pause Cleanup 27M->27M(1024M) 1.531ms
[2026-02-11T18:40:08.709+0100][gc,cpu      ] GC(5) User=0.00s Sys=0.00s Real=0.01s
[2026-02-11T18:40:08.709+0100][gc,marking  ] GC(5) Concurrent Cleanup for Next Mark
[2026-02-11T18:40:08.868+0100][gc,marking  ] GC(5) Concurrent Cleanup for Next Mark 159.130ms
[2026-02-11T18:40:08.868+0100][gc          ] GC(5) Concurrent Mark Cycle 195.151ms
[2026-02-11T18:41:51.008+0100][gc,start    ] GC(6) Pause Young (Prepare Mixed) (G1 Evacuation Pause)
[2026-02-11T18:41:51.008+0100][gc,task     ] GC(6) Using 2 workers of 2 for evacuation
[2026-02-11T18:41:51.034+0100][gc,mmu      ] GC(6) MMU target violated: 21.0ms (20.0ms/21.0ms)
[2026-02-11T18:41:51.034+0100][gc,phases   ] GC(6)   Pre Evacuate Collection Set: 0.36ms
[2026-02-11T18:41:51.034+0100][gc,phases   ] GC(6)   Merge Heap Roots: 0.08ms
[2026-02-11T18:41:51.034+0100][gc,phases   ] GC(6)   Evacuate Collection Set: 20.69ms
[2026-02-11T18:41:51.034+0100][gc,phases   ] GC(6)   Post Evacuate Collection Set: 4.06ms
[2026-02-11T18:41:51.034+0100][gc,phases   ] GC(6)   Other: 0.29ms
[2026-02-11T18:41:51.034+0100][gc,heap     ] GC(6) Eden regions: 44->0(44)
[2026-02-11T18:41:51.034+0100][gc,heap     ] GC(6) Survivor regions: 7->7(7)
[2026-02-11T18:41:51.034+0100][gc,heap     ] GC(6) Old regions: 9->12
[2026-02-11T18:41:51.034+0100][gc,heap     ] GC(6) Archive regions: 2->2
[2026-02-11T18:41:51.034+0100][gc,heap     ] GC(6) Humongous regions: 138->138
[2026-02-11T18:41:51.034+0100][gc,metaspace] GC(6) Metaspace: 40622K(41088K)->40622K(41088K) NonClass: 36000K(36288K)->36000K(36288K) Class: 4621K(4800K)->4621K(4800K)
[2026-02-11T18:41:51.034+0100][gc          ] GC(6) Pause Young (Prepare Mixed) (G1 Evacuation Pause) 198M->157M(1024M) 25.496ms
[2026-02-11T18:41:51.034+0100][gc,cpu      ] GC(6) User=0.03s Sys=0.02s Real=0.03s
[2026-02-11T18:46:48.146+0100][gc,start    ] GC(7) Pause Young (Mixed) (G1 Evacuation Pause)
[2026-02-11T18:46:48.146+0100][gc,task     ] GC(7) Using 2 workers of 2 for evacuation
[2026-02-11T18:46:48.197+0100][gc,mmu      ] GC(7) MMU target violated: 21.0ms (20.0ms/21.0ms)
[2026-02-11T18:46:48.197+0100][gc,phases   ] GC(7)   Pre Evacuate Collection Set: 2.71ms
[2026-02-11T18:46:48.197+0100][gc,phases   ] GC(7)   Merge Heap Roots: 1.42ms
[2026-02-11T18:46:48.197+0100][gc,phases   ] GC(7)   Evacuate Collection Set: 42.94ms
[2026-02-11T18:46:48.197+0100][gc,phases   ] GC(7)   Post Evacuate Collection Set: 3.85ms
[2026-02-11T18:46:48.197+0100][gc,phases   ] GC(7)   Other: 0.69ms
[2026-02-11T18:46:48.197+0100][gc,heap     ] GC(7) Eden regions: 44->0(45)
[2026-02-11T18:46:48.197+0100][gc,heap     ] GC(7) Survivor regions: 7->6(7)
[2026-02-11T18:46:48.197+0100][gc,heap     ] GC(7) Old regions: 12->16
[2026-02-11T18:46:48.197+0100][gc,heap     ] GC(7) Archive regions: 2->2
[2026-02-11T18:46:48.197+0100][gc,heap     ] GC(7) Humongous regions: 138->138
[2026-02-11T18:46:48.198+0100][gc,metaspace] GC(7) Metaspace: 43383K(43904K)->43383K(43904K) NonClass: 38511K(38784K)->38511K(38784K) Class: 4871K(5120K)->4871K(5120K)
[2026-02-11T18:46:48.198+0100][gc          ] GC(7) Pause Young (Mixed) (G1 Evacuation Pause) 201M->159M(1024M) 51.531ms
[2026-02-11T18:46:48.198+0100][gc,cpu      ] GC(7) User=0.04s Sys=0.05s Real=0.05s
[2026-02-11T18:50:31.789+0100][gc,start    ] GC(8) Pause Young (Normal) (G1 Evacuation Pause)
[2026-02-11T18:50:31.789+0100][gc,task     ] GC(8) Using 2 workers of 2 for evacuation
[2026-02-11T18:50:31.803+0100][gc,phases   ] GC(8)   Pre Evacuate Collection Set: 0.93ms
[2026-02-11T18:50:31.803+0100][gc,phases   ] GC(8)   Merge Heap Roots: 0.14ms
[2026-02-11T18:50:31.803+0100][gc,phases   ] GC(8)   Evacuate Collection Set: 11.05ms
[2026-02-11T18:50:31.803+0100][gc,phases   ] GC(8)   Post Evacuate Collection Set: 2.09ms
[2026-02-11T18:50:31.803+0100][gc,phases   ] GC(8)   Other: 0.23ms
[2026-02-11T18:50:31.803+0100][gc,heap     ] GC(8) Eden regions: 45->0(47)
[2026-02-11T18:50:31.803+0100][gc,heap     ] GC(8) Survivor regions: 6->4(7)
[2026-02-11T18:50:31.803+0100][gc,heap     ] GC(8) Old regions: 16->19
[2026-02-11T18:50:31.803+0100][gc,heap     ] GC(8) Archive regions: 2->2
[2026-02-11T18:50:31.803+0100][gc,heap     ] GC(8) Humongous regions: 138->138
[2026-02-11T18:50:31.803+0100][gc,metaspace] GC(8) Metaspace: 44179K(44736K)->44179K(44736K) NonClass: 39187K(39488K)->39187K(39488K) Class: 4992K(5248K)->4992K(5248K)
[2026-02-11T18:50:31.803+0100][gc          ] GC(8) Pause Young (Normal) (G1 Evacuation Pause) 204M->161M(1024M) 14.497ms
[2026-02-11T18:50:31.803+0100][gc,cpu      ] GC(8) User=0.01s Sys=0.01s Real=0.02s
[2026-02-11T18:57:09.914+0100][gc,start    ] GC(9) Pause Young (Normal) (G1 Evacuation Pause)
[2026-02-11T18:57:09.914+0100][gc,task     ] GC(9) Using 2 workers of 2 for evacuation
[2026-02-11T18:57:09.931+0100][gc,phases   ] GC(9)   Pre Evacuate Collection Set: 0.81ms
[2026-02-11T18:57:09.931+0100][gc,phases   ] GC(9)   Merge Heap Roots: 0.92ms
[2026-02-11T18:57:09.931+0100][gc,phases   ] GC(9)   Evacuate Collection Set: 11.10ms
[2026-02-11T18:57:09.931+0100][gc,phases   ] GC(9)   Post Evacuate Collection Set: 3.48ms
[2026-02-11T18:57:09.931+0100][gc,phases   ] GC(9)   Other: 0.52ms
[2026-02-11T18:57:09.931+0100][gc,heap     ] GC(9) Eden regions: 47->0(46)
[2026-02-11T18:57:09.931+0100][gc,heap     ] GC(9) Survivor regions: 4->5(7)
[2026-02-11T18:57:09.931+0100][gc,heap     ] GC(9) Old regions: 19->19
[2026-02-11T18:57:09.931+0100][gc,heap     ] GC(9) Archive regions: 2->2
[2026-02-11T18:57:09.931+0100][gc,heap     ] GC(9) Humongous regions: 138->138
[2026-02-11T18:57:09.931+0100][gc,metaspace] GC(9) Metaspace: 44299K(44864K)->44299K(44864K) NonClass: 39306K(39616K)->39306K(39616K) Class: 4993K(5248K)->4993K(5248K)
[2026-02-11T18:57:09.931+0100][gc          ] GC(9) Pause Young (Normal) (G1 Evacuation Pause) 208M->161M(1024M) 17.016ms
[2026-02-11T18:57:09.931+0100][gc,cpu      ] GC(9) User=0.01s Sys=0.01s Real=0.02s
[2026-02-11T19:03:48.542+0100][gc,start    ] GC(10) Pause Young (Normal) (G1 Evacuation Pause)
[2026-02-11T19:03:48.542+0100][gc,task     ] GC(10) Using 2 workers of 2 for evacuation
[2026-02-11T19:03:48.557+0100][gc,phases   ] GC(10)   Pre Evacuate Collection Set: 0.66ms
[2026-02-11T19:03:48.558+0100][gc,phases   ] GC(10)   Merge Heap Roots: 0.68ms
[2026-02-11T19:03:48.558+0100][gc,phases   ] GC(10)   Evacuate Collection Set: 9.06ms
[2026-02-11T19:03:48.558+0100][gc,phases   ] GC(10)   Post Evacuate Collection Set: 4.99ms
[2026-02-11T19:03:48.558+0100][gc,phases   ] GC(10)   Other: 0.37ms
[2026-02-11T19:03:48.558+0100][gc,heap     ] GC(10) Eden regions: 46->0(47)
[2026-02-11T19:03:48.558+0100][gc,heap     ] GC(10) Survivor regions: 5->4(7)
[2026-02-11T19:03:48.558+0100][gc,heap     ] GC(10) Old regions: 19->20
[2026-02-11T19:03:48.558+0100][gc,heap     ] GC(10) Archive regions: 2->2
[2026-02-11T19:03:48.558+0100][gc,heap     ] GC(10) Humongous regions: 138->138
[2026-02-11T19:03:48.558+0100][gc,metaspace] GC(10) Metaspace: 44383K(44992K)->44383K(44992K) NonClass: 39389K(39744K)->39389K(39744K) Class: 4994K(5248K)->4994K(5248K)
[2026-02-11T19:03:48.558+0100][gc          ] GC(10) Pause Young (Normal) (G1 Evacuation Pause) 207M->161M(1024M) 16.089ms
[2026-02-11T19:03:48.558+0100][gc,cpu      ] GC(10) User=0.01s Sys=0.01s Real=0.01s
[2026-02-11T19:11:49.990+0100][gc,start    ] GC(11) Pause Young (Normal) (G1 Evacuation Pause)
[2026-02-11T19:11:49.991+0100][gc,task     ] GC(11) Using 2 workers of 2 for evacuation
[2026-02-11T19:11:50.008+0100][gc,phases   ] GC(11)   Pre Evacuate Collection Set: 1.21ms
[2026-02-11T19:11:50.008+0100][gc,phases   ] GC(11)   Merge Heap Roots: 0.56ms
[2026-02-11T19:11:50.008+0100][gc,phases   ] GC(11)   Evacuate Collection Set: 12.71ms
[2026-02-11T19:11:50.008+0100][gc,phases   ] GC(11)   Post Evacuate Collection Set: 2.58ms
[2026-02-11T19:11:50.008+0100][gc,phases   ] GC(11)   Other: 0.35ms
[2026-02-11T19:11:50.008+0100][gc,heap     ] GC(11) Eden regions: 47->0(46)
[2026-02-11T19:11:50.008+0100][gc,heap     ] GC(11) Survivor regions: 4->5(7)
[2026-02-11T19:11:50.008+0100][gc,heap     ] GC(11) Old regions: 20->20
[2026-02-11T19:11:50.008+0100][gc,heap     ] GC(11) Archive regions: 2->2
[2026-02-11T19:11:50.008+0100][gc,heap     ] GC(11) Humongous regions: 138->138
[2026-02-11T19:11:50.008+0100][gc,metaspace] GC(11) Metaspace: 44451K(44992K)->44451K(44992K) NonClass: 39445K(39744K)->39445K(39744K) Class: 5005K(5248K)->5005K(5248K)
[2026-02-11T19:11:50.008+0100][gc          ] GC(11) Pause Young (Normal) (G1 Evacuation Pause) 208M->163M(1024M) 17.505ms
[2026-02-11T19:11:50.008+0100][gc,cpu      ] GC(11) User=0.01s Sys=0.02s Real=0.01s
