[2026-02-10T17:42:40.976+0100][gc] Using G1
[2026-02-10T17:42:40.988+0100][gc,init] Version: 17.0.18+8-Ubuntu-124.04.1 (release)
[2026-02-10T17:42:40.989+0100][gc,init] CPUs: 2 total, 2 available
[2026-02-10T17:42:40.989+0100][gc,init] Memory: 3914M
[2026-02-10T17:42:40.989+0100][gc,init] Large Page Support: Disabled
[2026-02-10T17:42:40.989+0100][gc,init] NUMA Support: Disabled
[2026-02-10T17:42:40.989+0100][gc,init] Compressed Oops: Enabled (32-bit)
[2026-02-10T17:42:40.989+0100][gc,init] Heap Region Size: 1M
[2026-02-10T17:42:40.989+0100][gc,init] Heap Min Capacity: 1G
[2026-02-10T17:42:40.989+0100][gc,init] Heap Initial Capacity: 1G
[2026-02-10T17:42:40.989+0100][gc,init] Heap Max Capacity: 1G
[2026-02-10T17:42:40.989+0100][gc,init] Pre-touch: Disabled
[2026-02-10T17:42:40.989+0100][gc,init] Parallel Workers: 2
[2026-02-10T17:42:40.989+0100][gc,init] Concurrent Workers: 1
[2026-02-10T17:42:40.989+0100][gc,init] Concurrent Refinement Workers: 2
[2026-02-10T17:42:40.989+0100][gc,init] Periodic GC: Disabled
[2026-02-10T17:42:40.996+0100][gc,metaspace] CDS archive(s) mapped at: [0x0000730623000000-0x0000730623bca000-0x0000730623bca000), size 12361728, SharedBaseAddress: 0x0000730623000000, ArchiveRelocationMode: 1.
[2026-02-10T17:42:40.996+0100][gc,metaspace] Compressed class space mapped at: 0x0000730624000000-0x0000730664000000, reserved size: 1073741824
[2026-02-10T17:42:40.996+0100][gc,metaspace] Narrow klass base: 0x0000730623000000, Narrow klass shift: 0, Narrow klass range: 0x100000000
[2026-02-10T17:42:42.681+0100][gc,start    ] GC(0) Pause Young (Normal) (G1 Evacuation Pause)
[2026-02-10T17:42:42.682+0100][gc,task     ] GC(0) Using 2 workers of 2 for evacuation
[2026-02-10T17:42:42.694+0100][gc,phases   ] GC(0)   Pre Evacuate Collection Set: 0.45ms
[2026-02-10T17:42:42.694+0100][gc,phases   ] GC(0)   Merge Heap Roots: 0.39ms
[2026-02-10T17:42:42.694+0100][gc,phases   ] GC(0)   Evacuate Collection Set: 10.09ms
[2026-02-10T17:42:42.694+0100][gc,phases   ] GC(0)   Post Evacuate Collection Set: 1.23ms
[2026-02-10T17:42:42.694+0100][gc,phases   ] GC(0)   Other: 0.85ms
[2026-02-10T17:42:42.694+0100][gc,heap     ] GC(0) Eden regions: 51->0(44)
[2026-02-10T17:42:42.694+0100][gc,heap     ] GC(0) Survivor regions: 0->7(7)
[2026-02-10T17:42:42.694+0100][gc,heap     ] GC(0) Old regions: 0->2
[2026-02-10T17:42:42.694+0100][gc,heap     ] GC(0) Archive regions: 2->2
[2026-02-10T17:42:42.694+0100][gc,heap     ] GC(0) Humongous regions: 0->0
[2026-02-10T17:42:42.694+0100][gc,metaspace] GC(0) Metaspace: 17672K(17856K)->17672K(17856K) NonClass: 15688K(15808K)->15688K(15808K) Class: 1983K(2048K)->1983K(2048K)
[2026-02-10T17:42:42.694+0100][gc          ] GC(0) Pause Young (Normal) (G1 Evacuation Pause) 51M->9M(1024M) 13.098ms
[2026-02-10T17:42:42.695+0100][gc,cpu      ] GC(0) User=0.01s Sys=0.01s Real=0.01s
[2026-02-10T17:42:42.863+0100][gc,start    ] GC(1) Pause Young (Concurrent Start) (Metadata GC Threshold)
[2026-02-10T17:42:42.864+0100][gc,task     ] GC(1) Using 2 workers of 2 for evacuation
[2026-02-10T17:42:42.878+0100][gc,phases   ] GC(1)   Pre Evacuate Collection Set: 0.53ms
[2026-02-10T17:42:42.878+0100][gc,phases   ] GC(1)   Merge Heap Roots: 0.10ms
[2026-02-10T17:42:42.878+0100][gc,phases   ] GC(1)   Evacuate Collection Set: 11.35ms
[2026-02-10T17:42:42.878+0100][gc,phases   ] GC(1)   Post Evacuate Collection Set: 1.81ms
[2026-02-10T17:42:42.878+0100][gc,phases   ] GC(1)   Other: 0.28ms
[2026-02-10T17:42:42.878+0100][gc,heap     ] GC(1) Eden regions: 13->0(50)
[2026-02-10T17:42:42.878+0100][gc,heap     ] GC(1) Survivor regions: 7->1(7)
[2026-02-10T17:42:42.878+0100][gc,heap     ] GC(1) Old regions: 2->9
[2026-02-10T17:42:42.878+0100][gc,heap     ] GC(1) Archive regions: 2->2
[2026-02-10T17:42:42.878+0100][gc,heap     ] GC(1) Humongous regions: 0->0
[2026-02-10T17:42:42.878+0100][gc,metaspace] GC(1) Metaspace: 21340K(21504K)->21340K(21504K) NonClass: 19032K(19136K)->19032K(19136K) Class: 2308K(2368K)->2308K(2368K)
[2026-02-10T17:42:42.878+0100][gc          ] GC(1) Pause Young (Concurrent Start) (Metadata GC Threshold) 21M->10M(1024M) 14.160ms
[2026-02-10T17:42:42.878+0100][gc,cpu      ] GC(1) User=0.01s Sys=0.02s Real=0.01s
[2026-02-10T17:42:42.878+0100][gc          ] GC(2) Concurrent Mark Cycle
[2026-02-10T17:42:42.878+0100][gc,marking  ] GC(2) Concurrent Clear Claimed Marks
[2026-02-10T17:42:42.878+0100][gc,marking  ] GC(2) Concurrent Clear Claimed Marks 0.020ms
[2026-02-10T17:42:42.878+0100][gc,marking  ] GC(2) Concurrent Scan Root Regions
[2026-02-10T17:42:42.883+0100][gc,marking  ] GC(2) Concurrent Scan Root Regions 4.874ms
[2026-02-10T17:42:42.883+0100][gc,marking  ] GC(2) Concurrent Mark
[2026-02-10T17:42:42.883+0100][gc,marking  ] GC(2) Concurrent Mark From Roots
[2026-02-10T17:42:42.883+0100][gc,task     ] GC(2) Using 1 workers of 1 for marking
[2026-02-10T17:42:42.893+0100][gc,marking  ] GC(2) Concurrent Mark From Roots 10.603ms
[2026-02-10T17:42:42.894+0100][gc,marking  ] GC(2) Concurrent Preclean
[2026-02-10T17:42:42.894+0100][gc,marking  ] GC(2) Concurrent Preclean 0.028ms
[2026-02-10T17:42:42.895+0100][gc,start    ] GC(2) Pause Remark
[2026-02-10T17:42:42.897+0100][gc          ] GC(2) Pause Remark 11M->11M(1024M) 2.936ms
[2026-02-10T17:42:42.898+0100][gc,cpu      ] GC(2) User=0.00s Sys=0.00s Real=0.00s
[2026-02-10T17:42:42.899+0100][gc,marking  ] GC(2) Concurrent Mark 16.047ms
[2026-02-10T17:42:42.899+0100][gc,marking  ] GC(2) Concurrent Rebuild Remembered Sets
[2026-02-10T17:42:42.903+0100][gc,marking  ] GC(2) Concurrent Rebuild Remembered Sets 3.934ms
[2026-02-10T17:42:42.904+0100][gc,start    ] GC(2) Pause Cleanup
[2026-02-10T17:42:42.904+0100][gc          ] GC(2) Pause Cleanup 11M->11M(1024M) 0.256ms
[2026-02-10T17:42:42.904+0100][gc,cpu      ] GC(2) User=0.00s Sys=0.00s Real=0.00s
[2026-02-10T17:42:42.904+0100][gc,marking  ] GC(2) Concurrent Cleanup for Next Mark
[2026-02-10T17:42:42.924+0100][gc,marking  ] GC(2) Concurrent Cleanup for Next Mark 19.362ms
[2026-02-10T17:42:42.924+0100][gc          ] GC(2) Concurrent Mark Cycle 45.910ms
[2026-02-10T17:42:44.263+0100][gc,start    ] GC(3) Pause Young (Normal) (G1 Evacuation Pause)
[2026-02-10T17:42:44.263+0100][gc,task     ] GC(3) Using 2 workers of 2 for evacuation
[2026-02-10T17:42:44.288+0100][gc,mmu      ] GC(3) MMU target violated: 21.0ms (20.0ms/21.0ms)
[2026-02-10T17:42:44.288+0100][gc,phases   ] GC(3)   Pre Evacuate Collection Set: 0.31ms
[2026-02-10T17:42:44.288+0100][gc,phases   ] GC(3)   Merge Heap Roots: 0.07ms
[2026-02-10T17:42:44.288+0100][gc,phases   ] GC(3)   Evacuate Collection Set: 23.47ms
[2026-02-10T17:42:44.288+0100][gc,phases   ] GC(3)   Post Evacuate Collection Set: 1.10ms
[2026-02-10T17:42:44.288+0100][gc,phases   ] GC(3)   Other: 0.28ms
[2026-02-10T17:42:44.288+0100][gc,heap     ] GC(3) Eden regions: 50->0(47)
[2026-02-10T17:42:44.288+0100][gc,heap     ] GC(3) Survivor regions: 1->4(7)
[2026-02-10T17:42:44.288+0100][gc,heap     ] GC(3) Old regions: 9->9
[2026-02-10T17:42:44.288+0100][gc,heap     ] GC(3) Archive regions: 2->2
[2026-02-10T17:42:44.288+0100][gc,heap     ] GC(3) Humongous regions: 9->9
[2026-02-10T17:42:44.288+0100][gc,metaspace] GC(3) Metaspace: 31641K(31936K)->31641K(31936K) NonClass: 28069K(28224K)->28069K(28224K) Class: 3572K(3712K)->3572K(3712K)
[2026-02-10T17:42:44.288+0100][gc          ] GC(3) Pause Young (Normal) (G1 Evacuation Pause) 69M->22M(1024M) 25.243ms
[2026-02-10T17:42:44.288+0100][gc,cpu      ] GC(3) User=0.01s Sys=0.02s Real=0.02s
[2026-02-10T17:42:44.882+0100][gc,start    ] GC(4) Pause Young (Concurrent Start) (Metadata GC Threshold)
[2026-02-10T17:42:44.882+0100][gc,task     ] GC(4) Using 2 workers of 2 for evacuation
[2026-02-10T17:42:44.896+0100][gc,phases   ] GC(4)   Pre Evacuate Collection Set: 0.44ms
[2026-02-10T17:42:44.896+0100][gc,phases   ] GC(4)   Merge Heap Roots: 0.05ms
[2026-02-10T17:42:44.896+0100][gc,phases   ] GC(4)   Evacuate Collection Set: 11.31ms
[2026-02-10T17:42:44.896+0100][gc,phases   ] GC(4)   Post Evacuate Collection Set: 1.82ms
[2026-02-10T17:42:44.896+0100][gc,phases   ] GC(4)   Other: 0.47ms
[2026-02-10T17:42:44.896+0100][gc,heap     ] GC(4) Eden regions: 28->0(44)
[2026-02-10T17:42:44.896+0100][gc,heap     ] GC(4) Survivor regions: 4->7(7)
[2026-02-10T17:42:44.896+0100][gc,heap     ] GC(4) Old regions: 9->9
[2026-02-10T17:42:44.896+0100][gc,heap     ] GC(4) Archive regions: 2->2
[2026-02-10T17:42:44.896+0100][gc,heap     ] GC(4) Humongous regions: 9->9
[2026-02-10T17:42:44.896+0100][gc,metaspace] GC(4) Metaspace: 35827K(36096K)->35827K(36096K) NonClass: 31816K(31936K)->31816K(31936K) Class: 4011K(4160K)->4011K(4160K)
[2026-02-10T17:42:44.896+0100][gc          ] GC(4) Pause Young (Concurrent Start) (Metadata GC Threshold) 49M->25M(1024M) 14.159ms
[2026-02-10T17:42:44.896+0100][gc,cpu      ] GC(4) User=0.01s Sys=0.01s Real=0.01s
[2026-02-10T17:42:44.896+0100][gc          ] GC(5) Concurrent Mark Cycle
[2026-02-10T17:42:44.896+0100][gc,marking  ] GC(5) Concurrent Clear Claimed Marks
[2026-02-10T17:42:44.896+0100][gc,marking  ] GC(5) Concurrent Clear Claimed Marks 0.040ms
[2026-02-10T17:42:44.896+0100][gc,marking  ] GC(5) Concurrent Scan Root Regions
[2026-02-10T17:42:44.905+0100][gc,marking  ] GC(5) Concurrent Scan Root Regions 8.430ms
[2026-02-10T17:42:44.905+0100][gc,marking  ] GC(5) Concurrent Mark
[2026-02-10T17:42:44.905+0100][gc,marking  ] GC(5) Concurrent Mark From Roots
[2026-02-10T17:42:44.905+0100][gc,task     ] GC(5) Using 1 workers of 1 for marking
[2026-02-10T17:42:44.914+0100][gc,marking  ] GC(5) Concurrent Mark From Roots 8.941ms
[2026-02-10T17:42:44.914+0100][gc,marking  ] GC(5) Concurrent Preclean
[2026-02-10T17:42:44.914+0100][gc,marking  ] GC(5) Concurrent Preclean 0.061ms
[2026-02-10T17:42:44.915+0100][gc,start    ] GC(5) Pause Remark
[2026-02-10T17:42:44.918+0100][gc          ] GC(5) Pause Remark 26M->26M(1024M) 3.104ms
[2026-02-10T17:42:44.918+0100][gc,cpu      ] GC(5) User=0.00s Sys=0.01s Real=0.01s
[2026-02-10T17:42:44.918+0100][gc,marking  ] GC(5) Concurrent Mark 13.348ms
[2026-02-10T17:42:44.918+0100][gc,marking  ] GC(5) Concurrent Rebuild Remembered Sets
[2026-02-10T17:42:44.924+0100][gc,marking  ] GC(5) Concurrent Rebuild Remembered Sets 5.536ms
[2026-02-10T17:42:44.924+0100][gc,start    ] GC(5) Pause Cleanup
[2026-02-10T17:42:44.925+0100][gc          ] GC(5) Pause Cleanup 27M->27M(1024M) 0.238ms
[2026-02-10T17:42:44.925+0100][gc,cpu      ] GC(5) User=0.00s Sys=0.00s Real=0.00s
[2026-02-10T17:42:44.927+0100][gc,marking  ] GC(5) Concurrent Cleanup for Next Mark
[2026-02-10T17:42:44.946+0100][gc,marking  ] GC(5) Concurrent Cleanup for Next Mark 18.387ms
[2026-02-10T17:42:44.946+0100][gc          ] GC(5) Concurrent Mark Cycle 49.438ms
[2026-02-10T17:43:49.842+0100][gc,start    ] GC(6) Pause Young (Prepare Mixed) (G1 Evacuation Pause)
[2026-02-10T17:43:49.842+0100][gc,task     ] GC(6) Using 2 workers of 2 for evacuation
[2026-02-10T17:43:49.878+0100][gc,mmu      ] GC(6) MMU target violated: 21.0ms (20.0ms/21.0ms)
[2026-02-10T17:43:49.878+0100][gc,phases   ] GC(6)   Pre Evacuate Collection Set: 1.19ms
[2026-02-10T17:43:49.878+0100][gc,phases   ] GC(6)   Merge Heap Roots: 0.46ms
[2026-02-10T17:43:49.878+0100][gc,phases   ] GC(6)   Evacuate Collection Set: 30.23ms
[2026-02-10T17:43:49.878+0100][gc,phases   ] GC(6)   Post Evacuate Collection Set: 3.58ms
[2026-02-10T17:43:49.878+0100][gc,phases   ] GC(6)   Other: 0.39ms
[2026-02-10T17:43:49.878+0100][gc,heap     ] GC(6) Eden regions: 44->0(47)
[2026-02-10T17:43:49.878+0100][gc,heap     ] GC(6) Survivor regions: 7->4(7)
[2026-02-10T17:43:49.878+0100][gc,heap     ] GC(6) Old regions: 9->16
[2026-02-10T17:43:49.878+0100][gc,heap     ] GC(6) Archive regions: 2->2
[2026-02-10T17:43:49.878+0100][gc,heap     ] GC(6) Humongous regions: 138->138
[2026-02-10T17:43:49.878+0100][gc,metaspace] GC(6) Metaspace: 41053K(41536K)->41053K(41536K) NonClass: 36328K(36608K)->36328K(36608K) Class: 4725K(4928K)->4725K(4928K)
[2026-02-10T17:43:49.878+0100][gc          ] GC(6) Pause Young (Prepare Mixed) (G1 Evacuation Pause) 198M->157M(1024M) 35.719ms
[2026-02-10T17:43:49.878+0100][gc,cpu      ] GC(6) User=0.03s Sys=0.02s Real=0.03s
[2026-02-10T17:45:34.580+0100][gc,heap,exit] Heap
[2026-02-10T17:45:34.582+0100][gc,heap,exit]  garbage-first heap   total 1048576K, used 207773K [0x00000000c0000000, 0x0000000100000000)
[2026-02-10T17:45:34.582+0100][gc,heap,exit]   region size 1024K, 41 young (41984K), 4 survivors (4096K)
[2026-02-10T17:45:34.582+0100][gc,heap,exit]  Metaspace       used 44280K, committed 44800K, reserved 1114112K
[2026-02-10T17:45:34.582+0100][gc,heap,exit]   class space    used 5168K, committed 5376K, reserved 1048576K
