[2026-02-10T17:52:45.880+0100][gc] Using G1
[2026-02-10T17:52:45.891+0100][gc,init] Version: 17.0.18+8-Ubuntu-124.04.1 (release)
[2026-02-10T17:52:45.891+0100][gc,init] CPUs: 2 total, 2 available
[2026-02-10T17:52:45.891+0100][gc,init] Memory: 3914M
[2026-02-10T17:52:45.891+0100][gc,init] Large Page Support: Disabled
[2026-02-10T17:52:45.891+0100][gc,init] NUMA Support: Disabled
[2026-02-10T17:52:45.891+0100][gc,init] Compressed Oops: Enabled (32-bit)
[2026-02-10T17:52:45.891+0100][gc,init] Heap Region Size: 1M
[2026-02-10T17:52:45.891+0100][gc,init] Heap Min Capacity: 1G
[2026-02-10T17:52:45.891+0100][gc,init] Heap Initial Capacity: 1G
[2026-02-10T17:52:45.891+0100][gc,init] Heap Max Capacity: 1G
[2026-02-10T17:52:45.891+0100][gc,init] Pre-touch: Disabled
[2026-02-10T17:52:45.891+0100][gc,init] Parallel Workers: 2
[2026-02-10T17:52:45.891+0100][gc,init] Concurrent Workers: 1
[2026-02-10T17:52:45.891+0100][gc,init] Concurrent Refinement Workers: 2
[2026-02-10T17:52:45.891+0100][gc,init] Periodic GC: Disabled
[2026-02-10T17:52:45.899+0100][gc,metaspace] CDS archive(s) mapped at: [0x00007e6053000000-0x00007e6053bca000-0x00007e6053bca000), size 12361728, SharedBaseAddress: 0x00007e6053000000, ArchiveRelocationMode: 1.
[2026-02-10T17:52:45.900+0100][gc,metaspace] Compressed class space mapped at: 0x00007e6054000000-0x00007e6094000000, reserved size: 1073741824
[2026-02-10T17:52:45.900+0100][gc,metaspace] Narrow klass base: 0x00007e6053000000, Narrow klass shift: 0, Narrow klass range: 0x100000000
[2026-02-10T17:52:47.355+0100][gc,start    ] GC(0) Pause Young (Normal) (G1 Evacuation Pause)
[2026-02-10T17:52:47.356+0100][gc,task     ] GC(0) Using 2 workers of 2 for evacuation
[2026-02-10T17:52:47.368+0100][gc,phases   ] GC(0)   Pre Evacuate Collection Set: 0.72ms
[2026-02-10T17:52:47.368+0100][gc,phases   ] GC(0)   Merge Heap Roots: 0.09ms
[2026-02-10T17:52:47.368+0100][gc,phases   ] GC(0)   Evacuate Collection Set: 8.89ms
[2026-02-10T17:52:47.368+0100][gc,phases   ] GC(0)   Post Evacuate Collection Set: 2.18ms
[2026-02-10T17:52:47.368+0100][gc,phases   ] GC(0)   Other: 1.20ms
[2026-02-10T17:52:47.368+0100][gc,heap     ] GC(0) Eden regions: 51->0(44)
[2026-02-10T17:52:47.368+0100][gc,heap     ] GC(0) Survivor regions: 0->7(7)
[2026-02-10T17:52:47.368+0100][gc,heap     ] GC(0) Old regions: 0->2
[2026-02-10T17:52:47.368+0100][gc,heap     ] GC(0) Archive regions: 2->2
[2026-02-10T17:52:47.368+0100][gc,heap     ] GC(0) Humongous regions: 0->0
[2026-02-10T17:52:47.368+0100][gc,metaspace] GC(0) Metaspace: 17643K(17856K)->17643K(17856K) NonClass: 15659K(15808K)->15659K(15808K) Class: 1984K(2048K)->1984K(2048K)
[2026-02-10T17:52:47.368+0100][gc          ] GC(0) Pause Young (Normal) (G1 Evacuation Pause) 51M->9M(1024M) 13.180ms
[2026-02-10T17:52:47.368+0100][gc,cpu      ] GC(0) User=0.01s Sys=0.01s Real=0.02s
[2026-02-10T17:52:47.542+0100][gc,start    ] GC(1) Pause Young (Concurrent Start) (Metadata GC Threshold)
[2026-02-10T17:52:47.542+0100][gc,task     ] GC(1) Using 2 workers of 2 for evacuation
[2026-02-10T17:52:47.552+0100][gc,phases   ] GC(1)   Pre Evacuate Collection Set: 0.56ms
[2026-02-10T17:52:47.552+0100][gc,phases   ] GC(1)   Merge Heap Roots: 0.53ms
[2026-02-10T17:52:47.552+0100][gc,phases   ] GC(1)   Evacuate Collection Set: 7.97ms
[2026-02-10T17:52:47.552+0100][gc,phases   ] GC(1)   Post Evacuate Collection Set: 0.67ms
[2026-02-10T17:52:47.552+0100][gc,phases   ] GC(1)   Other: 0.20ms
[2026-02-10T17:52:47.552+0100][gc,heap     ] GC(1) Eden regions: 13->0(50)
[2026-02-10T17:52:47.552+0100][gc,heap     ] GC(1) Survivor regions: 7->1(7)
[2026-02-10T17:52:47.552+0100][gc,heap     ] GC(1) Old regions: 2->9
[2026-02-10T17:52:47.552+0100][gc,heap     ] GC(1) Archive regions: 2->2
[2026-02-10T17:52:47.552+0100][gc,heap     ] GC(1) Humongous regions: 0->0
[2026-02-10T17:52:47.552+0100][gc,metaspace] GC(1) Metaspace: 21343K(21504K)->21343K(21504K) NonClass: 19022K(19072K)->19022K(19072K) Class: 2320K(2432K)->2320K(2432K)
[2026-02-10T17:52:47.552+0100][gc          ] GC(1) Pause Young (Concurrent Start) (Metadata GC Threshold) 21M->10M(1024M) 10.151ms
[2026-02-10T17:52:47.552+0100][gc,cpu      ] GC(1) User=0.02s Sys=0.01s Real=0.01s
[2026-02-10T17:52:47.553+0100][gc          ] GC(2) Concurrent Mark Cycle
[2026-02-10T17:52:47.553+0100][gc,marking  ] GC(2) Concurrent Clear Claimed Marks
[2026-02-10T17:52:47.553+0100][gc,marking  ] GC(2) Concurrent Clear Claimed Marks 0.026ms
[2026-02-10T17:52:47.553+0100][gc,marking  ] GC(2) Concurrent Scan Root Regions
[2026-02-10T17:52:47.557+0100][gc,marking  ] GC(2) Concurrent Scan Root Regions 4.262ms
[2026-02-10T17:52:47.557+0100][gc,marking  ] GC(2) Concurrent Mark
[2026-02-10T17:52:47.557+0100][gc,marking  ] GC(2) Concurrent Mark From Roots
[2026-02-10T17:52:47.557+0100][gc,task     ] GC(2) Using 1 workers of 1 for marking
[2026-02-10T17:52:47.561+0100][gc,marking  ] GC(2) Concurrent Mark From Roots 3.093ms
[2026-02-10T17:52:47.561+0100][gc,marking  ] GC(2) Concurrent Preclean
[2026-02-10T17:52:47.561+0100][gc,marking  ] GC(2) Concurrent Preclean 0.017ms
[2026-02-10T17:52:47.562+0100][gc,start    ] GC(2) Pause Remark
[2026-02-10T17:52:47.565+0100][gc          ] GC(2) Pause Remark 10M->10M(1024M) 3.213ms
[2026-02-10T17:52:47.565+0100][gc,cpu      ] GC(2) User=0.00s Sys=0.00s Real=0.00s
[2026-02-10T17:52:47.565+0100][gc,marking  ] GC(2) Concurrent Mark 7.964ms
[2026-02-10T17:52:47.565+0100][gc,marking  ] GC(2) Concurrent Rebuild Remembered Sets
[2026-02-10T17:52:47.571+0100][gc,marking  ] GC(2) Concurrent Rebuild Remembered Sets 5.591ms
[2026-02-10T17:52:47.573+0100][gc,start    ] GC(2) Pause Cleanup
[2026-02-10T17:52:47.573+0100][gc          ] GC(2) Pause Cleanup 10M->10M(1024M) 0.349ms
[2026-02-10T17:52:47.573+0100][gc,cpu      ] GC(2) User=0.00s Sys=0.00s Real=0.00s
[2026-02-10T17:52:47.574+0100][gc,marking  ] GC(2) Concurrent Cleanup for Next Mark
[2026-02-10T17:52:47.585+0100][gc,marking  ] GC(2) Concurrent Cleanup for Next Mark 10.760ms
[2026-02-10T17:52:47.587+0100][gc          ] GC(2) Concurrent Mark Cycle 34.515ms
[2026-02-10T17:52:48.820+0100][gc,start    ] GC(3) Pause Young (Normal) (G1 Evacuation Pause)
[2026-02-10T17:52:48.820+0100][gc,task     ] GC(3) Using 2 workers of 2 for evacuation
[2026-02-10T17:52:48.832+0100][gc,phases   ] GC(3)   Pre Evacuate Collection Set: 0.12ms
[2026-02-10T17:52:48.832+0100][gc,phases   ] GC(3)   Merge Heap Roots: 0.19ms
[2026-02-10T17:52:48.832+0100][gc,phases   ] GC(3)   Evacuate Collection Set: 10.94ms
[2026-02-10T17:52:48.832+0100][gc,phases   ] GC(3)   Post Evacuate Collection Set: 0.75ms
[2026-02-10T17:52:48.832+0100][gc,phases   ] GC(3)   Other: 0.26ms
[2026-02-10T17:52:48.832+0100][gc,heap     ] GC(3) Eden regions: 50->0(47)
[2026-02-10T17:52:48.832+0100][gc,heap     ] GC(3) Survivor regions: 1->4(7)
[2026-02-10T17:52:48.832+0100][gc,heap     ] GC(3) Old regions: 9->9
[2026-02-10T17:52:48.832+0100][gc,heap     ] GC(3) Archive regions: 2->2
[2026-02-10T17:52:48.832+0100][gc,heap     ] GC(3) Humongous regions: 9->9
[2026-02-10T17:52:48.832+0100][gc,metaspace] GC(3) Metaspace: 31668K(31936K)->31668K(31936K) NonClass: 28073K(28224K)->28073K(28224K) Class: 3594K(3712K)->3594K(3712K)
[2026-02-10T17:52:48.832+0100][gc          ] GC(3) Pause Young (Normal) (G1 Evacuation Pause) 69M->21M(1024M) 12.327ms
[2026-02-10T17:52:48.832+0100][gc,cpu      ] GC(3) User=0.02s Sys=0.01s Real=0.01s
[2026-02-10T17:52:49.471+0100][gc,start    ] GC(4) Pause Young (Concurrent Start) (Metadata GC Threshold)
[2026-02-10T17:52:49.471+0100][gc,task     ] GC(4) Using 2 workers of 2 for evacuation
[2026-02-10T17:52:49.481+0100][gc,phases   ] GC(4)   Pre Evacuate Collection Set: 0.55ms
[2026-02-10T17:52:49.481+0100][gc,phases   ] GC(4)   Merge Heap Roots: 0.75ms
[2026-02-10T17:52:49.481+0100][gc,phases   ] GC(4)   Evacuate Collection Set: 7.74ms
[2026-02-10T17:52:49.481+0100][gc,phases   ] GC(4)   Post Evacuate Collection Set: 1.24ms
[2026-02-10T17:52:49.481+0100][gc,phases   ] GC(4)   Other: 0.52ms
[2026-02-10T17:52:49.481+0100][gc,heap     ] GC(4) Eden regions: 29->0(44)
[2026-02-10T17:52:49.481+0100][gc,heap     ] GC(4) Survivor regions: 4->7(7)
[2026-02-10T17:52:49.481+0100][gc,heap     ] GC(4) Old regions: 9->9
[2026-02-10T17:52:49.481+0100][gc,heap     ] GC(4) Archive regions: 2->2
[2026-02-10T17:52:49.481+0100][gc,heap     ] GC(4) Humongous regions: 9->9
[2026-02-10T17:52:49.481+0100][gc,metaspace] GC(4) Metaspace: 35704K(36032K)->35704K(36032K) NonClass: 31690K(31872K)->31690K(31872K) Class: 4013K(4160K)->4013K(4160K)
[2026-02-10T17:52:49.481+0100][gc          ] GC(4) Pause Young (Concurrent Start) (Metadata GC Threshold) 50M->25M(1024M) 10.877ms
[2026-02-10T17:52:49.481+0100][gc,cpu      ] GC(4) User=0.01s Sys=0.01s Real=0.01s
[2026-02-10T17:52:49.482+0100][gc          ] GC(5) Concurrent Mark Cycle
[2026-02-10T17:52:49.482+0100][gc,marking  ] GC(5) Concurrent Clear Claimed Marks
[2026-02-10T17:52:49.482+0100][gc,marking  ] GC(5) Concurrent Clear Claimed Marks 0.054ms
[2026-02-10T17:52:49.482+0100][gc,marking  ] GC(5) Concurrent Scan Root Regions
[2026-02-10T17:52:49.487+0100][gc,marking  ] GC(5) Concurrent Scan Root Regions 4.587ms
[2026-02-10T17:52:49.487+0100][gc,marking  ] GC(5) Concurrent Mark
[2026-02-10T17:52:49.487+0100][gc,marking  ] GC(5) Concurrent Mark From Roots
[2026-02-10T17:52:49.487+0100][gc,task     ] GC(5) Using 1 workers of 1 for marking
[2026-02-10T17:52:49.494+0100][gc,marking  ] GC(5) Concurrent Mark From Roots 7.367ms
[2026-02-10T17:52:49.494+0100][gc,marking  ] GC(5) Concurrent Preclean
[2026-02-10T17:52:49.494+0100][gc,marking  ] GC(5) Concurrent Preclean 0.050ms
[2026-02-10T17:52:49.498+0100][gc,start    ] GC(5) Pause Remark
[2026-02-10T17:52:49.502+0100][gc          ] GC(5) Pause Remark 26M->26M(1024M) 4.447ms
[2026-02-10T17:52:49.502+0100][gc,cpu      ] GC(5) User=0.00s Sys=0.00s Real=0.01s
[2026-02-10T17:52:49.503+0100][gc,marking  ] GC(5) Concurrent Mark 15.953ms
[2026-02-10T17:52:49.503+0100][gc,marking  ] GC(5) Concurrent Rebuild Remembered Sets
[2026-02-10T17:52:49.508+0100][gc,marking  ] GC(5) Concurrent Rebuild Remembered Sets 5.190ms
[2026-02-10T17:52:49.519+0100][gc,start    ] GC(5) Pause Cleanup
[2026-02-10T17:52:49.519+0100][gc          ] GC(5) Pause Cleanup 27M->27M(1024M) 0.758ms
[2026-02-10T17:52:49.519+0100][gc,cpu      ] GC(5) User=0.00s Sys=0.00s Real=0.00s
[2026-02-10T17:52:49.540+0100][gc,marking  ] GC(5) Concurrent Cleanup for Next Mark
[2026-02-10T17:52:49.587+0100][gc,marking  ] GC(5) Concurrent Cleanup for Next Mark 47.036ms
[2026-02-10T17:52:49.587+0100][gc          ] GC(5) Concurrent Mark Cycle 105.042ms
[2026-02-10T17:53:19.792+0100][gc,start    ] GC(6) Pause Young (Normal) (G1 Evacuation Pause)
[2026-02-10T17:53:19.792+0100][gc,task     ] GC(6) Using 2 workers of 2 for evacuation
[2026-02-10T17:53:19.825+0100][gc,mmu      ] GC(6) MMU target violated: 21.0ms (20.0ms/21.0ms)
[2026-02-10T17:53:19.825+0100][gc,phases   ] GC(6)   Pre Evacuate Collection Set: 0.22ms
[2026-02-10T17:53:19.825+0100][gc,phases   ] GC(6)   Merge Heap Roots: 0.06ms
[2026-02-10T17:53:19.825+0100][gc,phases   ] GC(6)   Evacuate Collection Set: 29.41ms
[2026-02-10T17:53:19.825+0100][gc,phases   ] GC(6)   Post Evacuate Collection Set: 2.76ms
[2026-02-10T17:53:19.825+0100][gc,phases   ] GC(6)   Other: 0.23ms
[2026-02-10T17:53:19.825+0100][gc,heap     ] GC(6) Eden regions: 44->0(47)
[2026-02-10T17:53:19.825+0100][gc,heap     ] GC(6) Survivor regions: 7->4(7)
[2026-02-10T17:53:19.825+0100][gc,heap     ] GC(6) Old regions: 9->16
[2026-02-10T17:53:19.825+0100][gc,heap     ] GC(6) Archive regions: 2->2
[2026-02-10T17:53:19.825+0100][gc,heap     ] GC(6) Humongous regions: 138->138
[2026-02-10T17:53:19.825+0100][gc,metaspace] GC(6) Metaspace: 41454K(41984K)->41454K(41984K) NonClass: 36598K(36928K)->36598K(36928K) Class: 4856K(5056K)->4856K(5056K)
[2026-02-10T17:53:19.825+0100][gc          ] GC(6) Pause Young (Normal) (G1 Evacuation Pause) 198M->157M(1024M) 32.743ms
[2026-02-10T17:53:19.825+0100][gc,cpu      ] GC(6) User=0.03s Sys=0.03s Real=0.03s
[2026-02-10T17:56:54.052+0100][gc,start    ] GC(7) Pause Young (Normal) (G1 Evacuation Pause)
[2026-02-10T17:56:54.054+0100][gc,task     ] GC(7) Using 2 workers of 2 for evacuation
[2026-02-10T17:56:54.069+0100][gc,phases   ] GC(7)   Pre Evacuate Collection Set: 1.12ms
[2026-02-10T17:56:54.069+0100][gc,phases   ] GC(7)   Merge Heap Roots: 0.13ms
[2026-02-10T17:56:54.069+0100][gc,phases   ] GC(7)   Evacuate Collection Set: 12.08ms
[2026-02-10T17:56:54.069+0100][gc,phases   ] GC(7)   Post Evacuate Collection Set: 1.95ms
[2026-02-10T17:56:54.069+0100][gc,phases   ] GC(7)   Other: 1.94ms
[2026-02-10T17:56:54.069+0100][gc,heap     ] GC(7) Eden regions: 47->0(46)
[2026-02-10T17:56:54.069+0100][gc,heap     ] GC(7) Survivor regions: 4->5(7)
[2026-02-10T17:56:54.069+0100][gc,heap     ] GC(7) Old regions: 16->16
[2026-02-10T17:56:54.069+0100][gc,heap     ] GC(7) Archive regions: 2->2
[2026-02-10T17:56:54.069+0100][gc,heap     ] GC(7) Humongous regions: 138->138
[2026-02-10T17:56:54.069+0100][gc,metaspace] GC(7) Metaspace: 43847K(44352K)->43847K(44352K) NonClass: 38864K(39168K)->38864K(39168K) Class: 4982K(5184K)->4982K(5184K)
[2026-02-10T17:56:54.069+0100][gc          ] GC(7) Pause Young (Normal) (G1 Evacuation Pause) 204M->159M(1024M) 17.360ms
[2026-02-10T17:56:54.069+0100][gc,cpu      ] GC(7) User=0.01s Sys=0.01s Real=0.02s
[2026-02-10T17:59:24.996+0100][gc,start    ] GC(8) Pause Young (Normal) (G1 Evacuation Pause)
[2026-02-10T17:59:24.996+0100][gc,task     ] GC(8) Using 2 workers of 2 for evacuation
[2026-02-10T17:59:25.018+0100][gc,mmu      ] GC(8) MMU target violated: 20.9ms (20.0ms/21.0ms)
[2026-02-10T17:59:25.018+0100][gc,phases   ] GC(8)   Pre Evacuate Collection Set: 0.95ms
[2026-02-10T17:59:25.018+0100][gc,phases   ] GC(8)   Merge Heap Roots: 0.28ms
[2026-02-10T17:59:25.018+0100][gc,phases   ] GC(8)   Evacuate Collection Set: 14.29ms
[2026-02-10T17:59:25.018+0100][gc,phases   ] GC(8)   Post Evacuate Collection Set: 5.43ms
[2026-02-10T17:59:25.018+0100][gc,phases   ] GC(8)   Other: 0.24ms
[2026-02-10T17:59:25.018+0100][gc,heap     ] GC(8) Eden regions: 46->0(48)
[2026-02-10T17:59:25.018+0100][gc,heap     ] GC(8) Survivor regions: 5->3(7)
[2026-02-10T17:59:25.018+0100][gc,heap     ] GC(8) Old regions: 16->18
[2026-02-10T17:59:25.018+0100][gc,heap     ] GC(8) Archive regions: 2->2
[2026-02-10T17:59:25.018+0100][gc,heap     ] GC(8) Humongous regions: 138->9
[2026-02-10T17:59:25.018+0100][gc,metaspace] GC(8) Metaspace: 45250K(45760K)->45250K(45760K) NonClass: 40026K(40320K)->40026K(40320K) Class: 5223K(5440K)->5223K(5440K)
[2026-02-10T17:59:25.018+0100][gc          ] GC(8) Pause Young (Normal) (G1 Evacuation Pause) 205M->30M(1024M) 21.332ms
[2026-02-10T17:59:25.018+0100][gc,cpu      ] GC(8) User=0.02s Sys=0.01s Real=0.02s
[2026-02-10T17:59:25.100+0100][gc,heap,exit] Heap
[2026-02-10T17:59:25.100+0100][gc,heap,exit]  garbage-first heap   total 1048576K, used 33105K [0x00000000c0000000, 0x0000000100000000)
[2026-02-10T17:59:25.100+0100][gc,heap,exit]   region size 1024K, 5 young (5120K), 3 survivors (3072K)
[2026-02-10T17:59:25.100+0100][gc,heap,exit]  Metaspace       used 45307K, committed 45760K, reserved 1114112K
[2026-02-10T17:59:25.100+0100][gc,heap,exit]   class space    used 5241K, committed 5440K, reserved 1048576K
